Archive member included because of file (symbol)

C:\CodeSourcery\Sourcery G++ Lite/arm-none-eabi/lib/thumb2\libc.a(lib_a-memcpy-stub.o)
                              queue.o (memcpy)
C:\CodeSourcery\Sourcery G++ Lite/arm-none-eabi/lib/thumb2\libc.a(lib_a-rand.o)
                              snake.o (rand)
C:\CodeSourcery\Sourcery G++ Lite/arm-none-eabi/lib/thumb2\libc.a(lib_a-vsprintf.o)
                              uart.o (vsprintf)
C:\CodeSourcery\Sourcery G++ Lite/arm-none-eabi/lib/thumb2\libc.a(lib_a-impure.o)
                              C:\CodeSourcery\Sourcery G++ Lite/arm-none-eabi/lib/thumb2\libc.a(lib_a-rand.o) (_impure_ptr)
C:\CodeSourcery\Sourcery G++ Lite/arm-none-eabi/lib/thumb2\libc.a(lib_a-malloc.o)
                              C:\CodeSourcery\Sourcery G++ Lite/arm-none-eabi/lib/thumb2\libc.a(lib_a-rand.o) (malloc)
C:\CodeSourcery\Sourcery G++ Lite/arm-none-eabi/lib/thumb2\libc.a(lib_a-mallocr.o)
                              C:\CodeSourcery\Sourcery G++ Lite/arm-none-eabi/lib/thumb2\libc.a(lib_a-malloc.o) (_malloc_r)
C:\CodeSourcery\Sourcery G++ Lite/arm-none-eabi/lib/thumb2\libc.a(lib_a-mlock.o)
                              C:\CodeSourcery\Sourcery G++ Lite/arm-none-eabi/lib/thumb2\libc.a(lib_a-mallocr.o) (__malloc_lock)
C:\CodeSourcery\Sourcery G++ Lite/arm-none-eabi/lib/thumb2\libc.a(lib_a-sbrkr.o)
                              C:\CodeSourcery\Sourcery G++ Lite/arm-none-eabi/lib/thumb2\libc.a(lib_a-mallocr.o) (_sbrk_r)
C:\CodeSourcery\Sourcery G++ Lite/arm-none-eabi/lib/thumb2\libc.a(lib_a-svfprintf.o)
                              C:\CodeSourcery\Sourcery G++ Lite/arm-none-eabi/lib/thumb2\libc.a(lib_a-vsprintf.o) (_svfprintf_r)
C:\CodeSourcery\Sourcery G++ Lite/arm-none-eabi/lib/thumb2\libc.a(lib_a-dtoa.o)
                              C:\CodeSourcery\Sourcery G++ Lite/arm-none-eabi/lib/thumb2\libc.a(lib_a-svfprintf.o) (_dtoa_r)
C:\CodeSourcery\Sourcery G++ Lite/arm-none-eabi/lib/thumb2\libc.a(lib_a-freer.o)
                              C:\CodeSourcery\Sourcery G++ Lite/arm-none-eabi/lib/thumb2\libc.a(lib_a-malloc.o) (_free_r)
C:\CodeSourcery\Sourcery G++ Lite/arm-none-eabi/lib/thumb2\libc.a(lib_a-locale.o)
                              C:\CodeSourcery\Sourcery G++ Lite/arm-none-eabi/lib/thumb2\libc.a(lib_a-svfprintf.o) (_localeconv_r)
C:\CodeSourcery\Sourcery G++ Lite/arm-none-eabi/lib/thumb2\libc.a(lib_a-memchr-stub.o)
                              C:\CodeSourcery\Sourcery G++ Lite/arm-none-eabi/lib/thumb2\libc.a(lib_a-svfprintf.o) (memchr)
C:\CodeSourcery\Sourcery G++ Lite/arm-none-eabi/lib/thumb2\libc.a(lib_a-mprec.o)
                              C:\CodeSourcery\Sourcery G++ Lite/arm-none-eabi/lib/thumb2\libc.a(lib_a-dtoa.o) (_Balloc)
C:\CodeSourcery\Sourcery G++ Lite/arm-none-eabi/lib/thumb2\libc.a(lib_a-reent.o)
                              C:\CodeSourcery\Sourcery G++ Lite/arm-none-eabi/lib/thumb2\libc.a(lib_a-sbrkr.o) (errno)
C:\CodeSourcery\Sourcery G++ Lite/arm-none-eabi/lib/thumb2\libc.a(lib_a-s_fpclassify.o)
                              C:\CodeSourcery\Sourcery G++ Lite/arm-none-eabi/lib/thumb2\libc.a(lib_a-svfprintf.o) (__fpclassifyd)
C:\CodeSourcery\Sourcery G++ Lite/arm-none-eabi/lib/thumb2\libc.a(lib_a-strcmp.o)
                              C:\CodeSourcery\Sourcery G++ Lite/arm-none-eabi/lib/thumb2\libc.a(lib_a-locale.o) (strcmp)
C:\CodeSourcery\Sourcery G++ Lite/arm-none-eabi/lib/thumb2\libc.a(lib_a-strlen.o)
                              C:\CodeSourcery\Sourcery G++ Lite/arm-none-eabi/lib/thumb2\libc.a(lib_a-svfprintf.o) (strlen)
C:\CodeSourcery\Sourcery G++ Lite/arm-none-eabi/lib/thumb2\libc.a(lib_a-svfiprintf.o)
                              C:\CodeSourcery\Sourcery G++ Lite/arm-none-eabi/lib/thumb2\libc.a(lib_a-svfprintf.o) (__ssprint_r)
C:\CodeSourcery\Sourcery G++ Lite/arm-none-eabi/lib/thumb2\libc.a(lib_a-callocr.o)
                              C:\CodeSourcery\Sourcery G++ Lite/arm-none-eabi/lib/thumb2\libc.a(lib_a-mprec.o) (_calloc_r)
C:\CodeSourcery\Sourcery G++ Lite/arm-none-eabi/lib/thumb2\libc.a(lib_a-memmove.o)
                              C:\CodeSourcery\Sourcery G++ Lite/arm-none-eabi/lib/thumb2\libc.a(lib_a-svfiprintf.o) (memmove)
C:\CodeSourcery\Sourcery G++ Lite/arm-none-eabi/lib/thumb2\libc.a(lib_a-memset.o)
                              C:\CodeSourcery\Sourcery G++ Lite/arm-none-eabi/lib/thumb2\libc.a(lib_a-callocr.o) (memset)
C:\CodeSourcery\Sourcery G++ Lite/arm-none-eabi/lib/thumb2\libc.a(lib_a-reallocr.o)
                              C:\CodeSourcery\Sourcery G++ Lite/arm-none-eabi/lib/thumb2\libc.a(lib_a-svfiprintf.o) (_realloc_r)
C:\CodeSourcery\Sourcery G++ Lite/lib/gcc/arm-none-eabi/4.8.1/thumb2\libgcc.a(_udivsi3.o)
                              C:\CodeSourcery\Sourcery G++ Lite/arm-none-eabi/lib/thumb2\libc.a(lib_a-dtoa.o) (__aeabi_uidiv)
C:\CodeSourcery\Sourcery G++ Lite/lib/gcc/arm-none-eabi/4.8.1/thumb2\libgcc.a(_dvmd_tls.o)
[...]
Memory Configuration

Name             Origin             Length             Attributes
ROM              0x08003000         0x0000d000         xr
RAM              0x20000000         0x00005000         xrw
*default*        0x00000000         0xffffffff

Linker script and memory map

LOAD OS.o
LOAD clock.o
LOAD core_cm3.o
LOAD define.o
LOAD joy_key.o
LOAD lcd.o
LOAD led.o
LOAD main.o
LOAD priority_queue.o
LOAD queue.o
LOAD runtime.o
LOAD snake.o
LOAD stm32f10x_it.o
LOAD systick.o
LOAD timer.o
LOAD uart.o
LOAD crt0.o
LOAD exp_handler.o
LOAD scheduler.o
LOAD C:\CodeSourcery\Sourcery G++ Lite/arm-none-eabi/lib/thumb2\libm.a
LOAD C:\CodeSourcery\Sourcery G++ Lite/arm-none-eabi/lib/thumb2\libc.a
LOAD C:\CodeSourcery\Sourcery G++ Lite/lib/gcc/arm-none-eabi/4.8.1/thumb2\libgcc.a

.text           0x08003000     0xa1a0
 crt0.o(.text)
 .text          0x08003000      0x13c crt0.o
                0x080030ec                __start
 *(.text)
 .text          0x0800313c      0x9c4 OS.o
                0x08003194                IdleTask
                0x080031b4                OS_Init
                0x08003330                _OS_Get_Stack
                0x08003390                OS_Create_Task_Simple
                0x080034b8                OS_Create_Queue
                0x08003550                OS_Scheduler_Start
                0x080035e8                OS_Scheduler
                0x080036cc                OS_Tick
                0x0800377c                OS_Signal_Wait
                0x080038c8                OS_Signal_Send
                0x080039bc                OS_Block_Current_Task
                0x08003a60                OS_Unblock_Task
                0x08003ac8                OS_Pend_Trigger
                0x08003aec                PRINT_DUMMY
 .text          0x08003b00       0xa8 clock.o
                0x08003b00                Clock_Init
 .text          0x08003ba8      0x280 core_cm3.o
                0x08003ba8                __get_PSP
                0x08003bb8                __set_PSP
                0x08003bc0                __get_MSP
                0x08003bd0                __set_MSP
                0x08003bd8                __get_BASEPRI
                0x08003bf8                __set_BASEPRI
                0x08003c10                __get_PRIMASK
                0x08003c30                __set_PRIMASK
                0x08003c48                __get_FAULTMASK
                0x08003c68                __set_FAULTMASK
                0x08003c80                __get_CONTROL
                0x08003ca0                __set_CONTROL
                0x08003cb8                __REV
                0x08003cd8                __REV16
                0x08003cfc                __REVSH
                0x08003d20                __RBIT
                0x08003d44                __LDREXB
                0x08003d68                __LDREXH
                0x08003d8c                __LDREXW
                0x08003db0                __STREXB
                0x08003dd8                __STREXH
                0x08003e00                __STREXW
 .text          0x08003e28        0x0 define.o
 .text          0x08003e28      0x3c0 joy_key.o
                0x08003e90                Key_Poll_Init
                0x08003f84                Key_Get_Pressed
                0x08003fec                Key_Wait_Key_Pressed
                0x0800400c                Key_Wait_Key_Released
                0x08004020                Key_ISR_Enable
 .text          0x080041e8      0xa08 lcd.o
                0x08004284                _SPI1_Write_Byte
                0x08004304                Lcd_GPIO_Init
                0x08004380                Lcd_Write_Reg
                0x080043a8                Lcd_Write_Data_16Bit
                0x08004418                Lcd_Fill
                0x080044a4                Lcd_Reset
                0x080044e8                Lcd_WR_REG
                0x08004548                Lcd_WR_DATA
                0x080045a8                Lcd_Set_Display_Mode
                0x080046c0                Lcd_Write_RAM_Prepare
                0x080046d8                Lcd_Set_Windows
                0x08004774                Lcd_Set_Cursor
                0x08004794                Lcd_Draw_Back_Color
                0x0800485c                Lcd_Clr_Screen
                0x08004868                Lcd_Draw_Box
                0x08004948                Lcd_Init
                0x08004bc4                Lcd_Put_Pixel
 .text          0x08004bf0      0x120 led.o
                0x08004bf0                LED_Init
                0x08004c48                LED_Display
                0x08004c80                LED_All_On
                0x08004ca4                LED_All_Off
                0x08004cc8                LED_0_Toggle
                0x08004cec                LED_1_Toggle
 .text          0x08004d10      0x2cc main.o
                0x08004d10                Task1
                0x08004e14                Task2
                0x08004e38                Task3
                0x08004e4c                Task5
                0x08004f1c                TaskDummy
                0x08004f38                Main
 .text          0x08004fdc      0x3ec priority_queue.o
                0x08004fdc                pq_init
                0x08004ff8                pq_compare_delay
                0x0800504c                pq_compare_ready
                0x080050b8                pq_swap
                0x080050fc                pq_heapify_up
                0x0800516c                pq_heapify_down
                0x08005224                pq_push
                0x08005278                pq_pop
                0x080052dc                pq_top
                0x08005304                pq_remove
                0x08005380                pq_update
 .text          0x080053c8      0x284 queue.o
                0x080053c8                _OS_Get_Buffer
                0x0800542c                createQueue
                0x08005500                enqueue
                0x0800557c                dequeue
                0x08005604                isEmpty
                0x08005628                isFull
 .text          0x0800564c       0xe4 runtime.o
                0x0800564c                _sbrk
                0x080056d8                System_Init
 .text          0x08005730      0xa88 snake.o
                0x08005730                Snake_Init
                0x080058b4                draw_init
                0x080058c4                Lcd_Draw_Grass
                0x08005924                Lcd_Draw_Border
                0x080059b4                Lcd_Draw_Snake
                0x08005b60                rotate_image_array
                0x08005d00                Add_Snake_Position
                0x08005d54                Remove_Snake_Position
                0x08005dbc                Move_Snake_Position
                0x08005f40                Check_Snake_Position
                0x08005fb4                Calculate_Snake_Position
                0x08006038                Make_Target
                0x080060d0                Lcd_Draw_IMG
 .text          0x080061b8      0x73c stm32f10x_it.o
                0x080061ec                Invalid_ISR
                0x08006378                NMI_Handler
                0x08006398                HardFault_Handler
                0x08006440                MemManage_Handler
                0x0800649c                BusFault_Handler
                0x080064f8                UsageFault_Handler
                0x0800651c                DebugMon_Handler
                0x08006530                SysTick_Handler
                0x0800654c                WWDG_IRQHandler
                0x08006558                PVD_IRQHandler
                0x08006564                TAMPER_IRQHandler
                0x08006570                RTC_IRQHandler
                0x0800657c                FLASH_IRQHandler
                0x08006588                RCC_IRQHandler
                0x08006594                EXTI0_IRQHandler
                0x080065a0                EXTI1_IRQHandler
                0x080065ac                EXTI2_IRQHandler
                0x080065b8                EXTI3_IRQHandler
                0x08006600                EXTI4_IRQHandler
                0x0800660c                DMA1_Channel1_IRQHandler
                0x08006618                DMA1_Channel2_IRQHandler
                0x08006624                DMA1_Channel3_IRQHandler
                0x08006630                DMA1_Channel4_IRQHandler
                0x0800663c                DMA1_Channel5_IRQHandler
                0x08006648                DMA1_Channel6_IRQHandler
                0x08006654                DMA1_Channel7_IRQHandler
                0x08006660                ADC1_2_IRQHandler
                0x0800666c                USB_HP_CAN_TX_IRQHandler
                0x08006678                USB_LP_CAN_RX0_IRQHandler
                0x08006684                CAN_RX1_IRQHandler
                0x08006690                CAN_SCE_IRQHandler
                0x0800669c                EXTI9_5_IRQHandler
                0x080066fc                TIM1_BRK_IRQHandler
                0x08006708                TIM1_UP_IRQHandler
                0x08006714                TIM1_TRG_COM_IRQHandler
                0x08006720                TIM1_CC_IRQHandler
                0x0800672c                TIM2_IRQHandler
                0x08006738                TIM3_IRQHandler
                0x08006744                TIM4_IRQHandler
                0x08006778                I2C1_EV_IRQHandler
                0x08006784                I2C1_ER_IRQHandler
                0x08006790                I2C2_EV_IRQHandler
                0x0800679c                I2C2_ER_IRQHandler
                0x080067a8                SPI1_IRQHandler
                0x080067b4                SPI2_IRQHandler
                0x080067c0                USART1_IRQHandler
                0x08006858                USART2_IRQHandler
                0x08006864                USART3_IRQHandler
                0x08006870                EXTI15_10_IRQHandler
                0x080068dc                RTCAlarm_IRQHandler
                0x080068e8                USBWakeUp_IRQHandler
 *fill*         0x080068f4        0x4 
 .text          0x080068f8       0x90 systick.o
                0x080068f8                SysTick_OS_Tick
 .text          0x08006988      0x1c8 timer.o
                0x08006a24                TIM4_Repeat_Interrupt_Enable
 .text          0x08006b50      0x328 uart.o
                0x08006bec                Uart1_Init
                0x08006d50                Uart1_Send_Byte
                0x08006dbc                Uart1_Send_String
                0x08006de4                Uart1_Printf
                0x08006e18                Uart1_RX_Interrupt_Enable
 .text          0x08006e78       0xf0 exp_handler.o
                0x08006e78                __get_IPSR
                0x08006e7e                _Print_Reg
                0x08006f10                _HardFault_Handler
                0x08006f24                _MemManage_Handler
                0x08006f38                _BusFault_Handler
                0x08006f4c                _UsageFault_Handler
 *fill*         0x08006f68        0x8 
 .text          0x08006f70       0x40 scheduler.o
                0x08006f70                PendSV_Handler
                0x08006f8c                SVC_Handler
                0x08006fa0                _OS_Start_First_Task
 .text          0x08006fb0       0xa8 C:\CodeSourcery\Sourcery G++ Lite/arm-none-eabi/lib/thumb2\libc.a(lib_a-memcpy-stub.o)
                0x08006fb0                memcpy
 .text          0x08007058       0xf8 C:\CodeSourcery\Sourcery G++ Lite/arm-none-eabi/lib/thumb2\libc.a(lib_a-rand.o)
                0x08007058                srand
                0x080070b4                rand
 .text          0x08007150       0x50 C:\CodeSourcery\Sourcery G++ Lite/arm-none-eabi/lib/thumb2\libc.a(lib_a-vsprintf.o)
                0x08007150                _vsprintf_r
                0x08007184                vsprintf
 .text          0x080071a0        0x0 C:\CodeSourcery\Sourcery G++ Lite/arm-none-eabi/lib/thumb2\libc.a(lib_a-impure.o)
 .text          0x080071a0       0x20 C:\CodeSourcery\Sourcery G++ Lite/arm-none-eabi/lib/thumb2\libc.a(lib_a-malloc.o)
                0x080071a0                malloc
                0x080071b0                free
 .text          0x080071c0      0x570 C:\CodeSourcery\Sourcery G++ Lite/arm-none-eabi/lib/thumb2\libc.a(lib_a-mallocr.o)
                0x080071c0                _malloc_r
 .text          0x08007730        0x8 C:\CodeSourcery\Sourcery G++ Lite/arm-none-eabi/lib/thumb2\libc.a(lib_a-mlock.o)
                0x08007730                __malloc_lock
                0x08007734                __malloc_unlock
 .text          0x08007738       0x28 C:\CodeSourcery\Sourcery G++ Lite/arm-none-eabi/lib/thumb2\libc.a(lib_a-sbrkr.o)
                0x08007738                _sbrk_r
 .text          0x08007760     0x14b4 C:\CodeSourcery\Sourcery G++ Lite/arm-none-eabi/lib/thumb2\libc.a(lib_a-svfprintf.o)
                0x08007760                _svfprintf_r
 *fill*         0x08008c14        0x4 
 .text          0x08008c18     0x10d8 C:\CodeSourcery\Sourcery G++ Lite/arm-none-eabi/lib/thumb2\libc.a(lib_a-dtoa.o)
                0x08008d64                _dtoa_r
 .text          0x08009cf0      0x23c C:\CodeSourcery\Sourcery G++ Lite/arm-none-eabi/lib/thumb2\libc.a(lib_a-freer.o)
                0x08009cf0                _malloc_trim_r
                0x08009d94                _free_r
 .text          0x08009f2c       0x9c C:\CodeSourcery\Sourcery G++ Lite/arm-none-eabi/lib/thumb2\libc.a(lib_a-locale.o)
                0x08009f2c                _setlocale_r
                0x08009f80                __locale_charset
                0x08009f8c                __locale_mb_cur_max
                0x08009f98                __locale_msgcharset
                0x08009fa0                __locale_cjk_lang
                0x08009fa4                _localeconv_r
                0x08009fac                setlocale
                0x08009fc0                localeconv
 .text          0x08009fc8       0x90 C:\CodeSourcery\Sourcery G++ Lite/arm-none-eabi/lib/thumb2\libc.a(lib_a-memchr-stub.o)
                0x08009fc8                memchr
 .text          0x0800a058      0x938 C:\CodeSourcery\Sourcery G++ Lite/arm-none-eabi/lib/thumb2\libc.a(lib_a-mprec.o)
                0x0800a058                _Balloc
                0x0800a0c4                _Bfree
                0x0800a0fc                __multadd
                0x0800a188                __s2b
                0x0800a220                __hi0bits
                0x0800a25c                __lo0bits
                0x0800a2b4                __i2b
                0x0800a2c8                __multiply
                0x0800a408                __pow5mult
                0x0800a4c0                __lshift
                0x0800a578                __mcmp
                0x0800a5bc                __mdiff
                0x0800a6a8                __ulp
                0x0800a6ec                __b2d
                0x0800a798                __d2b
                0x0800a854                __ratio
                0x0800a8b4                _mprec_log10
                0x0800a8e8                __copybits
                0x0800a930                __any_on
 .text          0x0800a990       0xf4 C:\CodeSourcery\Sourcery G++ Lite/arm-none-eabi/lib/thumb2\libc.a(lib_a-reent.o)
                0x0800a990                cleanup_glue
                0x0800a9ac                _reclaim_reent
 .text          0x0800aa84       0x50 C:\CodeSourcery\Sourcery G++ Lite/arm-none-eabi/lib/thumb2\libc.a(lib_a-s_fpclassify.o)
                0x0800aa84                __fpclassifyd
 .text          0x0800aad4      0x23c C:\CodeSourcery\Sourcery G++ Lite/arm-none-eabi/lib/thumb2\libc.a(lib_a-strcmp.o)
                0x0800aad4                strcmp
 .text          0x0800ad10       0x60 C:\CodeSourcery\Sourcery G++ Lite/arm-none-eabi/lib/thumb2\libc.a(lib_a-strlen.o)
                0x0800ad10                strlen
 .text          0x0800ad70      0xbe0 C:\CodeSourcery\Sourcery G++ Lite/arm-none-eabi/lib/thumb2\libc.a(lib_a-svfiprintf.o)
                0x0800ad70                __ssprint_r
                0x0800ae74                _svfiprintf_r
 .text          0x0800b950       0x64 C:\CodeSourcery\Sourcery G++ Lite/arm-none-eabi/lib/thumb2\libc.a(lib_a-callocr.o)
                0x0800b950                _calloc_r
 .text          0x0800b9b4       0xd0 C:\CodeSourcery\Sourcery G++ Lite/arm-none-eabi/lib/thumb2\libc.a(lib_a-memmove.o)
                0x0800b9b4                memmove
 .text          0x0800ba84       0xa0 C:\CodeSourcery\Sourcery G++ Lite/arm-none-eabi/lib/thumb2\libc.a(lib_a-memset.o)
                0x0800ba84                memset
 .text          0x0800bb24      0x3ec C:\CodeSourcery\Sourcery G++ Lite/arm-none-eabi/lib/thumb2\libc.a(lib_a-reallocr.o)
                0x0800bb24                _realloc_r
 .text          0x0800bf10      0x278 C:\CodeSourcery\Sourcery G++ Lite/lib/gcc/arm-none-eabi/4.8.1/thumb2\libgcc.a(_udivsi3.o)
                0x0800bf10                __aeabi_uidiv
                0x0800bf10                __udivsi3
                0x0800c16c                __aeabi_uidivmod
 .text          0x0800c188        0x4 C:\CodeSourcery\Sourcery G++ Lite/lib/gcc/arm-none-eabi/4.8.1/thumb2\libgcc.a(_dvmd_tls.o)
                0x0800c188                __aeabi_idiv0
                0x0800c188                __aeabi_ldiv0
 .text          0x0800c18c      0x370 C:\CodeSourcery\Sourcery G++ Lite/lib/gcc/arm-none-eabi/4.8.1/thumb2\libgcc.a(_arm_addsubdf3.o)
                0x0800c18c                __aeabi_drsub
                0x0800c194                __aeabi_dsub
                0x0800c194                __subdf3
                0x0800c198                __aeabi_dadd
                0x0800c198                __adddf3
                0x0800c410                __floatunsidf
                0x0800c410                __aeabi_ui2d
                0x0800c430                __floatsidf
                0x0800c430                __aeabi_i2d
                0x0800c454                __aeabi_f2d
                0x0800c454                __extendsfdf2
                0x0800c490                __floatundidf
                0x0800c490                __aeabi_ul2d
                0x0800c4a0                __floatdidf
                0x0800c4a0                __aeabi_l2d
 .text          0x0800c4fc      0x424 C:\CodeSourcery\Sourcery G++ Lite/lib/gcc/arm-none-eabi/4.8.1/thumb2\libgcc.a(_arm_muldivdf3.o)
                0x0800c4fc                __aeabi_dmul
                0x0800c4fc                __muldf3
                0x0800c750                __divdf3
                0x0800c750                __aeabi_ddiv
 .text          0x0800c920      0x110 C:\CodeSourcery\Sourcery G++ Lite/lib/gcc/arm-none-eabi/4.8.1/thumb2\libgcc.a(_arm_cmpdf2.o)
                0x0800c920                __gtdf2
                0x0800c920                __gedf2
                0x0800c928                __ltdf2
                0x0800c928                __ledf2
                0x0800c930                __nedf2
                0x0800c930                __eqdf2
                0x0800c930                __cmpdf2
                0x0800c9ac                __aeabi_cdrcmple
                0x0800c9bc                __aeabi_cdcmpeq
                0x0800c9bc                __aeabi_cdcmple
                0x0800c9cc                __aeabi_dcmpeq
                0x0800c9e0                __aeabi_dcmplt
                0x0800c9f4                __aeabi_dcmple
                0x0800ca08                __aeabi_dcmpge
                0x0800ca1c                __aeabi_dcmpgt
 .text          0x0800ca30       0x50 C:\CodeSourcery\Sourcery G++ Lite/lib/gcc/arm-none-eabi/4.8.1/thumb2\libgcc.a(_arm_fixdfsi.o)
                0x0800ca30                __aeabi_d2iz
                0x0800ca30                __fixdfsi
 .text          0x0800ca80       0x40 C:\CodeSourcery\Sourcery G++ Lite/lib/gcc/arm-none-eabi/4.8.1/thumb2\libgcc.a(_arm_fixunsdfsi.o)
                0x0800ca80                __aeabi_d2uiz
                0x0800ca80                __fixunsdfsi
 .text          0x0800cac0       0x2c C:\CodeSourcery\Sourcery G++ Lite/lib/gcc/arm-none-eabi/4.8.1/thumb2\libgcc.a(_aeabi_uldivmod.o)
                0x0800cac0                __aeabi_uldivmod
 .text          0x0800caec       0x60 C:\CodeSourcery\Sourcery G++ Lite/lib/gcc/arm-none-eabi/4.8.1/thumb2\libgcc.a(bpabi.o)
                0x0800caec                __gnu_ldivmod_helper
                0x0800cb1c                __gnu_uldivmod_helper
 .text          0x0800cb4c      0x354 C:\CodeSourcery\Sourcery G++ Lite/lib/gcc/arm-none-eabi/4.8.1/thumb2\libgcc.a(_divdi3.o)
                0x0800cb4c                __divdi3
 .text          0x0800cea0      0x300 C:\CodeSourcery\Sourcery G++ Lite/lib/gcc/arm-none-eabi/4.8.1/thumb2\libgcc.a(_udivdi3.o)
                0x0800cea0                __udivdi3
                0x0800d1a0                . = ALIGN (0x4)

.glue_7         0x0800d1a0        0x0
 .glue_7        0x00000000        0x0 linker stubs

.glue_7t        0x0800d1a0        0x0
 .glue_7t       0x00000000        0x0 linker stubs

.vfp11_veneer   0x0800d1a0        0x0
 .vfp11_veneer  0x00000000        0x0 linker stubs

.v4_bx          0x0800d1a0        0x0
 .v4_bx         0x00000000        0x0 linker stubs

.iplt           0x0800d1a0        0x0
 .iplt          0x00000000        0x0 OS.o

.ARM.extab      0x0800d1a0        0x0
 *(.ARM.extab* .gnu.linkonce.armextab.*)
 .ARM.extab     0x0800d1a0        0x0 C:\CodeSourcery\Sourcery G++ Lite/lib/gcc/arm-none-eabi/4.8.1/thumb2\libgcc.a(_divdi3.o)
 .ARM.extab     0x0800d1a0        0x0 C:\CodeSourcery\Sourcery G++ Lite/lib/gcc/arm-none-eabi/4.8.1/thumb2\libgcc.a(_udivdi3.o)
                0x0800d1a0                . = ALIGN (0x4)

.ARM.exidx      0x0800d1a0        0x8
 *(.ARM.exidx* .gnu.linkonce.armexidx.*)
 .ARM.exidx     0x0800d1a0        0x8 C:\CodeSourcery\Sourcery G++ Lite/lib/gcc/arm-none-eabi/4.8.1/thumb2\libgcc.a(_divdi3.o)
 .ARM.exidx     0x0800d1a8        0x0 C:\CodeSourcery\Sourcery G++ Lite/lib/gcc/arm-none-eabi/4.8.1/thumb2\libgcc.a(_udivdi3.o)
                                  0x8 (size before relaxing)
                0x0800d1a8                . = ALIGN (0x4)

.rodata         0x0800d1a8      0x5e8
                0x0800d1a8                __RO_BASE__ = .
 *(.rodata)
 .rodata        0x0800d1a8       0x98 OS.o
                0x0800d1a8                default_delay
 .rodata        0x0800d240       0xac main.o
 .rodata        0x0800d2ec       0x6c snake.o
 .rodata        0x0800d358      0x264 stm32f10x_it.o
 .rodata        0x0800d5bc        0x4 C:\CodeSourcery\Sourcery G++ Lite/arm-none-eabi/lib/thumb2\libc.a(lib_a-impure.o)
                0x0800d5bc                _global_impure_ptr
 .rodata        0x0800d5c0       0x20 C:\CodeSourcery\Sourcery G++ Lite/arm-none-eabi/lib/thumb2\libc.a(lib_a-svfprintf.o)
 .rodata        0x0800d5e0      0x128 C:\CodeSourcery\Sourcery G++ Lite/arm-none-eabi/lib/thumb2\libc.a(lib_a-mprec.o)
                0x0800d5f0                __mprec_tens
                0x0800d6b8                __mprec_tinytens
                0x0800d6e0                __mprec_bigtens
 .rodata        0x0800d708       0x20 C:\CodeSourcery\Sourcery G++ Lite/arm-none-eabi/lib/thumb2\libc.a(lib_a-svfiprintf.o)
 *(.rodata.*)
 .rodata.str1.4
                0x0800d728        0x2 C:\CodeSourcery\Sourcery G++ Lite/arm-none-eabi/lib/thumb2\libc.a(lib_a-impure.o)
                                  0x4 (size before relaxing)
 *fill*         0x0800d72a        0x2 
 .rodata.str1.4
                0x0800d72c       0x42 C:\CodeSourcery\Sourcery G++ Lite/arm-none-eabi/lib/thumb2\libc.a(lib_a-svfprintf.o)
                                 0x44 (size before relaxing)
 *fill*         0x0800d76e        0x2 
 .rodata.str1.4
                0x0800d770       0x10 C:\CodeSourcery\Sourcery G++ Lite/arm-none-eabi/lib/thumb2\libc.a(lib_a-dtoa.o)
                                 0x14 (size before relaxing)
 .rodata.str1.4
                0x0800d780        0xc C:\CodeSourcery\Sourcery G++ Lite/arm-none-eabi/lib/thumb2\libc.a(lib_a-locale.o)
                                 0x14 (size before relaxing)
 .rodata.str1.4
                0x00000000       0x30 C:\CodeSourcery\Sourcery G++ Lite/arm-none-eabi/lib/thumb2\libc.a(lib_a-svfiprintf.o)
                0x0800d790                . = ALIGN (0x8)
 *fill*         0x0800d78c        0x4 
                0x0800d790                __RO_LIMIT__ = .

.rel.dyn        0x0800d790        0x0
 .rel.iplt      0x00000000        0x0 OS.o

.data           0x20000000      0xf28 load address 0x0800d790
                0x20000000                __RW_BASE__ = .
 *(.data)
 .data          0x20000000        0xc OS.o
                0x20000000                interrupt_period
 .data          0x2000000c        0x0 clock.o
 .data          0x2000000c        0x0 core_cm3.o
 .data          0x2000000c      0x960 define.o
                0x2000000c                apple_img
                0x2000032c                grass_img
                0x2000064c                snake_head_img
 .data          0x2000096c        0x0 joy_key.o
 .data          0x2000096c        0x2 lcd.o
                0x2000096c                BACK_COLOR
 .data          0x2000096e        0x0 led.o
 .data          0x2000096e        0x0 main.o
 .data          0x2000096e        0x0 priority_queue.o
 *fill*         0x2000096e        0x2 
 .data          0x20000970        0x8 queue.o
 .data          0x20000978        0x0 runtime.o
 .data          0x20000978        0x0 snake.o
 .data          0x20000978       0x30 stm32f10x_it.o
                0x20000978                EXTI9_5_LUT
                0x20000998                EXTI15_10_LUT
 .data          0x200009a8        0x0 systick.o
 .data          0x200009a8        0x0 timer.o
 .data          0x200009a8        0x0 uart.o
 .data          0x200009a8        0x0 crt0.o
 .data          0x200009a8        0x0 exp_handler.o
 .data          0x200009a8        0x0 scheduler.o
 .data          0x200009a8        0x0 C:\CodeSourcery\Sourcery G++ Lite/arm-none-eabi/lib/thumb2\libc.a(lib_a-memcpy-stub.o)
 .data          0x200009a8        0x0 C:\CodeSourcery\Sourcery G++ Lite/arm-none-eabi/lib/thumb2\libc.a(lib_a-rand.o)
 .data          0x200009a8        0x0 C:\CodeSourcery\Sourcery G++ Lite/arm-none-eabi/lib/thumb2\libc.a(lib_a-vsprintf.o)
 .data          0x200009a8       0xf4 C:\CodeSourcery\Sourcery G++ Lite/arm-none-eabi/lib/thumb2\libc.a(lib_a-impure.o)
                0x200009a8                _impure_ptr
 .data          0x20000a9c        0x0 C:\CodeSourcery\Sourcery G++ Lite/arm-none-eabi/lib/thumb2\libc.a(lib_a-malloc.o)
 .data          0x20000a9c      0x410 C:\CodeSourcery\Sourcery G++ Lite/arm-none-eabi/lib/thumb2\libc.a(lib_a-mallocr.o)
                0x20000a9c                __malloc_av_
                0x20000ea4                __malloc_sbrk_base
                0x20000ea8                __malloc_trim_threshold
 .data          0x20000eac        0x0 C:\CodeSourcery\Sourcery G++ Lite/arm-none-eabi/lib/thumb2\libc.a(lib_a-mlock.o)
 .data          0x20000eac        0x0 C:\CodeSourcery\Sourcery G++ Lite/arm-none-eabi/lib/thumb2\libc.a(lib_a-sbrkr.o)
 .data          0x20000eac        0x0 C:\CodeSourcery\Sourcery G++ Lite/arm-none-eabi/lib/thumb2\libc.a(lib_a-svfprintf.o)
 .data          0x20000eac        0x0 C:\CodeSourcery\Sourcery G++ Lite/arm-none-eabi/lib/thumb2\libc.a(lib_a-dtoa.o)
 .data          0x20000eac        0x0 C:\CodeSourcery\Sourcery G++ Lite/arm-none-eabi/lib/thumb2\libc.a(lib_a-freer.o)
 .data          0x20000eac       0x7c C:\CodeSourcery\Sourcery G++ Lite/arm-none-eabi/lib/thumb2\libc.a(lib_a-locale.o)
                0x20000ecc                __mb_cur_max
 .data          0x20000f28        0x0 C:\CodeSourcery\Sourcery G++ Lite/arm-none-eabi/lib/thumb2\libc.a(lib_a-memchr-stub.o)
 .data          0x20000f28        0x0 C:\CodeSourcery\Sourcery G++ Lite/arm-none-eabi/lib/thumb2\libc.a(lib_a-mprec.o)
 .data          0x20000f28        0x0 C:\CodeSourcery\Sourcery G++ Lite/arm-none-eabi/lib/thumb2\libc.a(lib_a-reent.o)
 .data          0x20000f28        0x0 C:\CodeSourcery\Sourcery G++ Lite/arm-none-eabi/lib/thumb2\libc.a(lib_a-s_fpclassify.o)
 .data          0x20000f28        0x0 C:\CodeSourcery\Sourcery G++ Lite/arm-none-eabi/lib/thumb2\libc.a(lib_a-strcmp.o)
 .data          0x20000f28        0x0 C:\CodeSourcery\Sourcery G++ Lite/arm-none-eabi/lib/thumb2\libc.a(lib_a-strlen.o)
 .data          0x20000f28        0x0 C:\CodeSourcery\Sourcery G++ Lite/arm-none-eabi/lib/thumb2\libc.a(lib_a-svfiprintf.o)
 .data          0x20000f28        0x0 C:\CodeSourcery\Sourcery G++ Lite/arm-none-eabi/lib/thumb2\libc.a(lib_a-callocr.o)
 .data          0x20000f28        0x0 C:\CodeSourcery\Sourcery G++ Lite/arm-none-eabi/lib/thumb2\libc.a(lib_a-memmove.o)
 .data          0x20000f28        0x0 C:\CodeSourcery\Sourcery G++ Lite/arm-none-eabi/lib/thumb2\libc.a(lib_a-memset.o)
 .data          0x20000f28        0x0 C:\CodeSourcery\Sourcery G++ Lite/arm-none-eabi/lib/thumb2\libc.a(lib_a-reallocr.o)
 .data          0x20000f28        0x0 C:\CodeSourcery\Sourcery G++ Lite/lib/gcc/arm-none-eabi/4.8.1/thumb2\libgcc.a(_udivsi3.o)
 .data          0x20000f28        0x0 C:\CodeSourcery\Sourcery G++ Lite/lib/gcc/arm-none-eabi/4.8.1/thumb2\libgcc.a(_dvmd_tls.o)
 .data          0x20000f28        0x0 C:\CodeSourcery\Sourcery G++ Lite/lib/gcc/arm-none-eabi/4.8.1/thumb2\libgcc.a(_arm_addsubdf3.o)
 .data          0x20000f28        0x0 C:\CodeSourcery\Sourcery G++ Lite/lib/gcc/arm-none-eabi/4.8.1/thumb2\libgcc.a(_arm_muldivdf3.o)
 .data          0x20000f28        0x0 C:\CodeSourcery\Sourcery G++ Lite/lib/gcc/arm-none-eabi/4.8.1/thumb2\libgcc.a(_arm_cmpdf2.o)
 .data          0x20000f28        0x0 C:\CodeSourcery\Sourcery G++ Lite/lib/gcc/arm-none-eabi/4.8.1/thumb2\libgcc.a(_arm_fixdfsi.o)
 .data          0x20000f28        0x0 C:\CodeSourcery\Sourcery G++ Lite/lib/gcc/arm-none-eabi/4.8.1/thumb2\libgcc.a(_arm_fixunsdfsi.o)
 .data          0x20000f28        0x0 C:\CodeSourcery\Sourcery G++ Lite/lib/gcc/arm-none-eabi/4.8.1/thumb2\libgcc.a(_aeabi_uldivmod.o)
 .data          0x20000f28        0x0 C:\CodeSourcery\Sourcery G++ Lite/lib/gcc/arm-none-eabi/4.8.1/thumb2\libgcc.a(bpabi.o)
 .data          0x20000f28        0x0 C:\CodeSourcery\Sourcery G++ Lite/lib/gcc/arm-none-eabi/4.8.1/thumb2\libgcc.a(_divdi3.o)
 .data          0x20000f28        0x0 C:\CodeSourcery\Sourcery G++ Lite/lib/gcc/arm-none-eabi/4.8.1/thumb2\libgcc.a(_udivdi3.o)
 *(.data.*)
                0x20000f28                . = ALIGN (0x4)
                0x20000f28                __RW_LIMIT__ = .
                0x00000f28                __RW_SIZE__ = SIZEOF (.data)
                0x0800d790                __RW_LOAD_ADDR__ = LOADADDR (.data)

.igot.plt       0x20000f28        0x0 load address 0x0800e6b8
 .igot.plt      0x00000000        0x0 OS.o

.bss            0x20000f28     0x3798 load address 0x0800e6b8
                0x20000f28                __ZI_BASE__ = .
 *(.bss)
 .bss           0x20000f28     0x2ef0 OS.o
                0x20000f28                tcb
                0x20001a98                stack
                0x20003a98                queues
                0x20003b88                current_tcb
                0x20003b8c                next_tcb
                0x20003b90                ready_queue
                0x20003c88                blocked_queue
                0x20003d80                system_tick
                0x20003d88                snake_object
                0x20003e08                KeyValueReceiverIndex
                0x20003e0c                UpdateLcdIndex
 .bss           0x20003e18        0x0 clock.o
 .bss           0x20003e18        0x0 core_cm3.o
 .bss           0x20003e18        0x0 define.o
 .bss           0x20003e18        0x0 joy_key.o
 .bss           0x20003e18       0x10 lcd.o
                0x20003e18                lcddev
                0x20003e24                POINT_COLOR
 .bss           0x20003e28        0x0 led.o
 .bss           0x20003e28       0x28 main.o
                0x20003e28                dummyParams
 .bss           0x20003e50        0x0 priority_queue.o
 .bss           0x20003e50      0x800 queue.o
                0x20003e50                queue_buffer
 .bss           0x20004650        0x4 runtime.o
 .bss           0x20004654        0x0 snake.o
 .bss           0x20004654       0x28 stm32f10x_it.o
                0x20004654                systick_flag
                0x20004658                key_value
                0x2000465c                tim4_timeout
                0x20004660                uart_rx_in
                0x20004664                uart_rx_buffer
                0x20004678                uart_rx_index
 .bss           0x2000467c        0x0 systick.o
 .bss           0x2000467c        0x0 timer.o
 .bss           0x2000467c        0x0 uart.o
 .bss           0x2000467c        0x0 crt0.o
 .bss           0x2000467c        0x0 exp_handler.o
 .bss           0x2000467c        0x0 scheduler.o
 .bss           0x2000467c        0x0 C:\CodeSourcery\Sourcery G++ Lite/arm-none-eabi/lib/thumb2\libc.a(lib_a-memcpy-stub.o)
 .bss           0x2000467c        0x0 C:\CodeSourcery\Sourcery G++ Lite/arm-none-eabi/lib/thumb2\libc.a(lib_a-rand.o)
 .bss           0x2000467c        0x0 C:\CodeSourcery\Sourcery G++ Lite/arm-none-eabi/lib/thumb2\libc.a(lib_a-vsprintf.o)
 .bss           0x2000467c        0x0 C:\CodeSourcery\Sourcery G++ Lite/arm-none-eabi/lib/thumb2\libc.a(lib_a-impure.o)
 .bss           0x2000467c        0x0 C:\CodeSourcery\Sourcery G++ Lite/arm-none-eabi/lib/thumb2\libc.a(lib_a-malloc.o)
 .bss           0x2000467c       0x34 C:\CodeSourcery\Sourcery G++ Lite/arm-none-eabi/lib/thumb2\libc.a(lib_a-mallocr.o)
                0x2000467c                __malloc_top_pad
                0x20004680                __malloc_current_mallinfo
                0x200046a8                __malloc_max_sbrked_mem
                0x200046ac                __malloc_max_total_mem
 .bss           0x200046b0        0x0 C:\CodeSourcery\Sourcery G++ Lite/arm-none-eabi/lib/thumb2\libc.a(lib_a-mlock.o)
 .bss           0x200046b0        0x0 C:\CodeSourcery\Sourcery G++ Lite/arm-none-eabi/lib/thumb2\libc.a(lib_a-sbrkr.o)
 .bss           0x200046b0        0x0 C:\CodeSourcery\Sourcery G++ Lite/arm-none-eabi/lib/thumb2\libc.a(lib_a-svfprintf.o)
 .bss           0x200046b0        0x0 C:\CodeSourcery\Sourcery G++ Lite/arm-none-eabi/lib/thumb2\libc.a(lib_a-dtoa.o)
 .bss           0x200046b0        0x0 C:\CodeSourcery\Sourcery G++ Lite/arm-none-eabi/lib/thumb2\libc.a(lib_a-freer.o)
 .bss           0x200046b0        0xc C:\CodeSourcery\Sourcery G++ Lite/arm-none-eabi/lib/thumb2\libc.a(lib_a-locale.o)
                0x200046b0                _PathLocale
                0x200046b4                __mlocale_changed
                0x200046b8                __nlocale_changed
 .bss           0x200046bc        0x0 C:\CodeSourcery\Sourcery G++ Lite/arm-none-eabi/lib/thumb2\libc.a(lib_a-memchr-stub.o)
 .bss           0x200046bc        0x0 C:\CodeSourcery\Sourcery G++ Lite/arm-none-eabi/lib/thumb2\libc.a(lib_a-mprec.o)
 .bss           0x200046bc        0x0 C:\CodeSourcery\Sourcery G++ Lite/arm-none-eabi/lib/thumb2\libc.a(lib_a-reent.o)
 .bss           0x200046bc        0x0 C:\CodeSourcery\Sourcery G++ Lite/arm-none-eabi/lib/thumb2\libc.a(lib_a-s_fpclassify.o)
 .bss           0x200046bc        0x0 C:\CodeSourcery\Sourcery G++ Lite/arm-none-eabi/lib/thumb2\libc.a(lib_a-strcmp.o)
 .bss           0x200046bc        0x0 C:\CodeSourcery\Sourcery G++ Lite/arm-none-eabi/lib/thumb2\libc.a(lib_a-strlen.o)
 .bss           0x200046bc        0x0 C:\CodeSourcery\Sourcery G++ Lite/arm-none-eabi/lib/thumb2\libc.a(lib_a-svfiprintf.o)
 .bss           0x200046bc        0x0 C:\CodeSourcery\Sourcery G++ Lite/arm-none-eabi/lib/thumb2\libc.a(lib_a-callocr.o)
 .bss           0x200046bc        0x0 C:\CodeSourcery\Sourcery G++ Lite/arm-none-eabi/lib/thumb2\libc.a(lib_a-memmove.o)
 .bss           0x200046bc        0x0 C:\CodeSourcery\Sourcery G++ Lite/arm-none-eabi/lib/thumb2\libc.a(lib_a-memset.o)
 .bss           0x200046bc        0x0 C:\CodeSourcery\Sourcery G++ Lite/arm-none-eabi/lib/thumb2\libc.a(lib_a-reallocr.o)
 .bss           0x200046bc        0x0 C:\CodeSourcery\Sourcery G++ Lite/lib/gcc/arm-none-eabi/4.8.1/thumb2\libgcc.a(_udivsi3.o)
 .bss           0x200046bc        0x0 C:\CodeSourcery\Sourcery G++ Lite/lib/gcc/arm-none-eabi/4.8.1/thumb2\libgcc.a(_dvmd_tls.o)
 .bss           0x200046bc        0x0 C:\CodeSourcery\Sourcery G++ Lite/lib/gcc/arm-none-eabi/4.8.1/thumb2\libgcc.a(_arm_addsubdf3.o)
 .bss           0x200046bc        0x0 C:\CodeSourcery\Sourcery G++ Lite/lib/gcc/arm-none-eabi/4.8.1/thumb2\libgcc.a(_arm_muldivdf3.o)
 .bss           0x200046bc        0x0 C:\CodeSourcery\Sourcery G++ Lite/lib/gcc/arm-none-eabi/4.8.1/thumb2\libgcc.a(_arm_cmpdf2.o)
 .bss           0x200046bc        0x0 C:\CodeSourcery\Sourcery G++ Lite/lib/gcc/arm-none-eabi/4.8.1/thumb2\libgcc.a(_arm_fixdfsi.o)
 .bss           0x200046bc        0x0 C:\CodeSourcery\Sourcery G++ Lite/lib/gcc/arm-none-eabi/4.8.1/thumb2\libgcc.a(_arm_fixunsdfsi.o)
 .bss           0x200046bc        0x0 C:\CodeSourcery\Sourcery G++ Lite/lib/gcc/arm-none-eabi/4.8.1/thumb2\libgcc.a(_aeabi_uldivmod.o)
 .bss           0x200046bc        0x0 C:\CodeSourcery\Sourcery G++ Lite/lib/gcc/arm-none-eabi/4.8.1/thumb2\libgcc.a(bpabi.o)
 .bss           0x200046bc        0x0 C:\CodeSourcery\Sourcery G++ Lite/lib/gcc/arm-none-eabi/4.8.1/thumb2\libgcc.a(_divdi3.o)
 .bss           0x200046bc        0x0 C:\CodeSourcery\Sourcery G++ Lite/lib/gcc/arm-none-eabi/4.8.1/thumb2\libgcc.a(_udivdi3.o)
 *(.bss.*)
                0x200046bc                . = ALIGN (0x4)
                0x200046bc                __ZI_LIMIT__ = .
 COMMON         0x200046bc        0x4 C:\CodeSourcery\Sourcery G++ Lite/arm-none-eabi/lib/thumb2\libc.a(lib_a-reent.o)
                0x200046bc                errno
                0x00003798                __ZI_SIZE__ = SIZEOF (.bss)
OUTPUT(rom_0x08003000.elf elf32-littlearm)

.comment        0x00000000       0x30
 .comment       0x00000000       0x30 OS.o
                                 0x31 (size before relaxing)
 .comment       0x00000000       0x31 clock.o
 .comment       0x00000000       0x31 core_cm3.o
 .comment       0x00000000       0x31 define.o
 .comment       0x00000000       0x31 joy_key.o
 .comment       0x00000000       0x31 lcd.o
 .comment       0x00000000       0x31 led.o
 .comment       0x00000000       0x31 main.o
 .comment       0x00000000       0x31 priority_queue.o
 .comment       0x00000000       0x31 queue.o
 .comment       0x00000000       0x31 runtime.o
 .comment       0x00000000       0x31 snake.o
 .comment       0x00000000       0x31 stm32f10x_it.o
 .comment       0x00000000       0x31 systick.o
 .comment       0x00000000       0x31 timer.o
 .comment       0x00000000       0x31 uart.o

.ARM.attributes
                0x00000000       0x31
 .ARM.attributes
                0x00000000       0x33 OS.o
 .ARM.attributes
                0x00000033       0x33 clock.o
 .ARM.attributes
                0x00000066       0x33 core_cm3.o
 .ARM.attributes
                0x00000099       0x33 define.o
 .ARM.attributes
                0x000000cc       0x33 joy_key.o
 .ARM.attributes
                0x000000ff       0x33 lcd.o
 .ARM.attributes
                0x00000132       0x33 led.o
 .ARM.attributes
                0x00000165       0x33 main.o
 .ARM.attributes
                0x00000198       0x33 priority_queue.o
 .ARM.attributes
                0x000001cb       0x33 queue.o
 .ARM.attributes
                0x000001fe       0x33 runtime.o
 .ARM.attributes
                0x00000231       0x33 snake.o
 .ARM.attributes
                0x00000264       0x33 stm32f10x_it.o
 .ARM.attributes
                0x00000297       0x33 systick.o
 .ARM.attributes
                0x000002ca       0x33 timer.o
 .ARM.attributes
                0x000002fd       0x33 uart.o
 .ARM.attributes
                0x00000330       0x21 crt0.o
 .ARM.attributes
                0x00000351       0x21 exp_handler.o
 .ARM.attributes
                0x00000372       0x21 scheduler.o
 .ARM.attributes
                0x00000393       0x29 C:\CodeSourcery\Sourcery G++ Lite/arm-none-eabi/lib/thumb2\libc.a(lib_a-memcpy-stub.o)
 .ARM.attributes
                0x000003bc       0x29 C:\CodeSourcery\Sourcery G++ Lite/arm-none-eabi/lib/thumb2\libc.a(lib_a-rand.o)
 .ARM.attributes
                0x000003e5       0x29 C:\CodeSourcery\Sourcery G++ Lite/arm-none-eabi/lib/thumb2\libc.a(lib_a-vsprintf.o)
 .ARM.attributes
                0x0000040e       0x29 C:\CodeSourcery\Sourcery G++ Lite/arm-none-eabi/lib/thumb2\libc.a(lib_a-impure.o)
 .ARM.attributes
                0x00000437       0x29 C:\CodeSourcery\Sourcery G++ Lite/arm-none-eabi/lib/thumb2\libc.a(lib_a-malloc.o)
 .ARM.attributes
                0x00000460       0x29 C:\CodeSourcery\Sourcery G++ Lite/arm-none-eabi/lib/thumb2\libc.a(lib_a-mallocr.o)
 .ARM.attributes
                0x00000489       0x29 C:\CodeSourcery\Sourcery G++ Lite/arm-none-eabi/lib/thumb2\libc.a(lib_a-mlock.o)
 .ARM.attributes
                0x000004b2       0x29 C:\CodeSourcery\Sourcery G++ Lite/arm-none-eabi/lib/thumb2\libc.a(lib_a-sbrkr.o)
 .ARM.attributes
                0x000004db       0x29 C:\CodeSourcery\Sourcery G++ Lite/arm-none-eabi/lib/thumb2\libc.a(lib_a-svfprintf.o)
 .ARM.attributes
                0x00000504       0x29 C:\CodeSourcery\Sourcery G++ Lite/arm-none-eabi/lib/thumb2\libc.a(lib_a-dtoa.o)
 .ARM.attributes
                0x0000052d       0x29 C:\CodeSourcery\Sourcery G++ Lite/arm-none-eabi/lib/thumb2\libc.a(lib_a-freer.o)
 .ARM.attributes
                0x00000556       0x29 C:\CodeSourcery\Sourcery G++ Lite/arm-none-eabi/lib/thumb2\libc.a(lib_a-locale.o)
 .ARM.attributes
                0x0000057f       0x29 C:\CodeSourcery\Sourcery G++ Lite/arm-none-eabi/lib/thumb2\libc.a(lib_a-memchr-stub.o)
 .ARM.attributes
                0x000005a8       0x29 C:\CodeSourcery\Sourcery G++ Lite/arm-none-eabi/lib/thumb2\libc.a(lib_a-mprec.o)
 .ARM.attributes
                0x000005d1       0x29 C:\CodeSourcery\Sourcery G++ Lite/arm-none-eabi/lib/thumb2\libc.a(lib_a-reent.o)
 .ARM.attributes
                0x000005fa       0x29 C:\CodeSourcery\Sourcery G++ Lite/arm-none-eabi/lib/thumb2\libc.a(lib_a-s_fpclassify.o)
 .ARM.attributes
                0x00000623       0x17 C:\CodeSourcery\Sourcery G++ Lite/arm-none-eabi/lib/thumb2\libc.a(lib_a-strcmp.o)
 .ARM.attributes
                0x0000063a       0x29 C:\CodeSourcery\Sourcery G++ Lite/arm-none-eabi/lib/thumb2\libc.a(lib_a-strlen.o)
 .ARM.attributes
                0x00000663       0x29 C:\CodeSourcery\Sourcery G++ Lite/arm-none-eabi/lib/thumb2\libc.a(lib_a-svfiprintf.o)
 .ARM.attributes
                0x0000068c       0x29 C:\CodeSourcery\Sourcery G++ Lite/arm-none-eabi/lib/thumb2\libc.a(lib_a-callocr.o)
 .ARM.attributes
                0x000006b5       0x29 C:\CodeSourcery\Sourcery G++ Lite/arm-none-eabi/lib/thumb2\libc.a(lib_a-memmove.o)
 .ARM.attributes
                0x000006de       0x29 C:\CodeSourcery\Sourcery G++ Lite/arm-none-eabi/lib/thumb2\libc.a(lib_a-memset.o)
 .ARM.attributes
                0x00000707       0x29 C:\CodeSourcery\Sourcery G++ Lite/arm-none-eabi/lib/thumb2\libc.a(lib_a-reallocr.o)
 .ARM.attributes
                0x00000730       0x19 C:\CodeSourcery\Sourcery G++ Lite/lib/gcc/arm-none-eabi/4.8.1/thumb2\libgcc.a(_udivsi3.o)
 .ARM.attributes
                0x00000749       0x19 C:\CodeSourcery\Sourcery G++ Lite/lib/gcc/arm-none-eabi/4.8.1/thumb2\libgcc.a(_dvmd_tls.o)
 .ARM.attributes
                0x00000762       0x19 C:\CodeSourcery\Sourcery G++ Lite/lib/gcc/arm-none-eabi/4.8.1/thumb2\libgcc.a(_arm_addsubdf3.o)
 .ARM.attributes
                0x0000077b       0x19 C:\CodeSourcery\Sourcery G++ Lite/lib/gcc/arm-none-eabi/4.8.1/thumb2\libgcc.a(_arm_muldivdf3.o)
 .ARM.attributes
                0x00000794       0x19 C:\CodeSourcery\Sourcery G++ Lite/lib/gcc/arm-none-eabi/4.8.1/thumb2\libgcc.a(_arm_cmpdf2.o)
 .ARM.attributes
                0x000007ad       0x19 C:\CodeSourcery\Sourcery G++ Lite/lib/gcc/arm-none-eabi/4.8.1/thumb2\libgcc.a(_arm_fixdfsi.o)
 .ARM.attributes
                0x000007c6       0x19 C:\CodeSourcery\Sourcery G++ Lite/lib/gcc/arm-none-eabi/4.8.1/thumb2\libgcc.a(_arm_fixunsdfsi.o)
 .ARM.attributes
                0x000007df       0x19 C:\CodeSourcery\Sourcery G++ Lite/lib/gcc/arm-none-eabi/4.8.1/thumb2\libgcc.a(_aeabi_uldivmod.o)
 .ARM.attributes
                0x000007f8       0x29 C:\CodeSourcery\Sourcery G++ Lite/lib/gcc/arm-none-eabi/4.8.1/thumb2\libgcc.a(bpabi.o)
 .ARM.attributes
                0x00000821       0x29 C:\CodeSourcery\Sourcery G++ Lite/lib/gcc/arm-none-eabi/4.8.1/thumb2\libgcc.a(_divdi3.o)
 .ARM.attributes
                0x0000084a       0x29 C:\CodeSourcery\Sourcery G++ Lite/lib/gcc/arm-none-eabi/4.8.1/thumb2\libgcc.a(_udivdi3.o)

.debug_frame    0x00000000      0x82c
 .debug_frame   0x00000000       0x2c C:\CodeSourcery\Sourcery G++ Lite/arm-none-eabi/lib/thumb2\libc.a(lib_a-memcpy-stub.o)
 .debug_frame   0x0000002c       0x4c C:\CodeSourcery\Sourcery G++ Lite/arm-none-eabi/lib/thumb2\libc.a(lib_a-rand.o)
 .debug_frame   0x00000078       0x44 C:\CodeSourcery\Sourcery G++ Lite/arm-none-eabi/lib/thumb2\libc.a(lib_a-vsprintf.o)
 .debug_frame   0x000000bc       0x30 C:\CodeSourcery\Sourcery G++ Lite/arm-none-eabi/lib/thumb2\libc.a(lib_a-malloc.o)
 .debug_frame   0x000000ec       0x38 C:\CodeSourcery\Sourcery G++ Lite/arm-none-eabi/lib/thumb2\libc.a(lib_a-mallocr.o)
 .debug_frame   0x00000124       0x30 C:\CodeSourcery\Sourcery G++ Lite/arm-none-eabi/lib/thumb2\libc.a(lib_a-mlock.o)
 .debug_frame   0x00000154       0x2c C:\CodeSourcery\Sourcery G++ Lite/arm-none-eabi/lib/thumb2\libc.a(lib_a-sbrkr.o)
 .debug_frame   0x00000180       0x3c C:\CodeSourcery\Sourcery G++ Lite/arm-none-eabi/lib/thumb2\libc.a(lib_a-svfprintf.o)
 .debug_frame   0x000001bc       0x64 C:\CodeSourcery\Sourcery G++ Lite/arm-none-eabi/lib/thumb2\libc.a(lib_a-dtoa.o)
 .debug_frame   0x00000220       0x50 C:\CodeSourcery\Sourcery G++ Lite/arm-none-eabi/lib/thumb2\libc.a(lib_a-freer.o)
 .debug_frame   0x00000270       0x98 C:\CodeSourcery\Sourcery G++ Lite/arm-none-eabi/lib/thumb2\libc.a(lib_a-locale.o)
 .debug_frame   0x00000308       0x2c C:\CodeSourcery\Sourcery G++ Lite/arm-none-eabi/lib/thumb2\libc.a(lib_a-memchr-stub.o)
 .debug_frame   0x00000334      0x244 C:\CodeSourcery\Sourcery G++ Lite/arm-none-eabi/lib/thumb2\libc.a(lib_a-mprec.o)
 .debug_frame   0x00000578       0x48 C:\CodeSourcery\Sourcery G++ Lite/arm-none-eabi/lib/thumb2\libc.a(lib_a-reent.o)
 .debug_frame   0x000005c0       0x20 C:\CodeSourcery\Sourcery G++ Lite/arm-none-eabi/lib/thumb2\libc.a(lib_a-s_fpclassify.o)
 .debug_frame   0x000005e0       0x20 C:\CodeSourcery\Sourcery G++ Lite/arm-none-eabi/lib/thumb2\libc.a(lib_a-strlen.o)
 .debug_frame   0x00000600       0x64 C:\CodeSourcery\Sourcery G++ Lite/arm-none-eabi/lib/thumb2\libc.a(lib_a-svfiprintf.o)
 .debug_frame   0x00000664       0x28 C:\CodeSourcery\Sourcery G++ Lite/arm-none-eabi/lib/thumb2\libc.a(lib_a-callocr.o)
 .debug_frame   0x0000068c       0x2c C:\CodeSourcery\Sourcery G++ Lite/arm-none-eabi/lib/thumb2\libc.a(lib_a-memmove.o)
 .debug_frame   0x000006b8       0x2c C:\CodeSourcery\Sourcery G++ Lite/arm-none-eabi/lib/thumb2\libc.a(lib_a-memset.o)
 .debug_frame   0x000006e4       0x38 C:\CodeSourcery\Sourcery G++ Lite/arm-none-eabi/lib/thumb2\libc.a(lib_a-reallocr.o)
 .debug_frame   0x0000071c       0x20 C:\CodeSourcery\Sourcery G++ Lite/lib/gcc/arm-none-eabi/4.8.1/thumb2\libgcc.a(_udivsi3.o)
 .debug_frame   0x0000073c       0x28 C:\CodeSourcery\Sourcery G++ Lite/lib/gcc/arm-none-eabi/4.8.1/thumb2\libgcc.a(_aeabi_uldivmod.o)
 .debug_frame   0x00000764       0x58 C:\CodeSourcery\Sourcery G++ Lite/lib/gcc/arm-none-eabi/4.8.1/thumb2\libgcc.a(bpabi.o)
 .debug_frame   0x000007bc       0x38 C:\CodeSourcery\Sourcery G++ Lite/lib/gcc/arm-none-eabi/4.8.1/thumb2\libgcc.a(_divdi3.o)
 .debug_frame   0x000007f4       0x38 C:\CodeSourcery\Sourcery G++ Lite/lib/gcc/arm-none-eabi/4.8.1/thumb2\libgcc.a(_udivdi3.o)

Cross Reference Table

Symbol                                            File
ADC1_2_IRQHandler                                 stm32f10x_it.o
                                                  crt0.o
Add_Snake_Position                                snake.o
BACK_COLOR                                        lcd.o
BusFault_Handler                                  stm32f10x_it.o
                                                  exp_handler.o
CAN_RX1_IRQHandler                                stm32f10x_it.o
CAN_SCE_IRQHandler                                stm32f10x_it.o
Calculate_Snake_Position                          snake.o
Check_Snake_Position                              snake.o
Clock_Init                                        clock.o
                                                  crt0.o
DMA1_Channel1_IRQHandler                          stm32f10x_it.o
                                                  crt0.o
DMA1_Channel2_IRQHandler                          stm32f10x_it.o
                                                  crt0.o
DMA1_Channel3_IRQHandler                          stm32f10x_it.o
                                                  crt0.o
DMA1_Channel4_IRQHandler                          stm32f10x_it.o
                                                  crt0.o
DMA1_Channel5_IRQHandler                          stm32f10x_it.o
                                                  crt0.o
DMA1_Channel6_IRQHandler                          stm32f10x_it.o
                                                  crt0.o
DMA1_Channel7_IRQHandler                          stm32f10x_it.o
                                                  crt0.o
DebugMon_Handler                                  stm32f10x_it.o
                                                  crt0.o
EXTI0_IRQHandler                                  stm32f10x_it.o
                                                  crt0.o
EXTI15_10_IRQHandler                              stm32f10x_it.o
                                                  crt0.o
EXTI15_10_LUT                                     stm32f10x_it.o
EXTI1_IRQHandler                                  stm32f10x_it.o
                                                  crt0.o
EXTI2_IRQHandler                                  stm32f10x_it.o
                                                  crt0.o
EXTI3_IRQHandler                                  stm32f10x_it.o
                                                  crt0.o
EXTI4_IRQHandler                                  stm32f10x_it.o
                                                  crt0.o
EXTI9_5_IRQHandler                                stm32f10x_it.o
                                                  crt0.o
EXTI9_5_LUT                                       stm32f10x_it.o
FLASH_IRQHandler                                  stm32f10x_it.o
                                                  crt0.o
HardFault_Handler                                 stm32f10x_it.o
                                                  exp_handler.o
I2C1_ER_IRQHandler                                stm32f10x_it.o
                                                  crt0.o
I2C1_EV_IRQHandler                                stm32f10x_it.o
                                                  crt0.o
I2C2_ER_IRQHandler                                stm32f10x_it.o
                                                  crt0.o
I2C2_EV_IRQHandler                                stm32f10x_it.o
                                                  crt0.o
IdleTask                                          OS.o
Invalid_ISR                                       stm32f10x_it.o
KeyValueReceiverIndex                             OS.o
                                                  stm32f10x_it.o
                                                  main.o
Key_Get_Pressed                                   joy_key.o
Key_ISR_Enable                                    joy_key.o
                                                  runtime.o
Key_Poll_Init                                     joy_key.o
                                                  runtime.o
Key_Wait_Key_Pressed                              joy_key.o
Key_Wait_Key_Released                             joy_key.o
LED_0_Toggle                                      led.o
LED_1_Toggle                                      led.o
                                                  main.o
LED_All_Off                                       led.o
LED_All_On                                        led.o
LED_Display                                       led.o
LED_Init                                          led.o
                                                  runtime.o
Lcd_Clr_Screen                                    lcd.o
Lcd_Draw_Back_Color                               lcd.o
Lcd_Draw_Border                                   snake.o
Lcd_Draw_Box                                      lcd.o
                                                  snake.o
Lcd_Draw_Grass                                    snake.o
Lcd_Draw_IMG                                      snake.o
Lcd_Draw_Snake                                    snake.o
                                                  main.o
Lcd_Fill                                          lcd.o
Lcd_GPIO_Init                                     lcd.o
Lcd_Init                                          lcd.o
                                                  runtime.o
Lcd_Put_Pixel                                     lcd.o
Lcd_Reset                                         lcd.o
Lcd_Set_Cursor                                    lcd.o
Lcd_Set_Display_Mode                              lcd.o
Lcd_Set_Windows                                   lcd.o
                                                  snake.o
Lcd_WR_DATA                                       lcd.o
Lcd_WR_REG                                        lcd.o
Lcd_Write_Data_16Bit                              lcd.o
Lcd_Write_RAM_Prepare                             lcd.o
Lcd_Write_Reg                                     lcd.o
Main                                              main.o
                                                  crt0.o
Make_Target                                       snake.o
MemManage_Handler                                 stm32f10x_it.o
                                                  exp_handler.o
Move_Snake_Position                               snake.o
                                                  main.o
NMI_Handler                                       stm32f10x_it.o
                                                  crt0.o
OS_Block_Current_Task                             OS.o
                                                  main.o
OS_Create_Queue                                   OS.o
                                                  snake.o
                                                  main.o
OS_Create_Task_Simple                             OS.o
                                                  main.o
OS_Init                                           OS.o
                                                  main.o
OS_Pend_Trigger                                   OS.o
                                                  stm32f10x_it.o
OS_Scheduler                                      OS.o
                                                  scheduler.o
OS_Scheduler_Start                                OS.o
                                                  main.o
OS_Signal_Send                                    OS.o
                                                  stm32f10x_it.o
                                                  main.o
OS_Signal_Wait                                    OS.o
                                                  main.o
OS_Tick                                           OS.o
                                                  stm32f10x_it.o
OS_Unblock_Task                                   OS.o
POINT_COLOR                                       lcd.o
PRINT_DUMMY                                       OS.o
PVD_IRQHandler                                    stm32f10x_it.o
                                                  crt0.o
PendSV_Handler                                    scheduler.o
                                                  crt0.o
RCC_IRQHandler                                    stm32f10x_it.o
                                                  crt0.o
RTCAlarm_IRQHandler                               stm32f10x_it.o
                                                  crt0.o
RTC_IRQHandler                                    stm32f10x_it.o
                                                  crt0.o
Remove_Snake_Position                             snake.o
SPI1_IRQHandler                                   stm32f10x_it.o
                                                  crt0.o
SPI2_IRQHandler                                   stm32f10x_it.o
                                                  crt0.o
SVC_Handler                                       scheduler.o
                                                  crt0.o
Snake_Init                                        snake.o
                                                  main.o
SysTick_Handler                                   stm32f10x_it.o
                                                  crt0.o
SysTick_OS_Tick                                   systick.o
                                                  OS.o
System_Init                                       runtime.o
                                                  crt0.o
TAMPER_IRQHandler                                 stm32f10x_it.o
                                                  crt0.o
TIM1_BRK_IRQHandler                               stm32f10x_it.o
                                                  crt0.o
TIM1_CC_IRQHandler                                stm32f10x_it.o
                                                  crt0.o
TIM1_TRG_COM_IRQHandler                           stm32f10x_it.o
                                                  crt0.o
TIM1_UP_IRQHandler                                stm32f10x_it.o
                                                  crt0.o
TIM2_IRQHandler                                   stm32f10x_it.o
                                                  crt0.o
TIM3_IRQHandler                                   stm32f10x_it.o
                                                  crt0.o
TIM4_IRQHandler                                   stm32f10x_it.o
                                                  crt0.o
TIM4_Repeat_Interrupt_Enable                      timer.o
Task1                                             main.o
Task2                                             main.o
Task3                                             main.o
Task5                                             main.o
TaskDummy                                         main.o
USART1_IRQHandler                                 stm32f10x_it.o
                                                  crt0.o
USART2_IRQHandler                                 stm32f10x_it.o
                                                  crt0.o
USART3_IRQHandler                                 stm32f10x_it.o
                                                  crt0.o
USBWakeUp_IRQHandler                              stm32f10x_it.o
                                                  crt0.o
USB_HP_CAN_TX_IRQHandler                          stm32f10x_it.o
USB_LP_CAN_RX0_IRQHandler                         stm32f10x_it.o
Uart1_Init                                        uart.o
                                                  runtime.o
Uart1_Printf                                      uart.o
                                                  exp_handler.o
                                                  stm32f10x_it.o
                                                  snake.o
                                                  main.o
                                                  OS.o
Uart1_RX_Interrupt_Enable                         uart.o
                                                  runtime.o
Uart1_Send_Byte                                   uart.o
Uart1_Send_String                                 uart.o
UpdateLcdIndex                                    OS.o
                                                  main.o
UsageFault_Handler                                stm32f10x_it.o
                                                  exp_handler.o
WWDG_IRQHandler                                   stm32f10x_it.o
                                                  crt0.o
_Balloc                                           C:\CodeSourcery\Sourcery G++ Lite/arm-none-eabi/lib/thumb2\libc.a(lib_a-mprec.o)
                                                  C:\CodeSourcery\Sourcery G++ Lite/arm-none-eabi/lib/thumb2\libc.a(lib_a-dtoa.o)
_Bfree                                            C:\CodeSourcery\Sourcery G++ Lite/arm-none-eabi/lib/thumb2\libc.a(lib_a-mprec.o)
                                                  C:\CodeSourcery\Sourcery G++ Lite/arm-none-eabi/lib/thumb2\libc.a(lib_a-dtoa.o)
_BusFault_Handler                                 exp_handler.o
                                                  crt0.o
_HardFault_Handler                                exp_handler.o
                                                  crt0.o
_MemManage_Handler                                exp_handler.o
                                                  crt0.o
_OS_Get_Buffer                                    queue.o
_OS_Get_Stack                                     OS.o
_OS_Start_First_Task                              scheduler.o
                                                  OS.o
_PathLocale                                       C:\CodeSourcery\Sourcery G++ Lite/arm-none-eabi/lib/thumb2\libc.a(lib_a-locale.o)
_Print_Reg                                        exp_handler.o
_SPI1_Write_Byte                                  lcd.o
                                                  snake.o
_UsageFault_Handler                               exp_handler.o
                                                  crt0.o
__LDREXB                                          core_cm3.o
__LDREXH                                          core_cm3.o
__LDREXW                                          core_cm3.o
__RBIT                                            core_cm3.o
__REV                                             core_cm3.o
__REV16                                           core_cm3.o
__REVSH                                           core_cm3.o
__RO_LIMIT__                                      crt0.o
__RW_BASE__                                       crt0.o
__STREXB                                          core_cm3.o
__STREXH                                          core_cm3.o
__STREXW                                          core_cm3.o
__ZI_BASE__                                       crt0.o
__ZI_LIMIT__                                      crt0.o
                                                  runtime.o
__adddf3                                          C:\CodeSourcery\Sourcery G++ Lite/lib/gcc/arm-none-eabi/4.8.1/thumb2\libgcc.a(_arm_addsubdf3.o)
__aeabi_cdcmpeq                                   C:\CodeSourcery\Sourcery G++ Lite/lib/gcc/arm-none-eabi/4.8.1/thumb2\libgcc.a(_arm_cmpdf2.o)
__aeabi_cdcmple                                   C:\CodeSourcery\Sourcery G++ Lite/lib/gcc/arm-none-eabi/4.8.1/thumb2\libgcc.a(_arm_cmpdf2.o)
__aeabi_cdrcmple                                  C:\CodeSourcery\Sourcery G++ Lite/lib/gcc/arm-none-eabi/4.8.1/thumb2\libgcc.a(_arm_cmpdf2.o)
__aeabi_d2iz                                      C:\CodeSourcery\Sourcery G++ Lite/lib/gcc/arm-none-eabi/4.8.1/thumb2\libgcc.a(_arm_fixdfsi.o)
                                                  C:\CodeSourcery\Sourcery G++ Lite/arm-none-eabi/lib/thumb2\libc.a(lib_a-dtoa.o)
                                                  uart.o
__aeabi_d2uiz                                     C:\CodeSourcery\Sourcery G++ Lite/lib/gcc/arm-none-eabi/4.8.1/thumb2\libgcc.a(_arm_fixunsdfsi.o)
                                                  systick.o
__aeabi_dadd                                      C:\CodeSourcery\Sourcery G++ Lite/lib/gcc/arm-none-eabi/4.8.1/thumb2\libgcc.a(_arm_addsubdf3.o)
                                                  C:\CodeSourcery\Sourcery G++ Lite/arm-none-eabi/lib/thumb2\libc.a(lib_a-dtoa.o)
                                                  uart.o
                                                  systick.o
__aeabi_dcmpeq                                    C:\CodeSourcery\Sourcery G++ Lite/lib/gcc/arm-none-eabi/4.8.1/thumb2\libgcc.a(_arm_cmpdf2.o)
                                                  C:\CodeSourcery\Sourcery G++ Lite/arm-none-eabi/lib/thumb2\libc.a(lib_a-dtoa.o)
                                                  C:\CodeSourcery\Sourcery G++ Lite/arm-none-eabi/lib/thumb2\libc.a(lib_a-svfprintf.o)
__aeabi_dcmpge                                    C:\CodeSourcery\Sourcery G++ Lite/lib/gcc/arm-none-eabi/4.8.1/thumb2\libgcc.a(_arm_cmpdf2.o)
                                                  C:\CodeSourcery\Sourcery G++ Lite/arm-none-eabi/lib/thumb2\libc.a(lib_a-dtoa.o)
__aeabi_dcmpgt                                    C:\CodeSourcery\Sourcery G++ Lite/lib/gcc/arm-none-eabi/4.8.1/thumb2\libgcc.a(_arm_cmpdf2.o)
                                                  C:\CodeSourcery\Sourcery G++ Lite/arm-none-eabi/lib/thumb2\libc.a(lib_a-dtoa.o)
__aeabi_dcmple                                    C:\CodeSourcery\Sourcery G++ Lite/lib/gcc/arm-none-eabi/4.8.1/thumb2\libgcc.a(_arm_cmpdf2.o)
__aeabi_dcmplt                                    C:\CodeSourcery\Sourcery G++ Lite/lib/gcc/arm-none-eabi/4.8.1/thumb2\libgcc.a(_arm_cmpdf2.o)
                                                  C:\CodeSourcery\Sourcery G++ Lite/arm-none-eabi/lib/thumb2\libc.a(lib_a-dtoa.o)
                                                  C:\CodeSourcery\Sourcery G++ Lite/arm-none-eabi/lib/thumb2\libc.a(lib_a-svfprintf.o)
__aeabi_ddiv                                      C:\CodeSourcery\Sourcery G++ Lite/lib/gcc/arm-none-eabi/4.8.1/thumb2\libgcc.a(_arm_muldivdf3.o)
                                                  C:\CodeSourcery\Sourcery G++ Lite/arm-none-eabi/lib/thumb2\libc.a(lib_a-mprec.o)
                                                  C:\CodeSourcery\Sourcery G++ Lite/arm-none-eabi/lib/thumb2\libc.a(lib_a-dtoa.o)
                                                  uart.o
__aeabi_dmul                                      C:\CodeSourcery\Sourcery G++ Lite/lib/gcc/arm-none-eabi/4.8.1/thumb2\libgcc.a(_arm_muldivdf3.o)
                                                  C:\CodeSourcery\Sourcery G++ Lite/arm-none-eabi/lib/thumb2\libc.a(lib_a-mprec.o)
                                                  C:\CodeSourcery\Sourcery G++ Lite/arm-none-eabi/lib/thumb2\libc.a(lib_a-dtoa.o)
                                                  uart.o
                                                  systick.o
__aeabi_drsub                                     C:\CodeSourcery\Sourcery G++ Lite/lib/gcc/arm-none-eabi/4.8.1/thumb2\libgcc.a(_arm_addsubdf3.o)
__aeabi_dsub                                      C:\CodeSourcery\Sourcery G++ Lite/lib/gcc/arm-none-eabi/4.8.1/thumb2\libgcc.a(_arm_addsubdf3.o)
                                                  C:\CodeSourcery\Sourcery G++ Lite/arm-none-eabi/lib/thumb2\libc.a(lib_a-dtoa.o)
                                                  uart.o
__aeabi_f2d                                       C:\CodeSourcery\Sourcery G++ Lite/lib/gcc/arm-none-eabi/4.8.1/thumb2\libgcc.a(_arm_addsubdf3.o)
__aeabi_i2d                                       C:\CodeSourcery\Sourcery G++ Lite/lib/gcc/arm-none-eabi/4.8.1/thumb2\libgcc.a(_arm_addsubdf3.o)
                                                  C:\CodeSourcery\Sourcery G++ Lite/arm-none-eabi/lib/thumb2\libc.a(lib_a-dtoa.o)
                                                  uart.o
__aeabi_idiv0                                     C:\CodeSourcery\Sourcery G++ Lite/lib/gcc/arm-none-eabi/4.8.1/thumb2\libgcc.a(_dvmd_tls.o)
                                                  C:\CodeSourcery\Sourcery G++ Lite/lib/gcc/arm-none-eabi/4.8.1/thumb2\libgcc.a(_udivsi3.o)
__aeabi_l2d                                       C:\CodeSourcery\Sourcery G++ Lite/lib/gcc/arm-none-eabi/4.8.1/thumb2\libgcc.a(_arm_addsubdf3.o)
__aeabi_ldiv0                                     C:\CodeSourcery\Sourcery G++ Lite/lib/gcc/arm-none-eabi/4.8.1/thumb2\libgcc.a(_dvmd_tls.o)
                                                  C:\CodeSourcery\Sourcery G++ Lite/lib/gcc/arm-none-eabi/4.8.1/thumb2\libgcc.a(_aeabi_uldivmod.o)
__aeabi_ui2d                                      C:\CodeSourcery\Sourcery G++ Lite/lib/gcc/arm-none-eabi/4.8.1/thumb2\libgcc.a(_arm_addsubdf3.o)
                                                  C:\CodeSourcery\Sourcery G++ Lite/arm-none-eabi/lib/thumb2\libc.a(lib_a-dtoa.o)
                                                  uart.o
                                                  systick.o
__aeabi_uidiv                                     C:\CodeSourcery\Sourcery G++ Lite/lib/gcc/arm-none-eabi/4.8.1/thumb2\libgcc.a(_udivsi3.o)
                                                  C:\CodeSourcery\Sourcery G++ Lite/lib/gcc/arm-none-eabi/4.8.1/thumb2\libgcc.a(_udivdi3.o)
                                                  C:\CodeSourcery\Sourcery G++ Lite/lib/gcc/arm-none-eabi/4.8.1/thumb2\libgcc.a(_divdi3.o)
                                                  C:\CodeSourcery\Sourcery G++ Lite/arm-none-eabi/lib/thumb2\libc.a(lib_a-dtoa.o)
__aeabi_uidivmod                                  C:\CodeSourcery\Sourcery G++ Lite/lib/gcc/arm-none-eabi/4.8.1/thumb2\libgcc.a(_udivsi3.o)
                                                  C:\CodeSourcery\Sourcery G++ Lite/lib/gcc/arm-none-eabi/4.8.1/thumb2\libgcc.a(_udivdi3.o)
                                                  C:\CodeSourcery\Sourcery G++ Lite/lib/gcc/arm-none-eabi/4.8.1/thumb2\libgcc.a(_divdi3.o)
__aeabi_ul2d                                      C:\CodeSourcery\Sourcery G++ Lite/lib/gcc/arm-none-eabi/4.8.1/thumb2\libgcc.a(_arm_addsubdf3.o)
__aeabi_uldivmod                                  C:\CodeSourcery\Sourcery G++ Lite/lib/gcc/arm-none-eabi/4.8.1/thumb2\libgcc.a(_aeabi_uldivmod.o)
                                                  C:\CodeSourcery\Sourcery G++ Lite/arm-none-eabi/lib/thumb2\libc.a(lib_a-svfiprintf.o)
                                                  C:\CodeSourcery\Sourcery G++ Lite/arm-none-eabi/lib/thumb2\libc.a(lib_a-svfprintf.o)
__any_on                                          C:\CodeSourcery\Sourcery G++ Lite/arm-none-eabi/lib/thumb2\libc.a(lib_a-mprec.o)
__b2d                                             C:\CodeSourcery\Sourcery G++ Lite/arm-none-eabi/lib/thumb2\libc.a(lib_a-mprec.o)
__cmpdf2                                          C:\CodeSourcery\Sourcery G++ Lite/lib/gcc/arm-none-eabi/4.8.1/thumb2\libgcc.a(_arm_cmpdf2.o)
__copybits                                        C:\CodeSourcery\Sourcery G++ Lite/arm-none-eabi/lib/thumb2\libc.a(lib_a-mprec.o)
__d2b                                             C:\CodeSourcery\Sourcery G++ Lite/arm-none-eabi/lib/thumb2\libc.a(lib_a-mprec.o)
                                                  C:\CodeSourcery\Sourcery G++ Lite/arm-none-eabi/lib/thumb2\libc.a(lib_a-dtoa.o)
__divdf3                                          C:\CodeSourcery\Sourcery G++ Lite/lib/gcc/arm-none-eabi/4.8.1/thumb2\libgcc.a(_arm_muldivdf3.o)
__divdi3                                          C:\CodeSourcery\Sourcery G++ Lite/lib/gcc/arm-none-eabi/4.8.1/thumb2\libgcc.a(_divdi3.o)
                                                  C:\CodeSourcery\Sourcery G++ Lite/lib/gcc/arm-none-eabi/4.8.1/thumb2\libgcc.a(bpabi.o)
__eqdf2                                           C:\CodeSourcery\Sourcery G++ Lite/lib/gcc/arm-none-eabi/4.8.1/thumb2\libgcc.a(_arm_cmpdf2.o)
__extendsfdf2                                     C:\CodeSourcery\Sourcery G++ Lite/lib/gcc/arm-none-eabi/4.8.1/thumb2\libgcc.a(_arm_addsubdf3.o)
__fixdfsi                                         C:\CodeSourcery\Sourcery G++ Lite/lib/gcc/arm-none-eabi/4.8.1/thumb2\libgcc.a(_arm_fixdfsi.o)
__fixunsdfsi                                      C:\CodeSourcery\Sourcery G++ Lite/lib/gcc/arm-none-eabi/4.8.1/thumb2\libgcc.a(_arm_fixunsdfsi.o)
__floatdidf                                       C:\CodeSourcery\Sourcery G++ Lite/lib/gcc/arm-none-eabi/4.8.1/thumb2\libgcc.a(_arm_addsubdf3.o)
__floatsidf                                       C:\CodeSourcery\Sourcery G++ Lite/lib/gcc/arm-none-eabi/4.8.1/thumb2\libgcc.a(_arm_addsubdf3.o)
__floatundidf                                     C:\CodeSourcery\Sourcery G++ Lite/lib/gcc/arm-none-eabi/4.8.1/thumb2\libgcc.a(_arm_addsubdf3.o)
__floatunsidf                                     C:\CodeSourcery\Sourcery G++ Lite/lib/gcc/arm-none-eabi/4.8.1/thumb2\libgcc.a(_arm_addsubdf3.o)
__fpclassifyd                                     C:\CodeSourcery\Sourcery G++ Lite/arm-none-eabi/lib/thumb2\libc.a(lib_a-s_fpclassify.o)
                                                  C:\CodeSourcery\Sourcery G++ Lite/arm-none-eabi/lib/thumb2\libc.a(lib_a-svfprintf.o)
__gedf2                                           C:\CodeSourcery\Sourcery G++ Lite/lib/gcc/arm-none-eabi/4.8.1/thumb2\libgcc.a(_arm_cmpdf2.o)
__get_BASEPRI                                     core_cm3.o
__get_CONTROL                                     core_cm3.o
__get_FAULTMASK                                   core_cm3.o
__get_IPSR                                        exp_handler.o
__get_MSP                                         core_cm3.o
__get_PRIMASK                                     core_cm3.o
__get_PSP                                         core_cm3.o
__gnu_ldivmod_helper                              C:\CodeSourcery\Sourcery G++ Lite/lib/gcc/arm-none-eabi/4.8.1/thumb2\libgcc.a(bpabi.o)
__gnu_uldivmod_helper                             C:\CodeSourcery\Sourcery G++ Lite/lib/gcc/arm-none-eabi/4.8.1/thumb2\libgcc.a(bpabi.o)
                                                  C:\CodeSourcery\Sourcery G++ Lite/lib/gcc/arm-none-eabi/4.8.1/thumb2\libgcc.a(_aeabi_uldivmod.o)
__gtdf2                                           C:\CodeSourcery\Sourcery G++ Lite/lib/gcc/arm-none-eabi/4.8.1/thumb2\libgcc.a(_arm_cmpdf2.o)
__hi0bits                                         C:\CodeSourcery\Sourcery G++ Lite/arm-none-eabi/lib/thumb2\libc.a(lib_a-mprec.o)
                                                  C:\CodeSourcery\Sourcery G++ Lite/arm-none-eabi/lib/thumb2\libc.a(lib_a-dtoa.o)
__i2b                                             C:\CodeSourcery\Sourcery G++ Lite/arm-none-eabi/lib/thumb2\libc.a(lib_a-mprec.o)
                                                  C:\CodeSourcery\Sourcery G++ Lite/arm-none-eabi/lib/thumb2\libc.a(lib_a-dtoa.o)
__ledf2                                           C:\CodeSourcery\Sourcery G++ Lite/lib/gcc/arm-none-eabi/4.8.1/thumb2\libgcc.a(_arm_cmpdf2.o)
__lo0bits                                         C:\CodeSourcery\Sourcery G++ Lite/arm-none-eabi/lib/thumb2\libc.a(lib_a-mprec.o)
__locale_charset                                  C:\CodeSourcery\Sourcery G++ Lite/arm-none-eabi/lib/thumb2\libc.a(lib_a-locale.o)
__locale_cjk_lang                                 C:\CodeSourcery\Sourcery G++ Lite/arm-none-eabi/lib/thumb2\libc.a(lib_a-locale.o)
__locale_mb_cur_max                               C:\CodeSourcery\Sourcery G++ Lite/arm-none-eabi/lib/thumb2\libc.a(lib_a-locale.o)
__locale_msgcharset                               C:\CodeSourcery\Sourcery G++ Lite/arm-none-eabi/lib/thumb2\libc.a(lib_a-locale.o)
__lshift                                          C:\CodeSourcery\Sourcery G++ Lite/arm-none-eabi/lib/thumb2\libc.a(lib_a-mprec.o)
                                                  C:\CodeSourcery\Sourcery G++ Lite/arm-none-eabi/lib/thumb2\libc.a(lib_a-dtoa.o)
__ltdf2                                           C:\CodeSourcery\Sourcery G++ Lite/lib/gcc/arm-none-eabi/4.8.1/thumb2\libgcc.a(_arm_cmpdf2.o)
__malloc_av_                                      C:\CodeSourcery\Sourcery G++ Lite/arm-none-eabi/lib/thumb2\libc.a(lib_a-mallocr.o)
                                                  C:\CodeSourcery\Sourcery G++ Lite/arm-none-eabi/lib/thumb2\libc.a(lib_a-reallocr.o)
                                                  C:\CodeSourcery\Sourcery G++ Lite/arm-none-eabi/lib/thumb2\libc.a(lib_a-freer.o)
__malloc_current_mallinfo                         C:\CodeSourcery\Sourcery G++ Lite/arm-none-eabi/lib/thumb2\libc.a(lib_a-mallocr.o)
                                                  C:\CodeSourcery\Sourcery G++ Lite/arm-none-eabi/lib/thumb2\libc.a(lib_a-freer.o)
__malloc_lock                                     C:\CodeSourcery\Sourcery G++ Lite/arm-none-eabi/lib/thumb2\libc.a(lib_a-mlock.o)
                                                  C:\CodeSourcery\Sourcery G++ Lite/arm-none-eabi/lib/thumb2\libc.a(lib_a-reallocr.o)
                                                  C:\CodeSourcery\Sourcery G++ Lite/arm-none-eabi/lib/thumb2\libc.a(lib_a-freer.o)
                                                  C:\CodeSourcery\Sourcery G++ Lite/arm-none-eabi/lib/thumb2\libc.a(lib_a-mallocr.o)
__malloc_max_sbrked_mem                           C:\CodeSourcery\Sourcery G++ Lite/arm-none-eabi/lib/thumb2\libc.a(lib_a-mallocr.o)
__malloc_max_total_mem                            C:\CodeSourcery\Sourcery G++ Lite/arm-none-eabi/lib/thumb2\libc.a(lib_a-mallocr.o)
__malloc_sbrk_base                                C:\CodeSourcery\Sourcery G++ Lite/arm-none-eabi/lib/thumb2\libc.a(lib_a-mallocr.o)
                                                  C:\CodeSourcery\Sourcery G++ Lite/arm-none-eabi/lib/thumb2\libc.a(lib_a-freer.o)
__malloc_top_pad                                  C:\CodeSourcery\Sourcery G++ Lite/arm-none-eabi/lib/thumb2\libc.a(lib_a-mallocr.o)
                                                  C:\CodeSourcery\Sourcery G++ Lite/arm-none-eabi/lib/thumb2\libc.a(lib_a-freer.o)
__malloc_trim_threshold                           C:\CodeSourcery\Sourcery G++ Lite/arm-none-eabi/lib/thumb2\libc.a(lib_a-mallocr.o)
                                                  C:\CodeSourcery\Sourcery G++ Lite/arm-none-eabi/lib/thumb2\libc.a(lib_a-freer.o)
__malloc_unlock                                   C:\CodeSourcery\Sourcery G++ Lite/arm-none-eabi/lib/thumb2\libc.a(lib_a-mlock.o)
                                                  C:\CodeSourcery\Sourcery G++ Lite/arm-none-eabi/lib/thumb2\libc.a(lib_a-reallocr.o)
                                                  C:\CodeSourcery\Sourcery G++ Lite/arm-none-eabi/lib/thumb2\libc.a(lib_a-freer.o)
                                                  C:\CodeSourcery\Sourcery G++ Lite/arm-none-eabi/lib/thumb2\libc.a(lib_a-mallocr.o)
__mb_cur_max                                      C:\CodeSourcery\Sourcery G++ Lite/arm-none-eabi/lib/thumb2\libc.a(lib_a-locale.o)
__mcmp                                            C:\CodeSourcery\Sourcery G++ Lite/arm-none-eabi/lib/thumb2\libc.a(lib_a-mprec.o)
                                                  C:\CodeSourcery\Sourcery G++ Lite/arm-none-eabi/lib/thumb2\libc.a(lib_a-dtoa.o)
__mdiff                                           C:\CodeSourcery\Sourcery G++ Lite/arm-none-eabi/lib/thumb2\libc.a(lib_a-mprec.o)
                                                  C:\CodeSourcery\Sourcery G++ Lite/arm-none-eabi/lib/thumb2\libc.a(lib_a-dtoa.o)
__mlocale_changed                                 C:\CodeSourcery\Sourcery G++ Lite/arm-none-eabi/lib/thumb2\libc.a(lib_a-locale.o)
__mprec_bigtens                                   C:\CodeSourcery\Sourcery G++ Lite/arm-none-eabi/lib/thumb2\libc.a(lib_a-mprec.o)
                                                  C:\CodeSourcery\Sourcery G++ Lite/arm-none-eabi/lib/thumb2\libc.a(lib_a-dtoa.o)
__mprec_tens                                      C:\CodeSourcery\Sourcery G++ Lite/arm-none-eabi/lib/thumb2\libc.a(lib_a-mprec.o)
                                                  C:\CodeSourcery\Sourcery G++ Lite/arm-none-eabi/lib/thumb2\libc.a(lib_a-dtoa.o)
__mprec_tinytens                                  C:\CodeSourcery\Sourcery G++ Lite/arm-none-eabi/lib/thumb2\libc.a(lib_a-mprec.o)
__muldf3                                          C:\CodeSourcery\Sourcery G++ Lite/lib/gcc/arm-none-eabi/4.8.1/thumb2\libgcc.a(_arm_muldivdf3.o)
__multadd                                         C:\CodeSourcery\Sourcery G++ Lite/arm-none-eabi/lib/thumb2\libc.a(lib_a-mprec.o)
                                                  C:\CodeSourcery\Sourcery G++ Lite/arm-none-eabi/lib/thumb2\libc.a(lib_a-dtoa.o)
__multiply                                        C:\CodeSourcery\Sourcery G++ Lite/arm-none-eabi/lib/thumb2\libc.a(lib_a-mprec.o)
                                                  C:\CodeSourcery\Sourcery G++ Lite/arm-none-eabi/lib/thumb2\libc.a(lib_a-dtoa.o)
__nedf2                                           C:\CodeSourcery\Sourcery G++ Lite/lib/gcc/arm-none-eabi/4.8.1/thumb2\libgcc.a(_arm_cmpdf2.o)
__nlocale_changed                                 C:\CodeSourcery\Sourcery G++ Lite/arm-none-eabi/lib/thumb2\libc.a(lib_a-locale.o)
__pow5mult                                        C:\CodeSourcery\Sourcery G++ Lite/arm-none-eabi/lib/thumb2\libc.a(lib_a-mprec.o)
                                                  C:\CodeSourcery\Sourcery G++ Lite/arm-none-eabi/lib/thumb2\libc.a(lib_a-dtoa.o)
__ratio                                           C:\CodeSourcery\Sourcery G++ Lite/arm-none-eabi/lib/thumb2\libc.a(lib_a-mprec.o)
__s2b                                             C:\CodeSourcery\Sourcery G++ Lite/arm-none-eabi/lib/thumb2\libc.a(lib_a-mprec.o)
__set_BASEPRI                                     core_cm3.o
                                                  OS.o
__set_CONTROL                                     core_cm3.o
__set_FAULTMASK                                   core_cm3.o
__set_MSP                                         core_cm3.o
__set_PRIMASK                                     core_cm3.o
__set_PSP                                         core_cm3.o
__sf_fake_stderr                                  C:\CodeSourcery\Sourcery G++ Lite/arm-none-eabi/lib/thumb2\libc.a(lib_a-impure.o)
__sf_fake_stdin                                   C:\CodeSourcery\Sourcery G++ Lite/arm-none-eabi/lib/thumb2\libc.a(lib_a-impure.o)
__sf_fake_stdout                                  C:\CodeSourcery\Sourcery G++ Lite/arm-none-eabi/lib/thumb2\libc.a(lib_a-impure.o)
__ssprint_r                                       C:\CodeSourcery\Sourcery G++ Lite/arm-none-eabi/lib/thumb2\libc.a(lib_a-svfiprintf.o)
                                                  C:\CodeSourcery\Sourcery G++ Lite/arm-none-eabi/lib/thumb2\libc.a(lib_a-svfprintf.o)
__start                                           crt0.o
__subdf3                                          C:\CodeSourcery\Sourcery G++ Lite/lib/gcc/arm-none-eabi/4.8.1/thumb2\libgcc.a(_arm_addsubdf3.o)
__udivdi3                                         C:\CodeSourcery\Sourcery G++ Lite/lib/gcc/arm-none-eabi/4.8.1/thumb2\libgcc.a(_udivdi3.o)
                                                  C:\CodeSourcery\Sourcery G++ Lite/lib/gcc/arm-none-eabi/4.8.1/thumb2\libgcc.a(bpabi.o)
__udivsi3                                         C:\CodeSourcery\Sourcery G++ Lite/lib/gcc/arm-none-eabi/4.8.1/thumb2\libgcc.a(_udivsi3.o)
__ulp                                             C:\CodeSourcery\Sourcery G++ Lite/arm-none-eabi/lib/thumb2\libc.a(lib_a-mprec.o)
_calloc_r                                         C:\CodeSourcery\Sourcery G++ Lite/arm-none-eabi/lib/thumb2\libc.a(lib_a-callocr.o)
                                                  C:\CodeSourcery\Sourcery G++ Lite/arm-none-eabi/lib/thumb2\libc.a(lib_a-mprec.o)
_dtoa_r                                           C:\CodeSourcery\Sourcery G++ Lite/arm-none-eabi/lib/thumb2\libc.a(lib_a-dtoa.o)
                                                  C:\CodeSourcery\Sourcery G++ Lite/arm-none-eabi/lib/thumb2\libc.a(lib_a-svfprintf.o)
_free_r                                           C:\CodeSourcery\Sourcery G++ Lite/arm-none-eabi/lib/thumb2\libc.a(lib_a-freer.o)
                                                  C:\CodeSourcery\Sourcery G++ Lite/arm-none-eabi/lib/thumb2\libc.a(lib_a-reallocr.o)
                                                  C:\CodeSourcery\Sourcery G++ Lite/arm-none-eabi/lib/thumb2\libc.a(lib_a-svfiprintf.o)
                                                  C:\CodeSourcery\Sourcery G++ Lite/arm-none-eabi/lib/thumb2\libc.a(lib_a-reent.o)
                                                  C:\CodeSourcery\Sourcery G++ Lite/arm-none-eabi/lib/thumb2\libc.a(lib_a-mallocr.o)
                                                  C:\CodeSourcery\Sourcery G++ Lite/arm-none-eabi/lib/thumb2\libc.a(lib_a-malloc.o)
_global_impure_ptr                                C:\CodeSourcery\Sourcery G++ Lite/arm-none-eabi/lib/thumb2\libc.a(lib_a-impure.o)
_impure_ptr                                       C:\CodeSourcery\Sourcery G++ Lite/arm-none-eabi/lib/thumb2\libc.a(lib_a-impure.o)
                                                  C:\CodeSourcery\Sourcery G++ Lite/arm-none-eabi/lib/thumb2\libc.a(lib_a-reent.o)
                                                  C:\CodeSourcery\Sourcery G++ Lite/arm-none-eabi/lib/thumb2\libc.a(lib_a-locale.o)
                                                  C:\CodeSourcery\Sourcery G++ Lite/arm-none-eabi/lib/thumb2\libc.a(lib_a-malloc.o)
                                                  C:\CodeSourcery\Sourcery G++ Lite/arm-none-eabi/lib/thumb2\libc.a(lib_a-vsprintf.o)
                                                  C:\CodeSourcery\Sourcery G++ Lite/arm-none-eabi/lib/thumb2\libc.a(lib_a-rand.o)
_localeconv_r                                     C:\CodeSourcery\Sourcery G++ Lite/arm-none-eabi/lib/thumb2\libc.a(lib_a-locale.o)
                                                  C:\CodeSourcery\Sourcery G++ Lite/arm-none-eabi/lib/thumb2\libc.a(lib_a-svfprintf.o)
_malloc_r                                         C:\CodeSourcery\Sourcery G++ Lite/arm-none-eabi/lib/thumb2\libc.a(lib_a-mallocr.o)
                                                  C:\CodeSourcery\Sourcery G++ Lite/arm-none-eabi/lib/thumb2\libc.a(lib_a-reallocr.o)
                                                  C:\CodeSourcery\Sourcery G++ Lite/arm-none-eabi/lib/thumb2\libc.a(lib_a-callocr.o)
                                                  C:\CodeSourcery\Sourcery G++ Lite/arm-none-eabi/lib/thumb2\libc.a(lib_a-svfiprintf.o)
                                                  C:\CodeSourcery\Sourcery G++ Lite/arm-none-eabi/lib/thumb2\libc.a(lib_a-svfprintf.o)
                                                  C:\CodeSourcery\Sourcery G++ Lite/arm-none-eabi/lib/thumb2\libc.a(lib_a-malloc.o)
_malloc_trim_r                                    C:\CodeSourcery\Sourcery G++ Lite/arm-none-eabi/lib/thumb2\libc.a(lib_a-freer.o)
_mprec_log10                                      C:\CodeSourcery\Sourcery G++ Lite/arm-none-eabi/lib/thumb2\libc.a(lib_a-mprec.o)
_realloc_r                                        C:\CodeSourcery\Sourcery G++ Lite/arm-none-eabi/lib/thumb2\libc.a(lib_a-reallocr.o)
                                                  C:\CodeSourcery\Sourcery G++ Lite/arm-none-eabi/lib/thumb2\libc.a(lib_a-svfiprintf.o)
_reclaim_reent                                    C:\CodeSourcery\Sourcery G++ Lite/arm-none-eabi/lib/thumb2\libc.a(lib_a-reent.o)
_sbrk                                             runtime.o
                                                  C:\CodeSourcery\Sourcery G++ Lite/arm-none-eabi/lib/thumb2\libc.a(lib_a-sbrkr.o)
_sbrk_r                                           C:\CodeSourcery\Sourcery G++ Lite/arm-none-eabi/lib/thumb2\libc.a(lib_a-sbrkr.o)
                                                  C:\CodeSourcery\Sourcery G++ Lite/arm-none-eabi/lib/thumb2\libc.a(lib_a-freer.o)
                                                  C:\CodeSourcery\Sourcery G++ Lite/arm-none-eabi/lib/thumb2\libc.a(lib_a-mallocr.o)
_setlocale_r                                      C:\CodeSourcery\Sourcery G++ Lite/arm-none-eabi/lib/thumb2\libc.a(lib_a-locale.o)
_svfiprintf_r                                     C:\CodeSourcery\Sourcery G++ Lite/arm-none-eabi/lib/thumb2\libc.a(lib_a-svfiprintf.o)
_svfprintf_r                                      C:\CodeSourcery\Sourcery G++ Lite/arm-none-eabi/lib/thumb2\libc.a(lib_a-svfprintf.o)
                                                  C:\CodeSourcery\Sourcery G++ Lite/arm-none-eabi/lib/thumb2\libc.a(lib_a-vsprintf.o)
_vsprintf_r                                       C:\CodeSourcery\Sourcery G++ Lite/arm-none-eabi/lib/thumb2\libc.a(lib_a-vsprintf.o)
apple_img                                         define.o
blocked_queue                                     OS.o
cleanup_glue                                      C:\CodeSourcery\Sourcery G++ Lite/arm-none-eabi/lib/thumb2\libc.a(lib_a-reent.o)
createQueue                                       queue.o
                                                  OS.o
current_tcb                                       OS.o
                                                  scheduler.o
default_delay                                     OS.o
dequeue                                           queue.o
                                                  snake.o
                                                  OS.o
draw_init                                         snake.o
dummyParams                                       main.o
enqueue                                           queue.o
                                                  snake.o
                                                  OS.o
errno                                             C:\CodeSourcery\Sourcery G++ Lite/arm-none-eabi/lib/thumb2\libc.a(lib_a-reent.o)
                                                  C:\CodeSourcery\Sourcery G++ Lite/arm-none-eabi/lib/thumb2\libc.a(lib_a-sbrkr.o)
free                                              C:\CodeSourcery\Sourcery G++ Lite/arm-none-eabi/lib/thumb2\libc.a(lib_a-malloc.o)
grass_img                                         define.o
                                                  snake.o
interrupt_period                                  OS.o
isEmpty                                           queue.o
                                                  OS.o
isFull                                            queue.o
key_value                                         stm32f10x_it.o
lcddev                                            lcd.o
localeconv                                        C:\CodeSourcery\Sourcery G++ Lite/arm-none-eabi/lib/thumb2\libc.a(lib_a-locale.o)
malloc                                            C:\CodeSourcery\Sourcery G++ Lite/arm-none-eabi/lib/thumb2\libc.a(lib_a-malloc.o)
                                                  C:\CodeSourcery\Sourcery G++ Lite/arm-none-eabi/lib/thumb2\libc.a(lib_a-mprec.o)
                                                  C:\CodeSourcery\Sourcery G++ Lite/arm-none-eabi/lib/thumb2\libc.a(lib_a-dtoa.o)
                                                  C:\CodeSourcery\Sourcery G++ Lite/arm-none-eabi/lib/thumb2\libc.a(lib_a-rand.o)
memchr                                            C:\CodeSourcery\Sourcery G++ Lite/arm-none-eabi/lib/thumb2\libc.a(lib_a-memchr-stub.o)
                                                  C:\CodeSourcery\Sourcery G++ Lite/arm-none-eabi/lib/thumb2\libc.a(lib_a-svfiprintf.o)
                                                  C:\CodeSourcery\Sourcery G++ Lite/arm-none-eabi/lib/thumb2\libc.a(lib_a-svfprintf.o)
memcpy                                            C:\CodeSourcery\Sourcery G++ Lite/arm-none-eabi/lib/thumb2\libc.a(lib_a-memcpy-stub.o)
                                                  C:\CodeSourcery\Sourcery G++ Lite/arm-none-eabi/lib/thumb2\libc.a(lib_a-svfiprintf.o)
                                                  C:\CodeSourcery\Sourcery G++ Lite/arm-none-eabi/lib/thumb2\libc.a(lib_a-mprec.o)
                                                  C:\CodeSourcery\Sourcery G++ Lite/arm-none-eabi/lib/thumb2\libc.a(lib_a-dtoa.o)
                                                  queue.o
memmove                                           C:\CodeSourcery\Sourcery G++ Lite/arm-none-eabi/lib/thumb2\libc.a(lib_a-memmove.o)
                                                  C:\CodeSourcery\Sourcery G++ Lite/arm-none-eabi/lib/thumb2\libc.a(lib_a-reallocr.o)
                                                  C:\CodeSourcery\Sourcery G++ Lite/arm-none-eabi/lib/thumb2\libc.a(lib_a-svfiprintf.o)
memset                                            C:\CodeSourcery\Sourcery G++ Lite/arm-none-eabi/lib/thumb2\libc.a(lib_a-memset.o)
                                                  C:\CodeSourcery\Sourcery G++ Lite/arm-none-eabi/lib/thumb2\libc.a(lib_a-callocr.o)
next_tcb                                          OS.o
pq_compare_delay                                  priority_queue.o
                                                  OS.o
pq_compare_ready                                  priority_queue.o
                                                  OS.o
pq_heapify_down                                   priority_queue.o
pq_heapify_up                                     priority_queue.o
pq_init                                           priority_queue.o
                                                  OS.o
pq_pop                                            priority_queue.o
                                                  OS.o
pq_push                                           priority_queue.o
                                                  OS.o
pq_remove                                         priority_queue.o
                                                  OS.o
pq_swap                                           priority_queue.o
pq_top                                            priority_queue.o
                                                  OS.o
pq_update                                         priority_queue.o
queue_buffer                                      queue.o
queues                                            OS.o