Archive member included because of file (symbol)

C:\CodeSourcery\Sourcery G++ Lite/arm-none-eabi/lib/thumb2\libc.a(lib_a-memcpy-stub.o)
                              queue.o (memcpy)
C:\CodeSourcery\Sourcery G++ Lite/arm-none-eabi/lib/thumb2\libc.a(lib_a-vsprintf.o)
                              uart.o (vsprintf)
C:\CodeSourcery\Sourcery G++ Lite/arm-none-eabi/lib/thumb2\libc.a(lib_a-impure.o)
                              C:\CodeSourcery\Sourcery G++ Lite/arm-none-eabi/lib/thumb2\libc.a(lib_a-vsprintf.o) (_impure_ptr)
C:\CodeSourcery\Sourcery G++ Lite/arm-none-eabi/lib/thumb2\libc.a(lib_a-svfprintf.o)
                              C:\CodeSourcery\Sourcery G++ Lite/arm-none-eabi/lib/thumb2\libc.a(lib_a-vsprintf.o) (_svfprintf_r)
C:\CodeSourcery\Sourcery G++ Lite/arm-none-eabi/lib/thumb2\libc.a(lib_a-dtoa.o)
                              C:\CodeSourcery\Sourcery G++ Lite/arm-none-eabi/lib/thumb2\libc.a(lib_a-svfprintf.o) (_dtoa_r)
C:\CodeSourcery\Sourcery G++ Lite/arm-none-eabi/lib/thumb2\libc.a(lib_a-locale.o)
                              C:\CodeSourcery\Sourcery G++ Lite/arm-none-eabi/lib/thumb2\libc.a(lib_a-svfprintf.o) (_localeconv_r)
C:\CodeSourcery\Sourcery G++ Lite/arm-none-eabi/lib/thumb2\libc.a(lib_a-malloc.o)
                              C:\CodeSourcery\Sourcery G++ Lite/arm-none-eabi/lib/thumb2\libc.a(lib_a-dtoa.o) (malloc)
C:\CodeSourcery\Sourcery G++ Lite/arm-none-eabi/lib/thumb2\libc.a(lib_a-mallocr.o)
                              C:\CodeSourcery\Sourcery G++ Lite/arm-none-eabi/lib/thumb2\libc.a(lib_a-svfprintf.o) (_malloc_r)
C:\CodeSourcery\Sourcery G++ Lite/arm-none-eabi/lib/thumb2\libc.a(lib_a-memchr-stub.o)
                              C:\CodeSourcery\Sourcery G++ Lite/arm-none-eabi/lib/thumb2\libc.a(lib_a-svfprintf.o) (memchr)
C:\CodeSourcery\Sourcery G++ Lite/arm-none-eabi/lib/thumb2\libc.a(lib_a-mlock.o)
                              C:\CodeSourcery\Sourcery G++ Lite/arm-none-eabi/lib/thumb2\libc.a(lib_a-mallocr.o) (__malloc_lock)
C:\CodeSourcery\Sourcery G++ Lite/arm-none-eabi/lib/thumb2\libc.a(lib_a-mprec.o)
                              C:\CodeSourcery\Sourcery G++ Lite/arm-none-eabi/lib/thumb2\libc.a(lib_a-dtoa.o) (_Balloc)
C:\CodeSourcery\Sourcery G++ Lite/arm-none-eabi/lib/thumb2\libc.a(lib_a-s_fpclassify.o)
                              C:\CodeSourcery\Sourcery G++ Lite/arm-none-eabi/lib/thumb2\libc.a(lib_a-svfprintf.o) (__fpclassifyd)
C:\CodeSourcery\Sourcery G++ Lite/arm-none-eabi/lib/thumb2\libc.a(lib_a-sbrkr.o)
                              C:\CodeSourcery\Sourcery G++ Lite/arm-none-eabi/lib/thumb2\libc.a(lib_a-mallocr.o) (_sbrk_r)
C:\CodeSourcery\Sourcery G++ Lite/arm-none-eabi/lib/thumb2\libc.a(lib_a-strcmp.o)
                              C:\CodeSourcery\Sourcery G++ Lite/arm-none-eabi/lib/thumb2\libc.a(lib_a-locale.o) (strcmp)
C:\CodeSourcery\Sourcery G++ Lite/arm-none-eabi/lib/thumb2\libc.a(lib_a-strlen.o)
                              C:\CodeSourcery\Sourcery G++ Lite/arm-none-eabi/lib/thumb2\libc.a(lib_a-svfprintf.o) (strlen)
C:\CodeSourcery\Sourcery G++ Lite/arm-none-eabi/lib/thumb2\libc.a(lib_a-svfiprintf.o)
                              C:\CodeSourcery\Sourcery G++ Lite/arm-none-eabi/lib/thumb2\libc.a(lib_a-svfprintf.o) (__ssprint_r)
C:\CodeSourcery\Sourcery G++ Lite/arm-none-eabi/lib/thumb2\libc.a(lib_a-callocr.o)
                              C:\CodeSourcery\Sourcery G++ Lite/arm-none-eabi/lib/thumb2\libc.a(lib_a-mprec.o) (_calloc_r)
C:\CodeSourcery\Sourcery G++ Lite/arm-none-eabi/lib/thumb2\libc.a(lib_a-freer.o)
                              C:\CodeSourcery\Sourcery G++ Lite/arm-none-eabi/lib/thumb2\libc.a(lib_a-malloc.o) (_free_r)
C:\CodeSourcery\Sourcery G++ Lite/arm-none-eabi/lib/thumb2\libc.a(lib_a-memmove.o)
                              C:\CodeSourcery\Sourcery G++ Lite/arm-none-eabi/lib/thumb2\libc.a(lib_a-svfiprintf.o) (memmove)
C:\CodeSourcery\Sourcery G++ Lite/arm-none-eabi/lib/thumb2\libc.a(lib_a-memset.o)
                              C:\CodeSourcery\Sourcery G++ Lite/arm-none-eabi/lib/thumb2\libc.a(lib_a-callocr.o) (memset)
C:\CodeSourcery\Sourcery G++ Lite/arm-none-eabi/lib/thumb2\libc.a(lib_a-reallocr.o)
                              C:\CodeSourcery\Sourcery G++ Lite/arm-none-eabi/lib/thumb2\libc.a(lib_a-svfiprintf.o) (_realloc_r)
C:\CodeSourcery\Sourcery G++ Lite/arm-none-eabi/lib/thumb2\libc.a(lib_a-reent.o)
                              C:\CodeSourcery\Sourcery G++ Lite/arm-none-eabi/lib/thumb2\libc.a(lib_a-sbrkr.o) (errno)
C:\CodeSourcery\Sourcery G++ Lite/lib/gcc/arm-none-eabi/4.8.1/thumb2\libgcc.a(_udivsi3.o)
                              C:\CodeSourcery\Sourcery G++ Lite/arm-none-eabi/lib/thumb2\libc.a(lib_a-dtoa.o) (__aeabi_uidiv)
C:\CodeSourcery\Sourcery G++ Lite/lib/gcc/arm-none-eabi/4.8.1/thumb2\libgcc.a(_dvmd_tls.o)
                              C:\CodeSourcery\Sourcery G++ Lite/lib/gcc/arm-none-eabi/4.8.1/thumb2\libgcc.a(_udivsi3.o) (__aeabi_idiv0)
[...]
Memory Configuration

Name             Origin             Length             Attributes
ROM              0x08003000         0x0000d000         xr
RAM              0x20000000         0x00005000         xrw
*default*        0x00000000         0xffffffff

Linker script and memory map

LOAD OS.o
LOAD clock.o
LOAD core_cm3.o
LOAD joy_key.o
LOAD lcd.o
LOAD led.o
LOAD main.o
LOAD mutex.o
LOAD priority_queue.o
LOAD queue.o
LOAD runtime.o
LOAD stm32f10x_it.o
LOAD systick.o
LOAD timer.o
LOAD uart.o
LOAD crt0.o
LOAD exp_handler.o
LOAD scheduler.o
LOAD C:\CodeSourcery\Sourcery G++ Lite/arm-none-eabi/lib/thumb2\libm.a
LOAD C:\CodeSourcery\Sourcery G++ Lite/arm-none-eabi/lib/thumb2\libc.a
LOAD C:\CodeSourcery\Sourcery G++ Lite/lib/gcc/arm-none-eabi/4.8.1/thumb2\libgcc.a

.text           0x08003000     0x9b98
 crt0.o(.text)
 .text          0x08003000      0x13c crt0.o
                0x080030ec                __start
 *(.text)
 .text          0x0800313c      0xaa4 OS.o
                0x08003194                IdleTask
                0x080031b4                OS_Init
                0x08003388                _OS_Get_Stack
                0x080033e8                OS_Create_Task_Simple
                0x08003524                OS_Create_Queue
                0x080035c8                OS_Scheduler_Start
                0x08003664                OS_Scheduler
                0x08003754                OS_Tick
                0x0800380c                OS_Signal_Wait
                0x08003960                OS_Signal_Send
                0x08003a5c                OS_Block_Current_Task
                0x08003b08                OS_Unblock_Task
                0x08003b78                OS_Pend_Trigger
                0x08003b9c                PRINT_DUMMY
                0x08003bb0                OS_Take_Mutex
                0x08003bc8                OS_Give_Mutex
 .text          0x08003be0       0xa8 clock.o
                0x08003be0                Clock_Init
 .text          0x08003c88      0x280 core_cm3.o
                0x08003c88                __get_PSP
                0x08003c98                __set_PSP
                0x08003ca0                __get_MSP
                0x08003cb0                __set_MSP
                0x08003cb8                __get_BASEPRI
                0x08003cd8                __set_BASEPRI
                0x08003cf0                __get_PRIMASK
                0x08003d10                __set_PRIMASK
                0x08003d28                __get_FAULTMASK
                0x08003d48                __set_FAULTMASK
                0x08003d60                __get_CONTROL
                0x08003d80                __set_CONTROL
                0x08003d98                __REV
                0x08003db8                __REV16
                0x08003ddc                __REVSH
                0x08003e00                __RBIT
                0x08003e24                __LDREXB
                0x08003e48                __LDREXH
                0x08003e6c                __LDREXW
                0x08003e90                __STREXB
                0x08003eb8                __STREXH
                0x08003ee0                __STREXW
 .text          0x08003f08      0x3c0 joy_key.o
                0x08003f70                Key_Poll_Init
                0x08004064                Key_Get_Pressed
                0x080040cc                Key_Wait_Key_Pressed
                0x080040ec                Key_Wait_Key_Released
                0x08004100                Key_ISR_Enable
 .text          0x080042c8      0xa08 lcd.o
                0x080043e4                Lcd_GPIO_Init
                0x08004460                Lcd_Write_Reg
                0x08004488                Lcd_Write_Data_16Bit
                0x080044f8                Lcd_Fill
                0x08004584                Lcd_Reset
                0x080045c8                Lcd_WR_REG
                0x08004628                Lcd_WR_DATA
                0x08004688                Lcd_Set_Display_Mode
                0x080047a0                Lcd_Write_RAM_Prepare
                0x080047b8                Lcd_Set_Windows
                0x08004854                Lcd_Set_Cursor
                0x08004874                Lcd_Draw_Back_Color
                0x0800493c                Lcd_Clr_Screen
                0x08004948                Lcd_Draw_Box
                0x08004a28                Lcd_Init
                0x08004ca4                Lcd_Put_Pixel
 .text          0x08004cd0      0x120 led.o
                0x08004cd0                LED_Init
                0x08004d28                LED_Display
                0x08004d60                LED_All_On
                0x08004d84                LED_All_Off
                0x08004da8                LED_0_Toggle
                0x08004dcc                LED_1_Toggle
 .text          0x08004df0      0x13c main.o
                0x08004df0                Task1
                0x08004e14                Task2
                0x08004e38                Task3
                0x08004e78                TaskDummy
                0x08004ea0                Main
 .text          0x08004f2c      0x624 mutex.o
                0x08004f2c                Mutex_Init
                0x0800501c                _Mutex_Get_Buffer
                0x08005080                Create_Mutex
                0x080050f0                Take_Mutex
                0x08005354                Give_Mutex
                0x080054f8                Set_Mutex_Scheduler_Flag
 .text          0x08005550      0x3ec priority_queue.o
                0x08005550                pq_init
                0x0800556c                pq_compare_delay
                0x080055c0                pq_compare_ready
                0x0800562c                pq_swap
                0x08005670                pq_heapify_up
                0x080056e0                pq_heapify_down
                0x08005798                pq_push
                0x080057ec                pq_pop
                0x08005850                pq_top
                0x08005878                pq_remove
                0x080058f4                pq_update
 .text          0x0800593c      0x27c queue.o
                0x0800593c                _OS_Get_Buffer
                0x080059a0                createQueue
                0x08005a74                enqueue
                0x08005af0                dequeue
                0x08005b70                isEmpty
                0x08005b94                isFull
 .text          0x08005bb8       0xe4 runtime.o
                0x08005bb8                _sbrk
                0x08005c44                System_Init
 .text          0x08005c9c      0x724 stm32f10x_it.o
                0x08005cd0                Invalid_ISR
                0x08005e5c                NMI_Handler
                0x08005e7c                HardFault_Handler
                0x08005f24                MemManage_Handler
                0x08005f80                BusFault_Handler
                0x08005fdc                UsageFault_Handler
                0x08006000                DebugMon_Handler
                0x08006014                SysTick_Handler
                0x08006030                WWDG_IRQHandler
                0x0800603c                PVD_IRQHandler
                0x08006048                TAMPER_IRQHandler
                0x08006054                RTC_IRQHandler
                0x08006060                FLASH_IRQHandler
                0x0800606c                RCC_IRQHandler
                0x08006078                EXTI0_IRQHandler
                0x08006084                EXTI1_IRQHandler
                0x08006090                EXTI2_IRQHandler
                0x0800609c                EXTI3_IRQHandler
                0x080060dc                EXTI4_IRQHandler
                0x080060e8                DMA1_Channel1_IRQHandler
                0x080060f4                DMA1_Channel2_IRQHandler
                0x08006100                DMA1_Channel3_IRQHandler
                0x0800610c                DMA1_Channel4_IRQHandler
                0x08006118                DMA1_Channel5_IRQHandler
                0x08006124                DMA1_Channel6_IRQHandler
                0x08006130                DMA1_Channel7_IRQHandler
                0x0800613c                ADC1_2_IRQHandler
                0x08006148                USB_HP_CAN_TX_IRQHandler
                0x08006154                USB_LP_CAN_RX0_IRQHandler
                0x08006160                CAN_RX1_IRQHandler
                0x0800616c                CAN_SCE_IRQHandler
                0x08006178                EXTI9_5_IRQHandler
                0x080061d0                TIM1_BRK_IRQHandler
                0x080061dc                TIM1_UP_IRQHandler
                0x080061e8                TIM1_TRG_COM_IRQHandler
                0x080061f4                TIM1_CC_IRQHandler
                0x08006200                TIM2_IRQHandler
                0x0800620c                TIM3_IRQHandler
                0x08006218                TIM4_IRQHandler
                0x0800624c                I2C1_EV_IRQHandler
                0x08006258                I2C1_ER_IRQHandler
                0x08006264                I2C2_EV_IRQHandler
                0x08006270                I2C2_ER_IRQHandler
                0x0800627c                SPI1_IRQHandler
                0x08006288                SPI2_IRQHandler
                0x08006294                USART1_IRQHandler
                0x0800632c                USART2_IRQHandler
                0x08006338                USART3_IRQHandler
                0x08006344                EXTI15_10_IRQHandler
                0x080063a8                RTCAlarm_IRQHandler
                0x080063b4                USBWakeUp_IRQHandler
 .text          0x080063c0       0x90 systick.o
                0x080063c0                SysTick_OS_Tick
 .text          0x08006450      0x1c8 timer.o
                0x080064ec                TIM4_Repeat_Interrupt_Enable
 .text          0x08006618      0x358 uart.o
                0x080066b4                Uart1_Init
                0x08006828                Uart1_Send_Byte
                0x08006894                Uart1_Send_String
                0x080068bc                Uart1_Printf
                0x08006910                Uart1_RX_Interrupt_Enable
 .text          0x08006970       0xf0 exp_handler.o
                0x08006970                __get_IPSR
                0x08006976                _Print_Reg
                0x08006a08                _HardFault_Handler
                0x08006a1c                _MemManage_Handler
                0x08006a30                _BusFault_Handler
                0x08006a44                _UsageFault_Handler
 .text          0x08006a60       0x40 scheduler.o
                0x08006a60                PendSV_Handler
                0x08006a7c                SVC_Handler
                0x08006a90                _OS_Start_First_Task
 .text          0x08006aa0       0xa8 C:\CodeSourcery\Sourcery G++ Lite/arm-none-eabi/lib/thumb2\libc.a(lib_a-memcpy-stub.o)
                0x08006aa0                memcpy
 .text          0x08006b48       0x50 C:\CodeSourcery\Sourcery G++ Lite/arm-none-eabi/lib/thumb2\libc.a(lib_a-vsprintf.o)
                0x08006b48                _vsprintf_r
                0x08006b7c                vsprintf
 .text          0x08006b98        0x0 C:\CodeSourcery\Sourcery G++ Lite/arm-none-eabi/lib/thumb2\libc.a(lib_a-impure.o)
 .text          0x08006b98     0x14b4 C:\CodeSourcery\Sourcery G++ Lite/arm-none-eabi/lib/thumb2\libc.a(lib_a-svfprintf.o)
                0x08006b98                _svfprintf_r
 *fill*         0x0800804c        0x4 
 .text          0x08008050     0x10d8 C:\CodeSourcery\Sourcery G++ Lite/arm-none-eabi/lib/thumb2\libc.a(lib_a-dtoa.o)
                0x0800819c                _dtoa_r
 .text          0x08009128       0x9c C:\CodeSourcery\Sourcery G++ Lite/arm-none-eabi/lib/thumb2\libc.a(lib_a-locale.o)
                0x08009128                _setlocale_r
                0x0800917c                __locale_charset
                0x08009188                __locale_mb_cur_max
                0x08009194                __locale_msgcharset
                0x0800919c                __locale_cjk_lang
                0x080091a0                _localeconv_r
                0x080091a8                setlocale
                0x080091bc                localeconv
 .text          0x080091c4       0x20 C:\CodeSourcery\Sourcery G++ Lite/arm-none-eabi/lib/thumb2\libc.a(lib_a-malloc.o)
                0x080091c4                malloc
                0x080091d4                free
 .text          0x080091e4      0x570 C:\CodeSourcery\Sourcery G++ Lite/arm-none-eabi/lib/thumb2\libc.a(lib_a-mallocr.o)
                0x080091e4                _malloc_r
 .text          0x08009754       0x90 C:\CodeSourcery\Sourcery G++ Lite/arm-none-eabi/lib/thumb2\libc.a(lib_a-memchr-stub.o)
                0x08009754                memchr
 .text          0x080097e4        0x8 C:\CodeSourcery\Sourcery G++ Lite/arm-none-eabi/lib/thumb2\libc.a(lib_a-mlock.o)
                0x080097e4                __malloc_lock
                0x080097e8                __malloc_unlock
 .text          0x080097ec      0x938 C:\CodeSourcery\Sourcery G++ Lite/arm-none-eabi/lib/thumb2\libc.a(lib_a-mprec.o)
                0x080097ec                _Balloc
                0x08009858                _Bfree
                0x08009890                __multadd
                0x0800991c                __s2b
                0x080099b4                __hi0bits
                0x080099f0                __lo0bits
                0x08009a48                __i2b
                0x08009a5c                __multiply
                0x08009b9c                __pow5mult
                0x08009c54                __lshift
                0x08009d0c                __mcmp
                0x08009d50                __mdiff
                0x08009e3c                __ulp
                0x08009e80                __b2d
                0x08009f2c                __d2b
                0x08009fe8                __ratio
                0x0800a048                _mprec_log10
                0x0800a07c                __copybits
                0x0800a0c4                __any_on
 .text          0x0800a124       0x50 C:\CodeSourcery\Sourcery G++ Lite/arm-none-eabi/lib/thumb2\libc.a(lib_a-s_fpclassify.o)
                0x0800a124                __fpclassifyd
 .text          0x0800a174       0x28 C:\CodeSourcery\Sourcery G++ Lite/arm-none-eabi/lib/thumb2\libc.a(lib_a-sbrkr.o)
                0x0800a174                _sbrk_r
 .text          0x0800a19c      0x23c C:\CodeSourcery\Sourcery G++ Lite/arm-none-eabi/lib/thumb2\libc.a(lib_a-strcmp.o)
                0x0800a19c                strcmp
 .text          0x0800a3d8       0x60 C:\CodeSourcery\Sourcery G++ Lite/arm-none-eabi/lib/thumb2\libc.a(lib_a-strlen.o)
                0x0800a3d8                strlen
 .text          0x0800a438      0xbe0 C:\CodeSourcery\Sourcery G++ Lite/arm-none-eabi/lib/thumb2\libc.a(lib_a-svfiprintf.o)
                0x0800a438                __ssprint_r
                0x0800a53c                _svfiprintf_r
 .text          0x0800b018       0x64 C:\CodeSourcery\Sourcery G++ Lite/arm-none-eabi/lib/thumb2\libc.a(lib_a-callocr.o)
                0x0800b018                _calloc_r
 .text          0x0800b07c      0x23c C:\CodeSourcery\Sourcery G++ Lite/arm-none-eabi/lib/thumb2\libc.a(lib_a-freer.o)
                0x0800b07c                _malloc_trim_r
                0x0800b120                _free_r
 .text          0x0800b2b8       0xd0 C:\CodeSourcery\Sourcery G++ Lite/arm-none-eabi/lib/thumb2\libc.a(lib_a-memmove.o)
                0x0800b2b8                memmove
 .text          0x0800b388       0xa0 C:\CodeSourcery\Sourcery G++ Lite/arm-none-eabi/lib/thumb2\libc.a(lib_a-memset.o)
                0x0800b388                memset
 .text          0x0800b428      0x3ec C:\CodeSourcery\Sourcery G++ Lite/arm-none-eabi/lib/thumb2\libc.a(lib_a-reallocr.o)
                0x0800b428                _realloc_r
 .text          0x0800b814       0xf4 C:\CodeSourcery\Sourcery G++ Lite/arm-none-eabi/lib/thumb2\libc.a(lib_a-reent.o)
                0x0800b814                cleanup_glue
                0x0800b830                _reclaim_reent
 .text          0x0800b908      0x278 C:\CodeSourcery\Sourcery G++ Lite/lib/gcc/arm-none-eabi/4.8.1/thumb2\libgcc.a(_udivsi3.o)
                0x0800b908                __aeabi_uidiv
                0x0800b908                __udivsi3
                0x0800bb64                __aeabi_uidivmod
 .text          0x0800bb80        0x4 C:\CodeSourcery\Sourcery G++ Lite/lib/gcc/arm-none-eabi/4.8.1/thumb2\libgcc.a(_dvmd_tls.o)
                0x0800bb80                __aeabi_idiv0
                0x0800bb80                __aeabi_ldiv0
 .text          0x0800bb84      0x370 C:\CodeSourcery\Sourcery G++ Lite/lib/gcc/arm-none-eabi/4.8.1/thumb2\libgcc.a(_arm_addsubdf3.o)
                0x0800bb84                __aeabi_drsub
                0x0800bb8c                __aeabi_dsub
                0x0800bb8c                __subdf3
                0x0800bb90                __aeabi_dadd
                0x0800bb90                __adddf3
                0x0800be08                __floatunsidf
                0x0800be08                __aeabi_ui2d
                0x0800be28                __floatsidf
                0x0800be28                __aeabi_i2d
                0x0800be4c                __aeabi_f2d
                0x0800be4c                __extendsfdf2
                0x0800be88                __floatundidf
                0x0800be88                __aeabi_ul2d
                0x0800be98                __floatdidf
                0x0800be98                __aeabi_l2d
 .text          0x0800bef4      0x424 C:\CodeSourcery\Sourcery G++ Lite/lib/gcc/arm-none-eabi/4.8.1/thumb2\libgcc.a(_arm_muldivdf3.o)
                0x0800bef4                __aeabi_dmul
                0x0800bef4                __muldf3
                0x0800c148                __divdf3
                0x0800c148                __aeabi_ddiv
 .text          0x0800c318      0x110 C:\CodeSourcery\Sourcery G++ Lite/lib/gcc/arm-none-eabi/4.8.1/thumb2\libgcc.a(_arm_cmpdf2.o)
                0x0800c318                __gtdf2
                0x0800c318                __gedf2
                0x0800c320                __ltdf2
                0x0800c320                __ledf2
                0x0800c328                __nedf2
                0x0800c328                __eqdf2
                0x0800c328                __cmpdf2
                0x0800c3a4                __aeabi_cdrcmple
                0x0800c3b4                __aeabi_cdcmpeq
                0x0800c3b4                __aeabi_cdcmple
                0x0800c3c4                __aeabi_dcmpeq
                0x0800c3d8                __aeabi_dcmplt
                0x0800c3ec                __aeabi_dcmple
                0x0800c400                __aeabi_dcmpge
                0x0800c414                __aeabi_dcmpgt
 .text          0x0800c428       0x50 C:\CodeSourcery\Sourcery G++ Lite/lib/gcc/arm-none-eabi/4.8.1/thumb2\libgcc.a(_arm_fixdfsi.o)
                0x0800c428                __aeabi_d2iz
                0x0800c428                __fixdfsi
 .text          0x0800c478       0x40 C:\CodeSourcery\Sourcery G++ Lite/lib/gcc/arm-none-eabi/4.8.1/thumb2\libgcc.a(_arm_fixunsdfsi.o)
                0x0800c478                __aeabi_d2uiz
                0x0800c478                __fixunsdfsi
 .text          0x0800c4b8       0x2c C:\CodeSourcery\Sourcery G++ Lite/lib/gcc/arm-none-eabi/4.8.1/thumb2\libgcc.a(_aeabi_uldivmod.o)
                0x0800c4b8                __aeabi_uldivmod
 .text          0x0800c4e4       0x60 C:\CodeSourcery\Sourcery G++ Lite/lib/gcc/arm-none-eabi/4.8.1/thumb2\libgcc.a(bpabi.o)
                0x0800c4e4                __gnu_ldivmod_helper
                0x0800c514                __gnu_uldivmod_helper
 .text          0x0800c544      0x354 C:\CodeSourcery\Sourcery G++ Lite/lib/gcc/arm-none-eabi/4.8.1/thumb2\libgcc.a(_divdi3.o)
                0x0800c544                __divdi3
 .text          0x0800c898      0x300 C:\CodeSourcery\Sourcery G++ Lite/lib/gcc/arm-none-eabi/4.8.1/thumb2\libgcc.a(_udivdi3.o)
                0x0800c898                __udivdi3
                0x0800cb98                . = ALIGN (0x4)

.glue_7         0x0800cb98        0x0
 .glue_7        0x00000000        0x0 linker stubs

.glue_7t        0x0800cb98        0x0
 .glue_7t       0x00000000        0x0 linker stubs

.vfp11_veneer   0x0800cb98        0x0
 .vfp11_veneer  0x00000000        0x0 linker stubs

.v4_bx          0x0800cb98        0x0
 .v4_bx         0x00000000        0x0 linker stubs

.iplt           0x0800cb98        0x0
 .iplt          0x00000000        0x0 OS.o

.ARM.extab      0x0800cb98        0x0
 *(.ARM.extab* .gnu.linkonce.armextab.*)
 .ARM.extab     0x0800cb98        0x0 C:\CodeSourcery\Sourcery G++ Lite/lib/gcc/arm-none-eabi/4.8.1/thumb2\libgcc.a(_divdi3.o)
 .ARM.extab     0x0800cb98        0x0 C:\CodeSourcery\Sourcery G++ Lite/lib/gcc/arm-none-eabi/4.8.1/thumb2\libgcc.a(_udivdi3.o)
                0x0800cb98                . = ALIGN (0x4)

.ARM.exidx      0x0800cb98        0x8
 *(.ARM.exidx* .gnu.linkonce.armexidx.*)
 .ARM.exidx     0x0800cb98        0x8 C:\CodeSourcery\Sourcery G++ Lite/lib/gcc/arm-none-eabi/4.8.1/thumb2\libgcc.a(_divdi3.o)
 .ARM.exidx     0x0800cba0        0x0 C:\CodeSourcery\Sourcery G++ Lite/lib/gcc/arm-none-eabi/4.8.1/thumb2\libgcc.a(_udivdi3.o)
                                  0x8 (size before relaxing)
                0x0800cba0                . = ALIGN (0x4)

.rodata         0x0800cba0      0x5c0
                0x0800cba0                __RO_BASE__ = .
 *(.rodata)
 .rodata        0x0800cba0       0xcc OS.o
                0x0800cba0                default_delay
 .rodata        0x0800cc6c       0x38 main.o
 .rodata        0x0800cca4       0x80 mutex.o
 .rodata        0x0800cd24      0x264 stm32f10x_it.o
 .rodata        0x0800cf88        0x4 C:\CodeSourcery\Sourcery G++ Lite/arm-none-eabi/lib/thumb2\libc.a(lib_a-impure.o)
                0x0800cf88                _global_impure_ptr
 .rodata        0x0800cf8c       0x20 C:\CodeSourcery\Sourcery G++ Lite/arm-none-eabi/lib/thumb2\libc.a(lib_a-svfprintf.o)
 *fill*         0x0800cfac        0x4 
 .rodata        0x0800cfb0      0x128 C:\CodeSourcery\Sourcery G++ Lite/arm-none-eabi/lib/thumb2\libc.a(lib_a-mprec.o)
                0x0800cfc0                __mprec_tens
                0x0800d088                __mprec_tinytens
                0x0800d0b0                __mprec_bigtens
 .rodata        0x0800d0d8       0x20 C:\CodeSourcery\Sourcery G++ Lite/arm-none-eabi/lib/thumb2\libc.a(lib_a-svfiprintf.o)
 *(.rodata.*)
 .rodata.str1.4
                0x0800d0f8        0x2 C:\CodeSourcery\Sourcery G++ Lite/arm-none-eabi/lib/thumb2\libc.a(lib_a-impure.o)
                                  0x4 (size before relaxing)
 *fill*         0x0800d0fa        0x2 
 .rodata.str1.4
                0x0800d0fc       0x42 C:\CodeSourcery\Sourcery G++ Lite/arm-none-eabi/lib/thumb2\libc.a(lib_a-svfprintf.o)
                                 0x44 (size before relaxing)
 *fill*         0x0800d13e        0x2 
 .rodata.str1.4
                0x0800d140       0x10 C:\CodeSourcery\Sourcery G++ Lite/arm-none-eabi/lib/thumb2\libc.a(lib_a-dtoa.o)
                                 0x14 (size before relaxing)
 .rodata.str1.4
                0x0800d150        0xc C:\CodeSourcery\Sourcery G++ Lite/arm-none-eabi/lib/thumb2\libc.a(lib_a-locale.o)
                                 0x14 (size before relaxing)
 .rodata.str1.4
                0x00000000       0x30 C:\CodeSourcery\Sourcery G++ Lite/arm-none-eabi/lib/thumb2\libc.a(lib_a-svfiprintf.o)
                0x0800d160                . = ALIGN (0x8)
 *fill*         0x0800d15c        0x4 
                0x0800d160                __RO_LIMIT__ = .

.rel.dyn        0x0800d160        0x0
 .rel.iplt      0x00000000        0x0 OS.o

.data           0x20000000      0x5d4 load address 0x0800d160
                0x20000000                __RW_BASE__ = .
 *(.data)
 .data          0x20000000        0xc OS.o
                0x20000000                interrupt_period
 .data          0x2000000c        0x0 clock.o
 .data          0x2000000c        0x0 core_cm3.o
 .data          0x2000000c        0x0 joy_key.o
 .data          0x2000000c        0x2 lcd.o
                0x2000000c                BACK_COLOR
 .data          0x2000000e        0x0 led.o
 .data          0x2000000e        0x0 main.o
 *fill*         0x2000000e        0x2 
 .data          0x20000010        0x8 mutex.o
 .data          0x20000018        0x0 priority_queue.o
 .data          0x20000018        0x8 queue.o
 .data          0x20000020        0x0 runtime.o
 .data          0x20000020       0x30 stm32f10x_it.o
                0x20000020                EXTI9_5_LUT
                0x20000040                EXTI15_10_LUT
 .data          0x20000050        0x0 systick.o
 .data          0x20000050        0x0 timer.o
 .data          0x20000050        0x4 uart.o
 .data          0x20000054        0x0 crt0.o
 .data          0x20000054        0x0 exp_handler.o
 .data          0x20000054        0x0 scheduler.o
 .data          0x20000054        0x0 C:\CodeSourcery\Sourcery G++ Lite/arm-none-eabi/lib/thumb2\libc.a(lib_a-memcpy-stub.o)
 .data          0x20000054        0x0 C:\CodeSourcery\Sourcery G++ Lite/arm-none-eabi/lib/thumb2\libc.a(lib_a-vsprintf.o)
 .data          0x20000054       0xf4 C:\CodeSourcery\Sourcery G++ Lite/arm-none-eabi/lib/thumb2\libc.a(lib_a-impure.o)
                0x20000054                _impure_ptr
 .data          0x20000148        0x0 C:\CodeSourcery\Sourcery G++ Lite/arm-none-eabi/lib/thumb2\libc.a(lib_a-svfprintf.o)
 .data          0x20000148        0x0 C:\CodeSourcery\Sourcery G++ Lite/arm-none-eabi/lib/thumb2\libc.a(lib_a-dtoa.o)
 .data          0x20000148       0x7c C:\CodeSourcery\Sourcery G++ Lite/arm-none-eabi/lib/thumb2\libc.a(lib_a-locale.o)
                0x20000168                __mb_cur_max
 .data          0x200001c4        0x0 C:\CodeSourcery\Sourcery G++ Lite/arm-none-eabi/lib/thumb2\libc.a(lib_a-malloc.o)
 .data          0x200001c4      0x410 C:\CodeSourcery\Sourcery G++ Lite/arm-none-eabi/lib/thumb2\libc.a(lib_a-mallocr.o)
                0x200001c4                __malloc_av_
                0x200005cc                __malloc_sbrk_base
                0x200005d0                __malloc_trim_threshold
 .data          0x200005d4        0x0 C:\CodeSourcery\Sourcery G++ Lite/arm-none-eabi/lib/thumb2\libc.a(lib_a-memchr-stub.o)
 .data          0x200005d4        0x0 C:\CodeSourcery\Sourcery G++ Lite/arm-none-eabi/lib/thumb2\libc.a(lib_a-mlock.o)
 .data          0x200005d4        0x0 C:\CodeSourcery\Sourcery G++ Lite/arm-none-eabi/lib/thumb2\libc.a(lib_a-mprec.o)
 .data          0x200005d4        0x0 C:\CodeSourcery\Sourcery G++ Lite/arm-none-eabi/lib/thumb2\libc.a(lib_a-s_fpclassify.o)
 .data          0x200005d4        0x0 C:\CodeSourcery\Sourcery G++ Lite/arm-none-eabi/lib/thumb2\libc.a(lib_a-sbrkr.o)
 .data          0x200005d4        0x0 C:\CodeSourcery\Sourcery G++ Lite/arm-none-eabi/lib/thumb2\libc.a(lib_a-strcmp.o)
 .data          0x200005d4        0x0 C:\CodeSourcery\Sourcery G++ Lite/arm-none-eabi/lib/thumb2\libc.a(lib_a-strlen.o)
 .data          0x200005d4        0x0 C:\CodeSourcery\Sourcery G++ Lite/arm-none-eabi/lib/thumb2\libc.a(lib_a-svfiprintf.o)
 .data          0x200005d4        0x0 C:\CodeSourcery\Sourcery G++ Lite/arm-none-eabi/lib/thumb2\libc.a(lib_a-callocr.o)
 .data          0x200005d4        0x0 C:\CodeSourcery\Sourcery G++ Lite/arm-none-eabi/lib/thumb2\libc.a(lib_a-freer.o)
 .data          0x200005d4        0x0 C:\CodeSourcery\Sourcery G++ Lite/arm-none-eabi/lib/thumb2\libc.a(lib_a-memmove.o)
 .data          0x200005d4        0x0 C:\CodeSourcery\Sourcery G++ Lite/arm-none-eabi/lib/thumb2\libc.a(lib_a-memset.o)
 .data          0x200005d4        0x0 C:\CodeSourcery\Sourcery G++ Lite/arm-none-eabi/lib/thumb2\libc.a(lib_a-reallocr.o)
 .data          0x200005d4        0x0 C:\CodeSourcery\Sourcery G++ Lite/arm-none-eabi/lib/thumb2\libc.a(lib_a-reent.o)
 .data          0x200005d4        0x0 C:\CodeSourcery\Sourcery G++ Lite/lib/gcc/arm-none-eabi/4.8.1/thumb2\libgcc.a(_udivsi3.o)
 .data          0x200005d4        0x0 C:\CodeSourcery\Sourcery G++ Lite/lib/gcc/arm-none-eabi/4.8.1/thumb2\libgcc.a(_dvmd_tls.o)
 .data          0x200005d4        0x0 C:\CodeSourcery\Sourcery G++ Lite/lib/gcc/arm-none-eabi/4.8.1/thumb2\libgcc.a(_arm_addsubdf3.o)
 .data          0x200005d4        0x0 C:\CodeSourcery\Sourcery G++ Lite/lib/gcc/arm-none-eabi/4.8.1/thumb2\libgcc.a(_arm_muldivdf3.o)
 .data          0x200005d4        0x0 C:\CodeSourcery\Sourcery G++ Lite/lib/gcc/arm-none-eabi/4.8.1/thumb2\libgcc.a(_arm_cmpdf2.o)
 .data          0x200005d4        0x0 C:\CodeSourcery\Sourcery G++ Lite/lib/gcc/arm-none-eabi/4.8.1/thumb2\libgcc.a(_arm_fixdfsi.o)
 .data          0x200005d4        0x0 C:\CodeSourcery\Sourcery G++ Lite/lib/gcc/arm-none-eabi/4.8.1/thumb2\libgcc.a(_arm_fixunsdfsi.o)
 .data          0x200005d4        0x0 C:\CodeSourcery\Sourcery G++ Lite/lib/gcc/arm-none-eabi/4.8.1/thumb2\libgcc.a(_aeabi_uldivmod.o)
 .data          0x200005d4        0x0 C:\CodeSourcery\Sourcery G++ Lite/lib/gcc/arm-none-eabi/4.8.1/thumb2\libgcc.a(bpabi.o)
 .data          0x200005d4        0x0 C:\CodeSourcery\Sourcery G++ Lite/lib/gcc/arm-none-eabi/4.8.1/thumb2\libgcc.a(_divdi3.o)
 .data          0x200005d4        0x0 C:\CodeSourcery\Sourcery G++ Lite/lib/gcc/arm-none-eabi/4.8.1/thumb2\libgcc.a(_udivdi3.o)
 *(.data.*)
                0x200005d4                . = ALIGN (0x4)
                0x200005d4                __RW_LIMIT__ = .
                0x000005d4                __RW_SIZE__ = SIZEOF (.data)
                0x0800d160                __RW_LOAD_ADDR__ = LOADADDR (.data)

.igot.plt       0x200005d4        0x0 load address 0x0800d734
 .igot.plt      0x00000000        0x0 OS.o

.bss            0x200005d8     0x3d28 load address 0x0800d738
                0x200005d8                __ZI_BASE__ = .
 *(.bss)
 .bss           0x200005d8     0x3050 OS.o
                0x200005d8                tcb
                0x20001330                stack
                0x20003330                queues
                0x20003420                current_tcb
                0x20003424                next_tcb
                0x20003428                ready_queue
                0x20003520                blocked_queue
                0x20003618                system_tick
                0x20003620                os_mutex_id
 .bss           0x20003628        0x0 clock.o
 .bss           0x20003628        0x0 core_cm3.o
 .bss           0x20003628        0x0 joy_key.o
 .bss           0x20003628       0x10 lcd.o
                0x20003628                lcddev
                0x20003634                POINT_COLOR
 .bss           0x20003638        0x0 led.o
 .bss           0x20003638       0x28 main.o
                0x20003638                dummyParams
 .bss           0x20003660      0x430 mutex.o
                0x20003660                mutex_list
                0x20003688                mutex_buffer
                0x20003a88                scheduler_flag
 .bss           0x20003a90        0x0 priority_queue.o
 .bss           0x20003a90      0x800 queue.o
                0x20003a90                queue_buffer
 .bss           0x20004290        0x4 runtime.o
 .bss           0x20004294       0x28 stm32f10x_it.o
                0x20004294                systick_flag
                0x20004298                key_value
                0x2000429c                tim4_timeout
                0x200042a0                uart_rx_in
                0x200042a4                uart_rx_buffer
                0x200042b8                uart_rx_index
 .bss           0x200042bc        0x0 systick.o
 .bss           0x200042bc        0x0 timer.o
 .bss           0x200042bc        0x0 uart.o
 .bss           0x200042bc        0x0 crt0.o
 .bss           0x200042bc        0x0 exp_handler.o
 .bss           0x200042bc        0x0 scheduler.o
 .bss           0x200042bc        0x0 C:\CodeSourcery\Sourcery G++ Lite/arm-none-eabi/lib/thumb2\libc.a(lib_a-memcpy-stub.o)
 .bss           0x200042bc        0x0 C:\CodeSourcery\Sourcery G++ Lite/arm-none-eabi/lib/thumb2\libc.a(lib_a-vsprintf.o)
 .bss           0x200042bc        0x0 C:\CodeSourcery\Sourcery G++ Lite/arm-none-eabi/lib/thumb2\libc.a(lib_a-impure.o)
 .bss           0x200042bc        0x0 C:\CodeSourcery\Sourcery G++ Lite/arm-none-eabi/lib/thumb2\libc.a(lib_a-svfprintf.o)
 .bss           0x200042bc        0x0 C:\CodeSourcery\Sourcery G++ Lite/arm-none-eabi/lib/thumb2\libc.a(lib_a-dtoa.o)
 .bss           0x200042bc        0xc C:\CodeSourcery\Sourcery G++ Lite/arm-none-eabi/lib/thumb2\libc.a(lib_a-locale.o)
                0x200042bc                _PathLocale
                0x200042c0                __mlocale_changed
                0x200042c4                __nlocale_changed
 .bss           0x200042c8        0x0 C:\CodeSourcery\Sourcery G++ Lite/arm-none-eabi/lib/thumb2\libc.a(lib_a-malloc.o)
 .bss           0x200042c8       0x34 C:\CodeSourcery\Sourcery G++ Lite/arm-none-eabi/lib/thumb2\libc.a(lib_a-mallocr.o)
                0x200042c8                __malloc_top_pad
                0x200042cc                __malloc_current_mallinfo
                0x200042f4                __malloc_max_sbrked_mem
                0x200042f8                __malloc_max_total_mem
 .bss           0x200042fc        0x0 C:\CodeSourcery\Sourcery G++ Lite/arm-none-eabi/lib/thumb2\libc.a(lib_a-memchr-stub.o)
 .bss           0x200042fc        0x0 C:\CodeSourcery\Sourcery G++ Lite/arm-none-eabi/lib/thumb2\libc.a(lib_a-mlock.o)
 .bss           0x200042fc        0x0 C:\CodeSourcery\Sourcery G++ Lite/arm-none-eabi/lib/thumb2\libc.a(lib_a-mprec.o)
 .bss           0x200042fc        0x0 C:\CodeSourcery\Sourcery G++ Lite/arm-none-eabi/lib/thumb2\libc.a(lib_a-s_fpclassify.o)
 .bss           0x200042fc        0x0 C:\CodeSourcery\Sourcery G++ Lite/arm-none-eabi/lib/thumb2\libc.a(lib_a-sbrkr.o)
 .bss           0x200042fc        0x0 C:\CodeSourcery\Sourcery G++ Lite/arm-none-eabi/lib/thumb2\libc.a(lib_a-strcmp.o)
 .bss           0x200042fc        0x0 C:\CodeSourcery\Sourcery G++ Lite/arm-none-eabi/lib/thumb2\libc.a(lib_a-strlen.o)
 .bss           0x200042fc        0x0 C:\CodeSourcery\Sourcery G++ Lite/arm-none-eabi/lib/thumb2\libc.a(lib_a-svfiprintf.o)
 .bss           0x200042fc        0x0 C:\CodeSourcery\Sourcery G++ Lite/arm-none-eabi/lib/thumb2\libc.a(lib_a-callocr.o)
 .bss           0x200042fc        0x0 C:\CodeSourcery\Sourcery G++ Lite/arm-none-eabi/lib/thumb2\libc.a(lib_a-freer.o)
 .bss           0x200042fc        0x0 C:\CodeSourcery\Sourcery G++ Lite/arm-none-eabi/lib/thumb2\libc.a(lib_a-memmove.o)
 .bss           0x200042fc        0x0 C:\CodeSourcery\Sourcery G++ Lite/arm-none-eabi/lib/thumb2\libc.a(lib_a-memset.o)
 .bss           0x200042fc        0x0 C:\CodeSourcery\Sourcery G++ Lite/arm-none-eabi/lib/thumb2\libc.a(lib_a-reallocr.o)
 .bss           0x200042fc        0x0 C:\CodeSourcery\Sourcery G++ Lite/arm-none-eabi/lib/thumb2\libc.a(lib_a-reent.o)
 .bss           0x200042fc        0x0 C:\CodeSourcery\Sourcery G++ Lite/lib/gcc/arm-none-eabi/4.8.1/thumb2\libgcc.a(_udivsi3.o)
 .bss           0x200042fc        0x0 C:\CodeSourcery\Sourcery G++ Lite/lib/gcc/arm-none-eabi/4.8.1/thumb2\libgcc.a(_dvmd_tls.o)
 .bss           0x200042fc        0x0 C:\CodeSourcery\Sourcery G++ Lite/lib/gcc/arm-none-eabi/4.8.1/thumb2\libgcc.a(_arm_addsubdf3.o)
 .bss           0x200042fc        0x0 C:\CodeSourcery\Sourcery G++ Lite/lib/gcc/arm-none-eabi/4.8.1/thumb2\libgcc.a(_arm_muldivdf3.o)
 .bss           0x200042fc        0x0 C:\CodeSourcery\Sourcery G++ Lite/lib/gcc/arm-none-eabi/4.8.1/thumb2\libgcc.a(_arm_cmpdf2.o)
 .bss           0x200042fc        0x0 C:\CodeSourcery\Sourcery G++ Lite/lib/gcc/arm-none-eabi/4.8.1/thumb2\libgcc.a(_arm_fixdfsi.o)
 .bss           0x200042fc        0x0 C:\CodeSourcery\Sourcery G++ Lite/lib/gcc/arm-none-eabi/4.8.1/thumb2\libgcc.a(_arm_fixunsdfsi.o)
 .bss           0x200042fc        0x0 C:\CodeSourcery\Sourcery G++ Lite/lib/gcc/arm-none-eabi/4.8.1/thumb2\libgcc.a(_aeabi_uldivmod.o)
 .bss           0x200042fc        0x0 C:\CodeSourcery\Sourcery G++ Lite/lib/gcc/arm-none-eabi/4.8.1/thumb2\libgcc.a(bpabi.o)
 .bss           0x200042fc        0x0 C:\CodeSourcery\Sourcery G++ Lite/lib/gcc/arm-none-eabi/4.8.1/thumb2\libgcc.a(_divdi3.o)
 .bss           0x200042fc        0x0 C:\CodeSourcery\Sourcery G++ Lite/lib/gcc/arm-none-eabi/4.8.1/thumb2\libgcc.a(_udivdi3.o)
 *(.bss.*)
                0x200042fc                . = ALIGN (0x4)
                0x200042fc                __ZI_LIMIT__ = .
 COMMON         0x200042fc        0x4 C:\CodeSourcery\Sourcery G++ Lite/arm-none-eabi/lib/thumb2\libc.a(lib_a-reent.o)
                0x200042fc                errno
                0x00003d28                __ZI_SIZE__ = SIZEOF (.bss)
OUTPUT(rom_0x08003000.elf elf32-littlearm)

.comment        0x00000000       0x30
 .comment       0x00000000       0x30 OS.o
                                 0x31 (size before relaxing)
 .comment       0x00000000       0x31 clock.o
 .comment       0x00000000       0x31 core_cm3.o
 .comment       0x00000000       0x31 joy_key.o
 .comment       0x00000000       0x31 lcd.o
 .comment       0x00000000       0x31 led.o
 .comment       0x00000000       0x31 main.o
 .comment       0x00000000       0x31 mutex.o
 .comment       0x00000000       0x31 priority_queue.o
 .comment       0x00000000       0x31 queue.o
 .comment       0x00000000       0x31 runtime.o
 .comment       0x00000000       0x31 stm32f10x_it.o
 .comment       0x00000000       0x31 systick.o
 .comment       0x00000000       0x31 timer.o
 .comment       0x00000000       0x31 uart.o

.ARM.attributes
                0x00000000       0x31
 .ARM.attributes
                0x00000000       0x33 OS.o
 .ARM.attributes
                0x00000033       0x33 clock.o
 .ARM.attributes
                0x00000066       0x33 core_cm3.o
 .ARM.attributes
                0x00000099       0x33 joy_key.o
 .ARM.attributes
                0x000000cc       0x33 lcd.o
 .ARM.attributes
                0x000000ff       0x33 led.o
 .ARM.attributes
                0x00000132       0x33 main.o
 .ARM.attributes
                0x00000165       0x33 mutex.o
 .ARM.attributes
                0x00000198       0x33 priority_queue.o
 .ARM.attributes
                0x000001cb       0x33 queue.o
 .ARM.attributes
                0x000001fe       0x33 runtime.o
 .ARM.attributes
                0x00000231       0x33 stm32f10x_it.o
 .ARM.attributes
                0x00000264       0x33 systick.o
 .ARM.attributes
                0x00000297       0x33 timer.o
 .ARM.attributes
                0x000002ca       0x33 uart.o
 .ARM.attributes
                0x000002fd       0x21 crt0.o
 .ARM.attributes
                0x0000031e       0x21 exp_handler.o
 .ARM.attributes
                0x0000033f       0x21 scheduler.o
 .ARM.attributes
                0x00000360       0x29 C:\CodeSourcery\Sourcery G++ Lite/arm-none-eabi/lib/thumb2\libc.a(lib_a-memcpy-stub.o)
 .ARM.attributes
                0x00000389       0x29 C:\CodeSourcery\Sourcery G++ Lite/arm-none-eabi/lib/thumb2\libc.a(lib_a-vsprintf.o)
 .ARM.attributes
                0x000003b2       0x29 C:\CodeSourcery\Sourcery G++ Lite/arm-none-eabi/lib/thumb2\libc.a(lib_a-impure.o)
 .ARM.attributes
                0x000003db       0x29 C:\CodeSourcery\Sourcery G++ Lite/arm-none-eabi/lib/thumb2\libc.a(lib_a-svfprintf.o)
 .ARM.attributes
                0x00000404       0x29 C:\CodeSourcery\Sourcery G++ Lite/arm-none-eabi/lib/thumb2\libc.a(lib_a-dtoa.o)
 .ARM.attributes
                0x0000042d       0x29 C:\CodeSourcery\Sourcery G++ Lite/arm-none-eabi/lib/thumb2\libc.a(lib_a-locale.o)
 .ARM.attributes
                0x00000456       0x29 C:\CodeSourcery\Sourcery G++ Lite/arm-none-eabi/lib/thumb2\libc.a(lib_a-malloc.o)
 .ARM.attributes
                0x0000047f       0x29 C:\CodeSourcery\Sourcery G++ Lite/arm-none-eabi/lib/thumb2\libc.a(lib_a-mallocr.o)
 .ARM.attributes
                0x000004a8       0x29 C:\CodeSourcery\Sourcery G++ Lite/arm-none-eabi/lib/thumb2\libc.a(lib_a-memchr-stub.o)
 .ARM.attributes
                0x000004d1       0x29 C:\CodeSourcery\Sourcery G++ Lite/arm-none-eabi/lib/thumb2\libc.a(lib_a-mlock.o)
 .ARM.attributes
                0x000004fa       0x29 C:\CodeSourcery\Sourcery G++ Lite/arm-none-eabi/lib/thumb2\libc.a(lib_a-mprec.o)
 .ARM.attributes
                0x00000523       0x29 C:\CodeSourcery\Sourcery G++ Lite/arm-none-eabi/lib/thumb2\libc.a(lib_a-s_fpclassify.o)
 .ARM.attributes
                0x0000054c       0x29 C:\CodeSourcery\Sourcery G++ Lite/arm-none-eabi/lib/thumb2\libc.a(lib_a-sbrkr.o)
 .ARM.attributes
                0x00000575       0x17 C:\CodeSourcery\Sourcery G++ Lite/arm-none-eabi/lib/thumb2\libc.a(lib_a-strcmp.o)
 .ARM.attributes
                0x0000058c       0x29 C:\CodeSourcery\Sourcery G++ Lite/arm-none-eabi/lib/thumb2\libc.a(lib_a-strlen.o)
 .ARM.attributes
                0x000005b5       0x29 C:\CodeSourcery\Sourcery G++ Lite/arm-none-eabi/lib/thumb2\libc.a(lib_a-svfiprintf.o)
 .ARM.attributes
                0x000005de       0x29 C:\CodeSourcery\Sourcery G++ Lite/arm-none-eabi/lib/thumb2\libc.a(lib_a-callocr.o)
 .ARM.attributes
                0x00000607       0x29 C:\CodeSourcery\Sourcery G++ Lite/arm-none-eabi/lib/thumb2\libc.a(lib_a-freer.o)
 .ARM.attributes
                0x00000630       0x29 C:\CodeSourcery\Sourcery G++ Lite/arm-none-eabi/lib/thumb2\libc.a(lib_a-memmove.o)
 .ARM.attributes
                0x00000659       0x29 C:\CodeSourcery\Sourcery G++ Lite/arm-none-eabi/lib/thumb2\libc.a(lib_a-memset.o)
 .ARM.attributes
                0x00000682       0x29 C:\CodeSourcery\Sourcery G++ Lite/arm-none-eabi/lib/thumb2\libc.a(lib_a-reallocr.o)
 .ARM.attributes
                0x000006ab       0x29 C:\CodeSourcery\Sourcery G++ Lite/arm-none-eabi/lib/thumb2\libc.a(lib_a-reent.o)
 .ARM.attributes
                0x000006d4       0x19 C:\CodeSourcery\Sourcery G++ Lite/lib/gcc/arm-none-eabi/4.8.1/thumb2\libgcc.a(_udivsi3.o)
 .ARM.attributes
                0x000006ed       0x19 C:\CodeSourcery\Sourcery G++ Lite/lib/gcc/arm-none-eabi/4.8.1/thumb2\libgcc.a(_dvmd_tls.o)
 .ARM.attributes
                0x00000706       0x19 C:\CodeSourcery\Sourcery G++ Lite/lib/gcc/arm-none-eabi/4.8.1/thumb2\libgcc.a(_arm_addsubdf3.o)
 .ARM.attributes
                0x0000071f       0x19 C:\CodeSourcery\Sourcery G++ Lite/lib/gcc/arm-none-eabi/4.8.1/thumb2\libgcc.a(_arm_muldivdf3.o)
 .ARM.attributes
                0x00000738       0x19 C:\CodeSourcery\Sourcery G++ Lite/lib/gcc/arm-none-eabi/4.8.1/thumb2\libgcc.a(_arm_cmpdf2.o)
 .ARM.attributes
                0x00000751       0x19 C:\CodeSourcery\Sourcery G++ Lite/lib/gcc/arm-none-eabi/4.8.1/thumb2\libgcc.a(_arm_fixdfsi.o)
 .ARM.attributes
                0x0000076a       0x19 C:\CodeSourcery\Sourcery G++ Lite/lib/gcc/arm-none-eabi/4.8.1/thumb2\libgcc.a(_arm_fixunsdfsi.o)
 .ARM.attributes
                0x00000783       0x19 C:\CodeSourcery\Sourcery G++ Lite/lib/gcc/arm-none-eabi/4.8.1/thumb2\libgcc.a(_aeabi_uldivmod.o)
 .ARM.attributes
                0x0000079c       0x29 C:\CodeSourcery\Sourcery G++ Lite/lib/gcc/arm-none-eabi/4.8.1/thumb2\libgcc.a(bpabi.o)
 .ARM.attributes
                0x000007c5       0x29 C:\CodeSourcery\Sourcery G++ Lite/lib/gcc/arm-none-eabi/4.8.1/thumb2\libgcc.a(_divdi3.o)
 .ARM.attributes
                0x000007ee       0x29 C:\CodeSourcery\Sourcery G++ Lite/lib/gcc/arm-none-eabi/4.8.1/thumb2\libgcc.a(_udivdi3.o)

.debug_frame    0x00000000      0x7e0
 .debug_frame   0x00000000       0x2c C:\CodeSourcery\Sourcery G++ Lite/arm-none-eabi/lib/thumb2\libc.a(lib_a-memcpy-stub.o)
 .debug_frame   0x0000002c       0x44 C:\CodeSourcery\Sourcery G++ Lite/arm-none-eabi/lib/thumb2\libc.a(lib_a-vsprintf.o)
 .debug_frame   0x00000070       0x3c C:\CodeSourcery\Sourcery G++ Lite/arm-none-eabi/lib/thumb2\libc.a(lib_a-svfprintf.o)
 .debug_frame   0x000000ac       0x64 C:\CodeSourcery\Sourcery G++ Lite/arm-none-eabi/lib/thumb2\libc.a(lib_a-dtoa.o)
 .debug_frame   0x00000110       0x98 C:\CodeSourcery\Sourcery G++ Lite/arm-none-eabi/lib/thumb2\libc.a(lib_a-locale.o)
 .debug_frame   0x000001a8       0x30 C:\CodeSourcery\Sourcery G++ Lite/arm-none-eabi/lib/thumb2\libc.a(lib_a-malloc.o)
 .debug_frame   0x000001d8       0x38 C:\CodeSourcery\Sourcery G++ Lite/arm-none-eabi/lib/thumb2\libc.a(lib_a-mallocr.o)
 .debug_frame   0x00000210       0x2c C:\CodeSourcery\Sourcery G++ Lite/arm-none-eabi/lib/thumb2\libc.a(lib_a-memchr-stub.o)
 .debug_frame   0x0000023c       0x30 C:\CodeSourcery\Sourcery G++ Lite/arm-none-eabi/lib/thumb2\libc.a(lib_a-mlock.o)
 .debug_frame   0x0000026c      0x244 C:\CodeSourcery\Sourcery G++ Lite/arm-none-eabi/lib/thumb2\libc.a(lib_a-mprec.o)
 .debug_frame   0x000004b0       0x20 C:\CodeSourcery\Sourcery G++ Lite/arm-none-eabi/lib/thumb2\libc.a(lib_a-s_fpclassify.o)
 .debug_frame   0x000004d0       0x2c C:\CodeSourcery\Sourcery G++ Lite/arm-none-eabi/lib/thumb2\libc.a(lib_a-sbrkr.o)
 .debug_frame   0x000004fc       0x20 C:\CodeSourcery\Sourcery G++ Lite/arm-none-eabi/lib/thumb2\libc.a(lib_a-strlen.o)
 .debug_frame   0x0000051c       0x64 C:\CodeSourcery\Sourcery G++ Lite/arm-none-eabi/lib/thumb2\libc.a(lib_a-svfiprintf.o)
 .debug_frame   0x00000580       0x28 C:\CodeSourcery\Sourcery G++ Lite/arm-none-eabi/lib/thumb2\libc.a(lib_a-callocr.o)
 .debug_frame   0x000005a8       0x50 C:\CodeSourcery\Sourcery G++ Lite/arm-none-eabi/lib/thumb2\libc.a(lib_a-freer.o)
 .debug_frame   0x000005f8       0x2c C:\CodeSourcery\Sourcery G++ Lite/arm-none-eabi/lib/thumb2\libc.a(lib_a-memmove.o)
 .debug_frame   0x00000624       0x2c C:\CodeSourcery\Sourcery G++ Lite/arm-none-eabi/lib/thumb2\libc.a(lib_a-memset.o)
 .debug_frame   0x00000650       0x38 C:\CodeSourcery\Sourcery G++ Lite/arm-none-eabi/lib/thumb2\libc.a(lib_a-reallocr.o)
 .debug_frame   0x00000688       0x48 C:\CodeSourcery\Sourcery G++ Lite/arm-none-eabi/lib/thumb2\libc.a(lib_a-reent.o)
 .debug_frame   0x000006d0       0x20 C:\CodeSourcery\Sourcery G++ Lite/lib/gcc/arm-none-eabi/4.8.1/thumb2\libgcc.a(_udivsi3.o)
 .debug_frame   0x000006f0       0x28 C:\CodeSourcery\Sourcery G++ Lite/lib/gcc/arm-none-eabi/4.8.1/thumb2\libgcc.a(_aeabi_uldivmod.o)
 .debug_frame   0x00000718       0x58 C:\CodeSourcery\Sourcery G++ Lite/lib/gcc/arm-none-eabi/4.8.1/thumb2\libgcc.a(bpabi.o)
 .debug_frame   0x00000770       0x38 C:\CodeSourcery\Sourcery G++ Lite/lib/gcc/arm-none-eabi/4.8.1/thumb2\libgcc.a(_divdi3.o)
 .debug_frame   0x000007a8       0x38 C:\CodeSourcery\Sourcery G++ Lite/lib/gcc/arm-none-eabi/4.8.1/thumb2\libgcc.a(_udivdi3.o)

Cross Reference Table

Symbol                                            File
ADC1_2_IRQHandler                                 stm32f10x_it.o
                                                  crt0.o
BACK_COLOR                                        lcd.o
BusFault_Handler                                  stm32f10x_it.o
                                                  exp_handler.o
CAN_RX1_IRQHandler                                stm32f10x_it.o
CAN_SCE_IRQHandler                                stm32f10x_it.o
Clock_Init                                        clock.o
                                                  crt0.o
Create_Mutex                                      mutex.o
                                                  uart.o
                                                  OS.o
DMA1_Channel1_IRQHandler                          stm32f10x_it.o
                                                  crt0.o
DMA1_Channel2_IRQHandler                          stm32f10x_it.o
                                                  crt0.o
DMA1_Channel3_IRQHandler                          stm32f10x_it.o
                                                  crt0.o
DMA1_Channel4_IRQHandler                          stm32f10x_it.o
                                                  crt0.o
DMA1_Channel5_IRQHandler                          stm32f10x_it.o
                                                  crt0.o
DMA1_Channel6_IRQHandler                          stm32f10x_it.o
                                                  crt0.o
DMA1_Channel7_IRQHandler                          stm32f10x_it.o
                                                  crt0.o
DebugMon_Handler                                  stm32f10x_it.o
                                                  crt0.o
EXTI0_IRQHandler                                  stm32f10x_it.o
                                                  crt0.o
EXTI15_10_IRQHandler                              stm32f10x_it.o
                                                  crt0.o
EXTI15_10_LUT                                     stm32f10x_it.o
EXTI1_IRQHandler                                  stm32f10x_it.o
                                                  crt0.o
EXTI2_IRQHandler                                  stm32f10x_it.o
                                                  crt0.o
EXTI3_IRQHandler                                  stm32f10x_it.o
                                                  crt0.o
EXTI4_IRQHandler                                  stm32f10x_it.o
                                                  crt0.o
EXTI9_5_IRQHandler                                stm32f10x_it.o
                                                  crt0.o
EXTI9_5_LUT                                       stm32f10x_it.o
FLASH_IRQHandler                                  stm32f10x_it.o
                                                  crt0.o
Give_Mutex                                        mutex.o
                                                  uart.o
                                                  OS.o
HardFault_Handler                                 stm32f10x_it.o
                                                  exp_handler.o
I2C1_ER_IRQHandler                                stm32f10x_it.o
                                                  crt0.o
I2C1_EV_IRQHandler                                stm32f10x_it.o
                                                  crt0.o
I2C2_ER_IRQHandler                                stm32f10x_it.o
                                                  crt0.o
I2C2_EV_IRQHandler                                stm32f10x_it.o
                                                  crt0.o
IdleTask                                          OS.o
Invalid_ISR                                       stm32f10x_it.o
Key_Get_Pressed                                   joy_key.o
Key_ISR_Enable                                    joy_key.o
                                                  runtime.o
Key_Poll_Init                                     joy_key.o
                                                  runtime.o
Key_Wait_Key_Pressed                              joy_key.o
Key_Wait_Key_Released                             joy_key.o
LED_0_Toggle                                      led.o
                                                  main.o
LED_1_Toggle                                      led.o
                                                  main.o
LED_All_Off                                       led.o
LED_All_On                                        led.o
LED_Display                                       led.o
LED_Init                                          led.o
                                                  runtime.o
Lcd_Clr_Screen                                    lcd.o
Lcd_Draw_Back_Color                               lcd.o
Lcd_Draw_Box                                      lcd.o
Lcd_Fill                                          lcd.o
Lcd_GPIO_Init                                     lcd.o
Lcd_Init                                          lcd.o
                                                  runtime.o
Lcd_Put_Pixel                                     lcd.o
Lcd_Reset                                         lcd.o
Lcd_Set_Cursor                                    lcd.o
Lcd_Set_Display_Mode                              lcd.o
Lcd_Set_Windows                                   lcd.o
Lcd_WR_DATA                                       lcd.o
Lcd_WR_REG                                        lcd.o
Lcd_Write_Data_16Bit                              lcd.o
Lcd_Write_RAM_Prepare                             lcd.o
Lcd_Write_Reg                                     lcd.o
Main                                              main.o
                                                  crt0.o
MemManage_Handler                                 stm32f10x_it.o
                                                  exp_handler.o
Mutex_Init                                        mutex.o
                                                  OS.o
NMI_Handler                                       stm32f10x_it.o
                                                  crt0.o
OS_Block_Current_Task                             OS.o
                                                  main.o
OS_Create_Queue                                   OS.o
                                                  main.o
OS_Create_Task_Simple                             OS.o
                                                  main.o
OS_Give_Mutex                                     OS.o
OS_Init                                           OS.o
                                                  main.o
OS_Pend_Trigger                                   OS.o
                                                  stm32f10x_it.o
                                                  mutex.o
OS_Scheduler                                      OS.o
                                                  scheduler.o
OS_Scheduler_Start                                OS.o
                                                  main.o
OS_Signal_Send                                    OS.o
                                                  stm32f10x_it.o
OS_Signal_Wait                                    OS.o
OS_Take_Mutex                                     OS.o
OS_Tick                                           OS.o
                                                  stm32f10x_it.o
OS_Unblock_Task                                   OS.o
POINT_COLOR                                       lcd.o
PRINT_DUMMY                                       OS.o
PVD_IRQHandler                                    stm32f10x_it.o
                                                  crt0.o
PendSV_Handler                                    scheduler.o
                                                  crt0.o
RCC_IRQHandler                                    stm32f10x_it.o
                                                  crt0.o
RTCAlarm_IRQHandler                               stm32f10x_it.o
                                                  crt0.o
RTC_IRQHandler                                    stm32f10x_it.o
                                                  crt0.o
SPI1_IRQHandler                                   stm32f10x_it.o
                                                  crt0.o
SPI2_IRQHandler                                   stm32f10x_it.o
                                                  crt0.o
SVC_Handler                                       scheduler.o
                                                  crt0.o
Set_Mutex_Scheduler_Flag                          mutex.o
                                                  OS.o
SysTick_Handler                                   stm32f10x_it.o
                                                  crt0.o
SysTick_OS_Tick                                   systick.o
                                                  OS.o
System_Init                                       runtime.o
                                                  crt0.o
TAMPER_IRQHandler                                 stm32f10x_it.o
                                                  crt0.o
TIM1_BRK_IRQHandler                               stm32f10x_it.o
                                                  crt0.o
TIM1_CC_IRQHandler                                stm32f10x_it.o
                                                  crt0.o
TIM1_TRG_COM_IRQHandler                           stm32f10x_it.o
                                                  crt0.o
TIM1_UP_IRQHandler                                stm32f10x_it.o
                                                  crt0.o
TIM2_IRQHandler                                   stm32f10x_it.o
                                                  crt0.o
TIM3_IRQHandler                                   stm32f10x_it.o
                                                  crt0.o
TIM4_IRQHandler                                   stm32f10x_it.o
                                                  crt0.o
TIM4_Repeat_Interrupt_Enable                      timer.o
Take_Mutex                                        mutex.o
                                                  uart.o
                                                  OS.o
Task1                                             main.o
Task2                                             main.o
Task3                                             main.o
TaskDummy                                         main.o
USART1_IRQHandler                                 stm32f10x_it.o
                                                  crt0.o
USART2_IRQHandler                                 stm32f10x_it.o
                                                  crt0.o
USART3_IRQHandler                                 stm32f10x_it.o
                                                  crt0.o
USBWakeUp_IRQHandler                              stm32f10x_it.o
                                                  crt0.o
USB_HP_CAN_TX_IRQHandler                          stm32f10x_it.o
USB_LP_CAN_RX0_IRQHandler                         stm32f10x_it.o
Uart1_Init                                        uart.o
                                                  runtime.o
Uart1_Printf                                      uart.o
                                                  exp_handler.o
                                                  stm32f10x_it.o
                                                  mutex.o
                                                  main.o
                                                  OS.o
Uart1_RX_Interrupt_Enable                         uart.o
                                                  runtime.o
Uart1_Send_Byte                                   uart.o
Uart1_Send_String                                 uart.o
UsageFault_Handler                                stm32f10x_it.o
                                                  exp_handler.o
WWDG_IRQHandler                                   stm32f10x_it.o
                                                  crt0.o
_Balloc                                           C:\CodeSourcery\Sourcery G++ Lite/arm-none-eabi/lib/thumb2\libc.a(lib_a-mprec.o)
                                                  C:\CodeSourcery\Sourcery G++ Lite/arm-none-eabi/lib/thumb2\libc.a(lib_a-dtoa.o)
_Bfree                                            C:\CodeSourcery\Sourcery G++ Lite/arm-none-eabi/lib/thumb2\libc.a(lib_a-mprec.o)
                                                  C:\CodeSourcery\Sourcery G++ Lite/arm-none-eabi/lib/thumb2\libc.a(lib_a-dtoa.o)
_BusFault_Handler                                 exp_handler.o
                                                  crt0.o
_HardFault_Handler                                exp_handler.o
                                                  crt0.o
_MemManage_Handler                                exp_handler.o
                                                  crt0.o
_Mutex_Get_Buffer                                 mutex.o
_OS_Get_Buffer                                    queue.o
_OS_Get_Stack                                     OS.o
_OS_Start_First_Task                              scheduler.o
                                                  OS.o
_PathLocale                                       C:\CodeSourcery\Sourcery G++ Lite/arm-none-eabi/lib/thumb2\libc.a(lib_a-locale.o)
_Print_Reg                                        exp_handler.o
_UsageFault_Handler                               exp_handler.o
                                                  crt0.o
__LDREXB                                          core_cm3.o
__LDREXH                                          core_cm3.o
__LDREXW                                          core_cm3.o
__RBIT                                            core_cm3.o
__REV                                             core_cm3.o
__REV16                                           core_cm3.o
__REVSH                                           core_cm3.o
__RO_LIMIT__                                      crt0.o
__RW_BASE__                                       crt0.o
__STREXB                                          core_cm3.o
__STREXH                                          core_cm3.o
__STREXW                                          core_cm3.o
__ZI_BASE__                                       crt0.o
__ZI_LIMIT__                                      crt0.o
                                                  runtime.o
__adddf3                                          C:\CodeSourcery\Sourcery G++ Lite/lib/gcc/arm-none-eabi/4.8.1/thumb2\libgcc.a(_arm_addsubdf3.o)
__aeabi_cdcmpeq                                   C:\CodeSourcery\Sourcery G++ Lite/lib/gcc/arm-none-eabi/4.8.1/thumb2\libgcc.a(_arm_cmpdf2.o)
__aeabi_cdcmple                                   C:\CodeSourcery\Sourcery G++ Lite/lib/gcc/arm-none-eabi/4.8.1/thumb2\libgcc.a(_arm_cmpdf2.o)
__aeabi_cdrcmple                                  C:\CodeSourcery\Sourcery G++ Lite/lib/gcc/arm-none-eabi/4.8.1/thumb2\libgcc.a(_arm_cmpdf2.o)
__aeabi_d2iz                                      C:\CodeSourcery\Sourcery G++ Lite/lib/gcc/arm-none-eabi/4.8.1/thumb2\libgcc.a(_arm_fixdfsi.o)
                                                  C:\CodeSourcery\Sourcery G++ Lite/arm-none-eabi/lib/thumb2\libc.a(lib_a-dtoa.o)
                                                  uart.o
__aeabi_d2uiz                                     C:\CodeSourcery\Sourcery G++ Lite/lib/gcc/arm-none-eabi/4.8.1/thumb2\libgcc.a(_arm_fixunsdfsi.o)
                                                  systick.o
__aeabi_dadd                                      C:\CodeSourcery\Sourcery G++ Lite/lib/gcc/arm-none-eabi/4.8.1/thumb2\libgcc.a(_arm_addsubdf3.o)
                                                  C:\CodeSourcery\Sourcery G++ Lite/arm-none-eabi/lib/thumb2\libc.a(lib_a-dtoa.o)
                                                  uart.o
                                                  systick.o
__aeabi_dcmpeq                                    C:\CodeSourcery\Sourcery G++ Lite/lib/gcc/arm-none-eabi/4.8.1/thumb2\libgcc.a(_arm_cmpdf2.o)
                                                  C:\CodeSourcery\Sourcery G++ Lite/arm-none-eabi/lib/thumb2\libc.a(lib_a-dtoa.o)
                                                  C:\CodeSourcery\Sourcery G++ Lite/arm-none-eabi/lib/thumb2\libc.a(lib_a-svfprintf.o)
__aeabi_dcmpge                                    C:\CodeSourcery\Sourcery G++ Lite/lib/gcc/arm-none-eabi/4.8.1/thumb2\libgcc.a(_arm_cmpdf2.o)
                                                  C:\CodeSourcery\Sourcery G++ Lite/arm-none-eabi/lib/thumb2\libc.a(lib_a-dtoa.o)
__aeabi_dcmpgt                                    C:\CodeSourcery\Sourcery G++ Lite/lib/gcc/arm-none-eabi/4.8.1/thumb2\libgcc.a(_arm_cmpdf2.o)
                                                  C:\CodeSourcery\Sourcery G++ Lite/arm-none-eabi/lib/thumb2\libc.a(lib_a-dtoa.o)
__aeabi_dcmple                                    C:\CodeSourcery\Sourcery G++ Lite/lib/gcc/arm-none-eabi/4.8.1/thumb2\libgcc.a(_arm_cmpdf2.o)
__aeabi_dcmplt                                    C:\CodeSourcery\Sourcery G++ Lite/lib/gcc/arm-none-eabi/4.8.1/thumb2\libgcc.a(_arm_cmpdf2.o)
                                                  C:\CodeSourcery\Sourcery G++ Lite/arm-none-eabi/lib/thumb2\libc.a(lib_a-dtoa.o)
                                                  C:\CodeSourcery\Sourcery G++ Lite/arm-none-eabi/lib/thumb2\libc.a(lib_a-svfprintf.o)
__aeabi_ddiv                                      C:\CodeSourcery\Sourcery G++ Lite/lib/gcc/arm-none-eabi/4.8.1/thumb2\libgcc.a(_arm_muldivdf3.o)
                                                  C:\CodeSourcery\Sourcery G++ Lite/arm-none-eabi/lib/thumb2\libc.a(lib_a-mprec.o)
                                                  C:\CodeSourcery\Sourcery G++ Lite/arm-none-eabi/lib/thumb2\libc.a(lib_a-dtoa.o)
                                                  uart.o
__aeabi_dmul                                      C:\CodeSourcery\Sourcery G++ Lite/lib/gcc/arm-none-eabi/4.8.1/thumb2\libgcc.a(_arm_muldivdf3.o)
                                                  C:\CodeSourcery\Sourcery G++ Lite/arm-none-eabi/lib/thumb2\libc.a(lib_a-mprec.o)
                                                  C:\CodeSourcery\Sourcery G++ Lite/arm-none-eabi/lib/thumb2\libc.a(lib_a-dtoa.o)
                                                  uart.o
                                                  systick.o
__aeabi_drsub                                     C:\CodeSourcery\Sourcery G++ Lite/lib/gcc/arm-none-eabi/4.8.1/thumb2\libgcc.a(_arm_addsubdf3.o)
__aeabi_dsub                                      C:\CodeSourcery\Sourcery G++ Lite/lib/gcc/arm-none-eabi/4.8.1/thumb2\libgcc.a(_arm_addsubdf3.o)
                                                  C:\CodeSourcery\Sourcery G++ Lite/arm-none-eabi/lib/thumb2\libc.a(lib_a-dtoa.o)
                                                  uart.o
__aeabi_f2d                                       C:\CodeSourcery\Sourcery G++ Lite/lib/gcc/arm-none-eabi/4.8.1/thumb2\libgcc.a(_arm_addsubdf3.o)
__aeabi_i2d                                       C:\CodeSourcery\Sourcery G++ Lite/lib/gcc/arm-none-eabi/4.8.1/thumb2\libgcc.a(_arm_addsubdf3.o)
                                                  C:\CodeSourcery\Sourcery G++ Lite/arm-none-eabi/lib/thumb2\libc.a(lib_a-dtoa.o)
                                                  uart.o
__aeabi_idiv0                                     C:\CodeSourcery\Sourcery G++ Lite/lib/gcc/arm-none-eabi/4.8.1/thumb2\libgcc.a(_dvmd_tls.o)
                                                  C:\CodeSourcery\Sourcery G++ Lite/lib/gcc/arm-none-eabi/4.8.1/thumb2\libgcc.a(_udivsi3.o)
__aeabi_l2d                                       C:\CodeSourcery\Sourcery G++ Lite/lib/gcc/arm-none-eabi/4.8.1/thumb2\libgcc.a(_arm_addsubdf3.o)
__aeabi_ldiv0                                     C:\CodeSourcery\Sourcery G++ Lite/lib/gcc/arm-none-eabi/4.8.1/thumb2\libgcc.a(_dvmd_tls.o)
                                                  C:\CodeSourcery\Sourcery G++ Lite/lib/gcc/arm-none-eabi/4.8.1/thumb2\libgcc.a(_aeabi_uldivmod.o)
__aeabi_ui2d                                      C:\CodeSourcery\Sourcery G++ Lite/lib/gcc/arm-none-eabi/4.8.1/thumb2\libgcc.a(_arm_addsubdf3.o)
                                                  C:\CodeSourcery\Sourcery G++ Lite/arm-none-eabi/lib/thumb2\libc.a(lib_a-dtoa.o)
                                                  uart.o
                                                  systick.o
__aeabi_uidiv                                     C:\CodeSourcery\Sourcery G++ Lite/lib/gcc/arm-none-eabi/4.8.1/thumb2\libgcc.a(_udivsi3.o)
                                                  C:\CodeSourcery\Sourcery G++ Lite/lib/gcc/arm-none-eabi/4.8.1/thumb2\libgcc.a(_udivdi3.o)
                                                  C:\CodeSourcery\Sourcery G++ Lite/lib/gcc/arm-none-eabi/4.8.1/thumb2\libgcc.a(_divdi3.o)
                                                  C:\CodeSourcery\Sourcery G++ Lite/arm-none-eabi/lib/thumb2\libc.a(lib_a-dtoa.o)
__aeabi_uidivmod                                  C:\CodeSourcery\Sourcery G++ Lite/lib/gcc/arm-none-eabi/4.8.1/thumb2\libgcc.a(_udivsi3.o)
                                                  C:\CodeSourcery\Sourcery G++ Lite/lib/gcc/arm-none-eabi/4.8.1/thumb2\libgcc.a(_udivdi3.o)
                                                  C:\CodeSourcery\Sourcery G++ Lite/lib/gcc/arm-none-eabi/4.8.1/thumb2\libgcc.a(_divdi3.o)
__aeabi_ul2d                                      C:\CodeSourcery\Sourcery G++ Lite/lib/gcc/arm-none-eabi/4.8.1/thumb2\libgcc.a(_arm_addsubdf3.o)
__aeabi_uldivmod                                  C:\CodeSourcery\Sourcery G++ Lite/lib/gcc/arm-none-eabi/4.8.1/thumb2\libgcc.a(_aeabi_uldivmod.o)
                                                  C:\CodeSourcery\Sourcery G++ Lite/arm-none-eabi/lib/thumb2\libc.a(lib_a-svfiprintf.o)
                                                  C:\CodeSourcery\Sourcery G++ Lite/arm-none-eabi/lib/thumb2\libc.a(lib_a-svfprintf.o)
__any_on                                          C:\CodeSourcery\Sourcery G++ Lite/arm-none-eabi/lib/thumb2\libc.a(lib_a-mprec.o)
__b2d                                             C:\CodeSourcery\Sourcery G++ Lite/arm-none-eabi/lib/thumb2\libc.a(lib_a-mprec.o)
__cmpdf2                                          C:\CodeSourcery\Sourcery G++ Lite/lib/gcc/arm-none-eabi/4.8.1/thumb2\libgcc.a(_arm_cmpdf2.o)
__copybits                                        C:\CodeSourcery\Sourcery G++ Lite/arm-none-eabi/lib/thumb2\libc.a(lib_a-mprec.o)
__d2b                                             C:\CodeSourcery\Sourcery G++ Lite/arm-none-eabi/lib/thumb2\libc.a(lib_a-mprec.o)
                                                  C:\CodeSourcery\Sourcery G++ Lite/arm-none-eabi/lib/thumb2\libc.a(lib_a-dtoa.o)
__divdf3                                          C:\CodeSourcery\Sourcery G++ Lite/lib/gcc/arm-none-eabi/4.8.1/thumb2\libgcc.a(_arm_muldivdf3.o)
__divdi3                                          C:\CodeSourcery\Sourcery G++ Lite/lib/gcc/arm-none-eabi/4.8.1/thumb2\libgcc.a(_divdi3.o)
                                                  C:\CodeSourcery\Sourcery G++ Lite/lib/gcc/arm-none-eabi/4.8.1/thumb2\libgcc.a(bpabi.o)
__eqdf2                                           C:\CodeSourcery\Sourcery G++ Lite/lib/gcc/arm-none-eabi/4.8.1/thumb2\libgcc.a(_arm_cmpdf2.o)
__extendsfdf2                                     C:\CodeSourcery\Sourcery G++ Lite/lib/gcc/arm-none-eabi/4.8.1/thumb2\libgcc.a(_arm_addsubdf3.o)
__fixdfsi                                         C:\CodeSourcery\Sourcery G++ Lite/lib/gcc/arm-none-eabi/4.8.1/thumb2\libgcc.a(_arm_fixdfsi.o)
__fixunsdfsi                                      C:\CodeSourcery\Sourcery G++ Lite/lib/gcc/arm-none-eabi/4.8.1/thumb2\libgcc.a(_arm_fixunsdfsi.o)
__floatdidf                                       C:\CodeSourcery\Sourcery G++ Lite/lib/gcc/arm-none-eabi/4.8.1/thumb2\libgcc.a(_arm_addsubdf3.o)
__floatsidf                                       C:\CodeSourcery\Sourcery G++ Lite/lib/gcc/arm-none-eabi/4.8.1/thumb2\libgcc.a(_arm_addsubdf3.o)
__floatundidf                                     C:\CodeSourcery\Sourcery G++ Lite/lib/gcc/arm-none-eabi/4.8.1/thumb2\libgcc.a(_arm_addsubdf3.o)
__floatunsidf                                     C:\CodeSourcery\Sourcery G++ Lite/lib/gcc/arm-none-eabi/4.8.1/thumb2\libgcc.a(_arm_addsubdf3.o)
__fpclassifyd                                     C:\CodeSourcery\Sourcery G++ Lite/arm-none-eabi/lib/thumb2\libc.a(lib_a-s_fpclassify.o)
                                                  C:\CodeSourcery\Sourcery G++ Lite/arm-none-eabi/lib/thumb2\libc.a(lib_a-svfprintf.o)
__gedf2                                           C:\CodeSourcery\Sourcery G++ Lite/lib/gcc/arm-none-eabi/4.8.1/thumb2\libgcc.a(_arm_cmpdf2.o)
__get_BASEPRI                                     core_cm3.o
__get_CONTROL                                     core_cm3.o
__get_FAULTMASK                                   core_cm3.o
__get_IPSR                                        exp_handler.o
                                                  mutex.o
__get_MSP                                         core_cm3.o
__get_PRIMASK                                     core_cm3.o
__get_PSP                                         core_cm3.o
__gnu_ldivmod_helper                              C:\CodeSourcery\Sourcery G++ Lite/lib/gcc/arm-none-eabi/4.8.1/thumb2\libgcc.a(bpabi.o)
__gnu_uldivmod_helper                             C:\CodeSourcery\Sourcery G++ Lite/lib/gcc/arm-none-eabi/4.8.1/thumb2\libgcc.a(bpabi.o)
                                                  C:\CodeSourcery\Sourcery G++ Lite/lib/gcc/arm-none-eabi/4.8.1/thumb2\libgcc.a(_aeabi_uldivmod.o)
__gtdf2                                           C:\CodeSourcery\Sourcery G++ Lite/lib/gcc/arm-none-eabi/4.8.1/thumb2\libgcc.a(_arm_cmpdf2.o)
__hi0bits                                         C:\CodeSourcery\Sourcery G++ Lite/arm-none-eabi/lib/thumb2\libc.a(lib_a-mprec.o)
                                                  C:\CodeSourcery\Sourcery G++ Lite/arm-none-eabi/lib/thumb2\libc.a(lib_a-dtoa.o)
__i2b                                             C:\CodeSourcery\Sourcery G++ Lite/arm-none-eabi/lib/thumb2\libc.a(lib_a-mprec.o)
                                                  C:\CodeSourcery\Sourcery G++ Lite/arm-none-eabi/lib/thumb2\libc.a(lib_a-dtoa.o)
__ledf2                                           C:\CodeSourcery\Sourcery G++ Lite/lib/gcc/arm-none-eabi/4.8.1/thumb2\libgcc.a(_arm_cmpdf2.o)
__lo0bits                                         C:\CodeSourcery\Sourcery G++ Lite/arm-none-eabi/lib/thumb2\libc.a(lib_a-mprec.o)
__locale_charset                                  C:\CodeSourcery\Sourcery G++ Lite/arm-none-eabi/lib/thumb2\libc.a(lib_a-locale.o)
__locale_cjk_lang                                 C:\CodeSourcery\Sourcery G++ Lite/arm-none-eabi/lib/thumb2\libc.a(lib_a-locale.o)
__locale_mb_cur_max                               C:\CodeSourcery\Sourcery G++ Lite/arm-none-eabi/lib/thumb2\libc.a(lib_a-locale.o)
__locale_msgcharset                               C:\CodeSourcery\Sourcery G++ Lite/arm-none-eabi/lib/thumb2\libc.a(lib_a-locale.o)
__lshift                                          C:\CodeSourcery\Sourcery G++ Lite/arm-none-eabi/lib/thumb2\libc.a(lib_a-mprec.o)
                                                  C:\CodeSourcery\Sourcery G++ Lite/arm-none-eabi/lib/thumb2\libc.a(lib_a-dtoa.o)
__ltdf2                                           C:\CodeSourcery\Sourcery G++ Lite/lib/gcc/arm-none-eabi/4.8.1/thumb2\libgcc.a(_arm_cmpdf2.o)
__malloc_av_                                      C:\CodeSourcery\Sourcery G++ Lite/arm-none-eabi/lib/thumb2\libc.a(lib_a-mallocr.o)
                                                  C:\CodeSourcery\Sourcery G++ Lite/arm-none-eabi/lib/thumb2\libc.a(lib_a-reallocr.o)
                                                  C:\CodeSourcery\Sourcery G++ Lite/arm-none-eabi/lib/thumb2\libc.a(lib_a-freer.o)
__malloc_current_mallinfo                         C:\CodeSourcery\Sourcery G++ Lite/arm-none-eabi/lib/thumb2\libc.a(lib_a-mallocr.o)
                                                  C:\CodeSourcery\Sourcery G++ Lite/arm-none-eabi/lib/thumb2\libc.a(lib_a-freer.o)
__malloc_lock                                     C:\CodeSourcery\Sourcery G++ Lite/arm-none-eabi/lib/thumb2\libc.a(lib_a-mlock.o)
                                                  C:\CodeSourcery\Sourcery G++ Lite/arm-none-eabi/lib/thumb2\libc.a(lib_a-reallocr.o)
                                                  C:\CodeSourcery\Sourcery G++ Lite/arm-none-eabi/lib/thumb2\libc.a(lib_a-freer.o)
                                                  C:\CodeSourcery\Sourcery G++ Lite/arm-none-eabi/lib/thumb2\libc.a(lib_a-mallocr.o)
__malloc_max_sbrked_mem                           C:\CodeSourcery\Sourcery G++ Lite/arm-none-eabi/lib/thumb2\libc.a(lib_a-mallocr.o)
__malloc_max_total_mem                            C:\CodeSourcery\Sourcery G++ Lite/arm-none-eabi/lib/thumb2\libc.a(lib_a-mallocr.o)
__malloc_sbrk_base                                C:\CodeSourcery\Sourcery G++ Lite/arm-none-eabi/lib/thumb2\libc.a(lib_a-mallocr.o)
                                                  C:\CodeSourcery\Sourcery G++ Lite/arm-none-eabi/lib/thumb2\libc.a(lib_a-freer.o)
__malloc_top_pad                                  C:\CodeSourcery\Sourcery G++ Lite/arm-none-eabi/lib/thumb2\libc.a(lib_a-mallocr.o)
                                                  C:\CodeSourcery\Sourcery G++ Lite/arm-none-eabi/lib/thumb2\libc.a(lib_a-freer.o)
__malloc_trim_threshold                           C:\CodeSourcery\Sourcery G++ Lite/arm-none-eabi/lib/thumb2\libc.a(lib_a-mallocr.o)
                                                  C:\CodeSourcery\Sourcery G++ Lite/arm-none-eabi/lib/thumb2\libc.a(lib_a-freer.o)
__malloc_unlock                                   C:\CodeSourcery\Sourcery G++ Lite/arm-none-eabi/lib/thumb2\libc.a(lib_a-mlock.o)
                                                  C:\CodeSourcery\Sourcery G++ Lite/arm-none-eabi/lib/thumb2\libc.a(lib_a-reallocr.o)
                                                  C:\CodeSourcery\Sourcery G++ Lite/arm-none-eabi/lib/thumb2\libc.a(lib_a-freer.o)
                                                  C:\CodeSourcery\Sourcery G++ Lite/arm-none-eabi/lib/thumb2\libc.a(lib_a-mallocr.o)
__mb_cur_max                                      C:\CodeSourcery\Sourcery G++ Lite/arm-none-eabi/lib/thumb2\libc.a(lib_a-locale.o)
__mcmp                                            C:\CodeSourcery\Sourcery G++ Lite/arm-none-eabi/lib/thumb2\libc.a(lib_a-mprec.o)
                                                  C:\CodeSourcery\Sourcery G++ Lite/arm-none-eabi/lib/thumb2\libc.a(lib_a-dtoa.o)
__mdiff                                           C:\CodeSourcery\Sourcery G++ Lite/arm-none-eabi/lib/thumb2\libc.a(lib_a-mprec.o)
                                                  C:\CodeSourcery\Sourcery G++ Lite/arm-none-eabi/lib/thumb2\libc.a(lib_a-dtoa.o)
__mlocale_changed                                 C:\CodeSourcery\Sourcery G++ Lite/arm-none-eabi/lib/thumb2\libc.a(lib_a-locale.o)
__mprec_bigtens                                   C:\CodeSourcery\Sourcery G++ Lite/arm-none-eabi/lib/thumb2\libc.a(lib_a-mprec.o)
                                                  C:\CodeSourcery\Sourcery G++ Lite/arm-none-eabi/lib/thumb2\libc.a(lib_a-dtoa.o)
__mprec_tens                                      C:\CodeSourcery\Sourcery G++ Lite/arm-none-eabi/lib/thumb2\libc.a(lib_a-mprec.o)
                                                  C:\CodeSourcery\Sourcery G++ Lite/arm-none-eabi/lib/thumb2\libc.a(lib_a-dtoa.o)
__mprec_tinytens                                  C:\CodeSourcery\Sourcery G++ Lite/arm-none-eabi/lib/thumb2\libc.a(lib_a-mprec.o)
__muldf3                                          C:\CodeSourcery\Sourcery G++ Lite/lib/gcc/arm-none-eabi/4.8.1/thumb2\libgcc.a(_arm_muldivdf3.o)
__multadd                                         C:\CodeSourcery\Sourcery G++ Lite/arm-none-eabi/lib/thumb2\libc.a(lib_a-mprec.o)
                                                  C:\CodeSourcery\Sourcery G++ Lite/arm-none-eabi/lib/thumb2\libc.a(lib_a-dtoa.o)
__multiply                                        C:\CodeSourcery\Sourcery G++ Lite/arm-none-eabi/lib/thumb2\libc.a(lib_a-mprec.o)
                                                  C:\CodeSourcery\Sourcery G++ Lite/arm-none-eabi/lib/thumb2\libc.a(lib_a-dtoa.o)
__nedf2                                           C:\CodeSourcery\Sourcery G++ Lite/lib/gcc/arm-none-eabi/4.8.1/thumb2\libgcc.a(_arm_cmpdf2.o)
__nlocale_changed                                 C:\CodeSourcery\Sourcery G++ Lite/arm-none-eabi/lib/thumb2\libc.a(lib_a-locale.o)
__pow5mult                                        C:\CodeSourcery\Sourcery G++ Lite/arm-none-eabi/lib/thumb2\libc.a(lib_a-mprec.o)
                                                  C:\CodeSourcery\Sourcery G++ Lite/arm-none-eabi/lib/thumb2\libc.a(lib_a-dtoa.o)
__ratio                                           C:\CodeSourcery\Sourcery G++ Lite/arm-none-eabi/lib/thumb2\libc.a(lib_a-mprec.o)
__s2b                                             C:\CodeSourcery\Sourcery G++ Lite/arm-none-eabi/lib/thumb2\libc.a(lib_a-mprec.o)
__set_BASEPRI                                     core_cm3.o
                                                  OS.o
__set_CONTROL                                     core_cm3.o
__set_FAULTMASK                                   core_cm3.o
__set_MSP                                         core_cm3.o
__set_PRIMASK                                     core_cm3.o
__set_PSP                                         core_cm3.o
__sf_fake_stderr                                  C:\CodeSourcery\Sourcery G++ Lite/arm-none-eabi/lib/thumb2\libc.a(lib_a-impure.o)
__sf_fake_stdin                                   C:\CodeSourcery\Sourcery G++ Lite/arm-none-eabi/lib/thumb2\libc.a(lib_a-impure.o)
__sf_fake_stdout                                  C:\CodeSourcery\Sourcery G++ Lite/arm-none-eabi/lib/thumb2\libc.a(lib_a-impure.o)
__ssprint_r                                       C:\CodeSourcery\Sourcery G++ Lite/arm-none-eabi/lib/thumb2\libc.a(lib_a-svfiprintf.o)
                                                  C:\CodeSourcery\Sourcery G++ Lite/arm-none-eabi/lib/thumb2\libc.a(lib_a-svfprintf.o)
__start                                           crt0.o
__subdf3                                          C:\CodeSourcery\Sourcery G++ Lite/lib/gcc/arm-none-eabi/4.8.1/thumb2\libgcc.a(_arm_addsubdf3.o)
__udivdi3                                         C:\CodeSourcery\Sourcery G++ Lite/lib/gcc/arm-none-eabi/4.8.1/thumb2\libgcc.a(_udivdi3.o)
                                                  C:\CodeSourcery\Sourcery G++ Lite/lib/gcc/arm-none-eabi/4.8.1/thumb2\libgcc.a(bpabi.o)
__udivsi3                                         C:\CodeSourcery\Sourcery G++ Lite/lib/gcc/arm-none-eabi/4.8.1/thumb2\libgcc.a(_udivsi3.o)
__ulp                                             C:\CodeSourcery\Sourcery G++ Lite/arm-none-eabi/lib/thumb2\libc.a(lib_a-mprec.o)
_calloc_r                                         C:\CodeSourcery\Sourcery G++ Lite/arm-none-eabi/lib/thumb2\libc.a(lib_a-callocr.o)
                                                  C:\CodeSourcery\Sourcery G++ Lite/arm-none-eabi/lib/thumb2\libc.a(lib_a-mprec.o)
_dtoa_r                                           C:\CodeSourcery\Sourcery G++ Lite/arm-none-eabi/lib/thumb2\libc.a(lib_a-dtoa.o)
                                                  C:\CodeSourcery\Sourcery G++ Lite/arm-none-eabi/lib/thumb2\libc.a(lib_a-svfprintf.o)
_free_r                                           C:\CodeSourcery\Sourcery G++ Lite/arm-none-eabi/lib/thumb2\libc.a(lib_a-freer.o)
                                                  C:\CodeSourcery\Sourcery G++ Lite/arm-none-eabi/lib/thumb2\libc.a(lib_a-reent.o)
                                                  C:\CodeSourcery\Sourcery G++ Lite/arm-none-eabi/lib/thumb2\libc.a(lib_a-reallocr.o)
                                                  C:\CodeSourcery\Sourcery G++ Lite/arm-none-eabi/lib/thumb2\libc.a(lib_a-svfiprintf.o)
                                                  C:\CodeSourcery\Sourcery G++ Lite/arm-none-eabi/lib/thumb2\libc.a(lib_a-mallocr.o)
                                                  C:\CodeSourcery\Sourcery G++ Lite/arm-none-eabi/lib/thumb2\libc.a(lib_a-malloc.o)
_global_impure_ptr                                C:\CodeSourcery\Sourcery G++ Lite/arm-none-eabi/lib/thumb2\libc.a(lib_a-impure.o)
_impure_ptr                                       C:\CodeSourcery\Sourcery G++ Lite/arm-none-eabi/lib/thumb2\libc.a(lib_a-impure.o)
                                                  C:\CodeSourcery\Sourcery G++ Lite/arm-none-eabi/lib/thumb2\libc.a(lib_a-reent.o)
                                                  C:\CodeSourcery\Sourcery G++ Lite/arm-none-eabi/lib/thumb2\libc.a(lib_a-malloc.o)
                                                  C:\CodeSourcery\Sourcery G++ Lite/arm-none-eabi/lib/thumb2\libc.a(lib_a-locale.o)
                                                  C:\CodeSourcery\Sourcery G++ Lite/arm-none-eabi/lib/thumb2\libc.a(lib_a-vsprintf.o)
_localeconv_r                                     C:\CodeSourcery\Sourcery G++ Lite/arm-none-eabi/lib/thumb2\libc.a(lib_a-locale.o)
                                                  C:\CodeSourcery\Sourcery G++ Lite/arm-none-eabi/lib/thumb2\libc.a(lib_a-svfprintf.o)
_malloc_r                                         C:\CodeSourcery\Sourcery G++ Lite/arm-none-eabi/lib/thumb2\libc.a(lib_a-mallocr.o)
                                                  C:\CodeSourcery\Sourcery G++ Lite/arm-none-eabi/lib/thumb2\libc.a(lib_a-reallocr.o)
                                                  C:\CodeSourcery\Sourcery G++ Lite/arm-none-eabi/lib/thumb2\libc.a(lib_a-callocr.o)
                                                  C:\CodeSourcery\Sourcery G++ Lite/arm-none-eabi/lib/thumb2\libc.a(lib_a-svfiprintf.o)
                                                  C:\CodeSourcery\Sourcery G++ Lite/arm-none-eabi/lib/thumb2\libc.a(lib_a-malloc.o)
                                                  C:\CodeSourcery\Sourcery G++ Lite/arm-none-eabi/lib/thumb2\libc.a(lib_a-svfprintf.o)
_malloc_trim_r                                    C:\CodeSourcery\Sourcery G++ Lite/arm-none-eabi/lib/thumb2\libc.a(lib_a-freer.o)
_mprec_log10                                      C:\CodeSourcery\Sourcery G++ Lite/arm-none-eabi/lib/thumb2\libc.a(lib_a-mprec.o)
_realloc_r                                        C:\CodeSourcery\Sourcery G++ Lite/arm-none-eabi/lib/thumb2\libc.a(lib_a-reallocr.o)
                                                  C:\CodeSourcery\Sourcery G++ Lite/arm-none-eabi/lib/thumb2\libc.a(lib_a-svfiprintf.o)
_reclaim_reent                                    C:\CodeSourcery\Sourcery G++ Lite/arm-none-eabi/lib/thumb2\libc.a(lib_a-reent.o)
_sbrk                                             runtime.o
                                                  C:\CodeSourcery\Sourcery G++ Lite/arm-none-eabi/lib/thumb2\libc.a(lib_a-sbrkr.o)
_sbrk_r                                           C:\CodeSourcery\Sourcery G++ Lite/arm-none-eabi/lib/thumb2\libc.a(lib_a-sbrkr.o)
                                                  C:\CodeSourcery\Sourcery G++ Lite/arm-none-eabi/lib/thumb2\libc.a(lib_a-freer.o)
                                                  C:\CodeSourcery\Sourcery G++ Lite/arm-none-eabi/lib/thumb2\libc.a(lib_a-mallocr.o)
_setlocale_r                                      C:\CodeSourcery\Sourcery G++ Lite/arm-none-eabi/lib/thumb2\libc.a(lib_a-locale.o)
_svfiprintf_r                                     C:\CodeSourcery\Sourcery G++ Lite/arm-none-eabi/lib/thumb2\libc.a(lib_a-svfiprintf.o)
_svfprintf_r                                      C:\CodeSourcery\Sourcery G++ Lite/arm-none-eabi/lib/thumb2\libc.a(lib_a-svfprintf.o)
                                                  C:\CodeSourcery\Sourcery G++ Lite/arm-none-eabi/lib/thumb2\libc.a(lib_a-vsprintf.o)
_vsprintf_r                                       C:\CodeSourcery\Sourcery G++ Lite/arm-none-eabi/lib/thumb2\libc.a(lib_a-vsprintf.o)
blocked_queue                                     OS.o
cleanup_glue                                      C:\CodeSourcery\Sourcery G++ Lite/arm-none-eabi/lib/thumb2\libc.a(lib_a-reent.o)
createQueue                                       queue.o
                                                  mutex.o
                                                  OS.o
current_tcb                                       OS.o
                                                  scheduler.o
                                                  mutex.o
default_delay                                     OS.o
dequeue                                           queue.o
                                                  mutex.o
                                                  OS.o
dummyParams                                       main.o
enqueue                                           queue.o
                                                  mutex.o
                                                  OS.o
errno                                             C:\CodeSourcery\Sourcery G++ Lite/arm-none-eabi/lib/thumb2\libc.a(lib_a-reent.o)
                                                  C:\CodeSourcery\Sourcery G++ Lite/arm-none-eabi/lib/thumb2\libc.a(lib_a-sbrkr.o)
free                                              C:\CodeSourcery\Sourcery G++ Lite/arm-none-eabi/lib/thumb2\libc.a(lib_a-malloc.o)
interrupt_period                                  OS.o
isEmpty                                           queue.o
                                                  mutex.o
                                                  OS.o
isFull                                            queue.o
key_value                                         stm32f10x_it.o
lcddev                                            lcd.o
localeconv                                        C:\CodeSourcery\Sourcery G++ Lite/arm-none-eabi/lib/thumb2\libc.a(lib_a-locale.o)
malloc                                            C:\CodeSourcery\Sourcery G++ Lite/arm-none-eabi/lib/thumb2\libc.a(lib_a-malloc.o)
                                                  C:\CodeSourcery\Sourcery G++ Lite/arm-none-eabi/lib/thumb2\libc.a(lib_a-mprec.o)
                                                  C:\CodeSourcery\Sourcery G++ Lite/arm-none-eabi/lib/thumb2\libc.a(lib_a-dtoa.o)
memchr                                            C:\CodeSourcery\Sourcery G++ Lite/arm-none-eabi/lib/thumb2\libc.a(lib_a-memchr-stub.o)
                                                  C:\CodeSourcery\Sourcery G++ Lite/arm-none-eabi/lib/thumb2\libc.a(lib_a-svfiprintf.o)
                                                  C:\CodeSourcery\Sourcery G++ Lite/arm-none-eabi/lib/thumb2\libc.a(lib_a-svfprintf.o)
memcpy                                            C:\CodeSourcery\Sourcery G++ Lite/arm-none-eabi/lib/thumb2\libc.a(lib_a-memcpy-stub.o)
                                                  C:\CodeSourcery\Sourcery G++ Lite/arm-none-eabi/lib/thumb2\libc.a(lib_a-svfiprintf.o)
                                                  C:\CodeSourcery\Sourcery G++ Lite/arm-none-eabi/lib/thumb2\libc.a(lib_a-mprec.o)
                                                  C:\CodeSourcery\Sourcery G++ Lite/arm-none-eabi/lib/thumb2\libc.a(lib_a-dtoa.o)
                                                  queue.o
memmove                                           C:\CodeSourcery\Sourcery G++ Lite/arm-none-eabi/lib/thumb2\libc.a(lib_a-memmove.o)
                                                  C:\CodeSourcery\Sourcery G++ Lite/arm-none-eabi/lib/thumb2\libc.a(lib_a-reallocr.o)
                                                  C:\CodeSourcery\Sourcery G++ Lite/arm-none-eabi/lib/thumb2\libc.a(lib_a-svfiprintf.o)
memset                                            C:\CodeSourcery\Sourcery G++ Lite/arm-none-eabi/lib/thumb2\libc.a(lib_a-memset.o)
                                                  C:\CodeSourcery\Sourcery G++ Lite/arm-none-eabi/lib/thumb2\libc.a(lib_a-callocr.o)
mutex_buffer                                      mutex.o
mutex_list                                        mutex.o
next_tcb                                          OS.o
os_mutex_id                                       OS.o
pq_compare_delay                                  priority_queue.o
                                                  OS.o
pq_compare_ready                                  priority_queue.o
                                                  mutex.o
                                                  OS.o
pq_heapify_down                                   priority_queue.o
pq_heapify_up                                     priority_queue.o
pq_init                                           priority_queue.o
                                                  OS.o
pq_pop                                            priority_queue.o
                                                  OS.o
pq_push                                           priority_queue.o
                                                  mutex.o
                                                  OS.o
pq_remove                                         priority_queue.o
                                                  OS.o
pq_swap                                           priority_queue.o
pq_top                                            priority_queue.o
                                                  OS.o
pq_update                                         priority_queue.o
                                                  mutex.o
queue_buffer                                      queue.o
queues                                            OS.o
ready_queue                                       OS.o
                                                  mutex.o
scheduler_flag                                    mutex.o
setlocale                                         C:\CodeSourcery\Sourcery G++ Lite/arm-none-eabi/lib/thumb2\libc.a(lib_a-locale.o)
stack                                             OS.o
strcmp                                            C:\CodeSourcery\Sourcery G++ Lite/arm-none-eabi/lib/thumb2\libc.a(lib_a-strcmp.o)
                                                  C:\CodeSourcery\Sourcery G++ Lite/arm-none-eabi/lib/thumb2\libc.a(lib_a-locale.o)
strlen                                            C:\CodeSourcery\Sourcery G++ Lite/arm-none-eabi/lib/thumb2\libc.a(lib_a-strlen.o)
                                                  C:\CodeSourcery\Sourcery G++ Lite/arm-none-eabi/lib/thumb2\libc.a(lib_a-svfiprintf.o)
                                                  C:\CodeSourcery\Sourcery G++ Lite/arm-none-eabi/lib/thumb2\libc.a(lib_a-svfprintf.o)
system_tick                                       OS.o
systick_flag                                      stm32f10x_it.o
tcb                                               OS.o
                                                  mutex.o
tim4_timeout                                      stm32f10x_it.o
uart_rx_buffer                                    stm32f10x_it.o
uart_rx_in                                        stm32f10x_it.o
uart_rx_index                                     stm32f10x_it.o
vsprintf                                          C:\CodeSourcery\Sourcery G++ Lite/arm-none-eabi/lib/thumb2\libc.a(lib_a-vsprintf.o)
                                                  uart.o